Component: ARM Compiler 5.06 update 4 (build 422) Tool: armlink [4d35d2]

==============================================================================

Section Cross References

    startup_stm32f10x_hd.o(RESET) refers to startup_stm32f10x_hd.o(STACK) for __initial_sp
    startup_stm32f10x_hd.o(RESET) refers to startup_stm32f10x_hd.o(.text) for Reset_Handler
    startup_stm32f10x_hd.o(RESET) refers to stm32f10x_it.o(i.NMI_Handler) for NMI_Handler
    startup_stm32f10x_hd.o(RESET) refers to stm32f10x_it.o(i.HardFault_Handler) for HardFault_Handler
    startup_stm32f10x_hd.o(RESET) refers to stm32f10x_it.o(i.MemManage_Handler) for MemManage_Handler
    startup_stm32f10x_hd.o(RESET) refers to stm32f10x_it.o(i.BusFault_Handler) for BusFault_Handler
    startup_stm32f10x_hd.o(RESET) refers to stm32f10x_it.o(i.UsageFault_Handler) for UsageFault_Handler
    startup_stm32f10x_hd.o(RESET) refers to stm32f10x_it.o(i.SVC_Handler) for SVC_Handler
    startup_stm32f10x_hd.o(RESET) refers to stm32f10x_it.o(i.DebugMon_Handler) for DebugMon_Handler
    startup_stm32f10x_hd.o(RESET) refers to stm32f10x_it.o(i.PendSV_Handler) for PendSV_Handler
    startup_stm32f10x_hd.o(RESET) refers to stm32f10x_it.o(i.SysTick_Handler) for SysTick_Handler
    startup_stm32f10x_hd.o(RESET) refers to stm32f10x_it.o(i.EXTI0_IRQHandler) for EXTI0_IRQHandler
    startup_stm32f10x_hd.o(RESET) refers to stm32f10x_it.o(i.TIM2_IRQHandler) for TIM2_IRQHandler
    startup_stm32f10x_hd.o(RESET) refers to stm32f10x_it.o(i.TIM3_IRQHandler) for TIM3_IRQHandler
    startup_stm32f10x_hd.o(RESET) refers to stm32f10x_it.o(i.TIM4_IRQHandler) for TIM4_IRQHandler
    startup_stm32f10x_hd.o(RESET) refers to stm32f10x_it.o(i.USART1_IRQHandler) for USART1_IRQHandler
    startup_stm32f10x_hd.o(RESET) refers to stm32f10x_it.o(i.USART2_IRQHandler) for USART2_IRQHandler
    startup_stm32f10x_hd.o(RESET) refers to stm32f10x_it.o(i.EXTI15_10_IRQHandler) for EXTI15_10_IRQHandler
    startup_stm32f10x_hd.o(RESET) refers to stm32f10x_it.o(i.TIM6_IRQHandler) for TIM6_IRQHandler
    startup_stm32f10x_hd.o(.text) refers to system_stm32f10x.o(i.SystemInit) for SystemInit
    startup_stm32f10x_hd.o(.text) refers to entry.o(.ARM.Collect$$$$00000000) for __main
    delay.o(i.delay_init) refers to misc.o(i.SysTick_CLKSourceConfig) for SysTick_CLKSourceConfig
    delay.o(i.delay_init) refers to system_stm32f10x.o(.data) for SystemCoreClock
    delay.o(i.delay_init) refers to delay.o(.data) for fac_us
    delay.o(i.delay_ms) refers to delay.o(.data) for fac_ms
    delay.o(i.delay_us) refers to delay.o(.data) for fac_us
    system_stm32f10x.o(i.SetSysClock) refers to system_stm32f10x.o(i.SetSysClockTo72) for SetSysClockTo72
    system_stm32f10x.o(i.SystemCoreClockUpdate) refers to system_stm32f10x.o(.data) for SystemCoreClock
    system_stm32f10x.o(i.SystemInit) refers to system_stm32f10x.o(i.SetSysClock) for SetSysClock
    stm32f10x_adc.o(i.ADC_DeInit) refers to stm32f10x_rcc.o(i.RCC_APB2PeriphResetCmd) for RCC_APB2PeriphResetCmd
    stm32f10x_bkp.o(i.BKP_DeInit) refers to stm32f10x_rcc.o(i.RCC_BackupResetCmd) for RCC_BackupResetCmd
    stm32f10x_can.o(i.CAN_DeInit) refers to stm32f10x_rcc.o(i.RCC_APB1PeriphResetCmd) for RCC_APB1PeriphResetCmd
    stm32f10x_can.o(i.CAN_GetITStatus) refers to stm32f10x_can.o(i.CheckITStatus) for CheckITStatus
    stm32f10x_cec.o(i.CEC_DeInit) refers to stm32f10x_rcc.o(i.RCC_APB1PeriphResetCmd) for RCC_APB1PeriphResetCmd
    stm32f10x_dac.o(i.DAC_DeInit) refers to stm32f10x_rcc.o(i.RCC_APB1PeriphResetCmd) for RCC_APB1PeriphResetCmd
    stm32f10x_flash.o(i.FLASH_EnableWriteProtection) refers to stm32f10x_flash.o(i.FLASH_WaitForLastOperation) for FLASH_WaitForLastOperation
    stm32f10x_flash.o(i.FLASH_EraseAllBank1Pages) refers to stm32f10x_flash.o(i.FLASH_WaitForLastBank1Operation) for FLASH_WaitForLastBank1Operation
    stm32f10x_flash.o(i.FLASH_EraseAllPages) refers to stm32f10x_flash.o(i.FLASH_WaitForLastOperation) for FLASH_WaitForLastOperation
    stm32f10x_flash.o(i.FLASH_EraseOptionBytes) refers to stm32f10x_flash.o(i.FLASH_GetReadOutProtectionStatus) for FLASH_GetReadOutProtectionStatus
    stm32f10x_flash.o(i.FLASH_EraseOptionBytes) refers to stm32f10x_flash.o(i.FLASH_WaitForLastOperation) for FLASH_WaitForLastOperation
    stm32f10x_flash.o(i.FLASH_ErasePage) refers to stm32f10x_flash.o(i.FLASH_WaitForLastOperation) for FLASH_WaitForLastOperation
    stm32f10x_flash.o(i.FLASH_ProgramHalfWord) refers to stm32f10x_flash.o(i.FLASH_WaitForLastOperation) for FLASH_WaitForLastOperation
    stm32f10x_flash.o(i.FLASH_ProgramOptionByteData) refers to stm32f10x_flash.o(i.FLASH_WaitForLastOperation) for FLASH_WaitForLastOperation
    stm32f10x_flash.o(i.FLASH_ProgramWord) refers to stm32f10x_flash.o(i.FLASH_WaitForLastOperation) for FLASH_WaitForLastOperation
    stm32f10x_flash.o(i.FLASH_ReadOutProtection) refers to stm32f10x_flash.o(i.FLASH_WaitForLastOperation) for FLASH_WaitForLastOperation
[...]
    i.HardFault_Handler                      0x08001088   Section        0  stm32f10x_it.o(i.HardFault_Handler)
    i.MPU6050_EXTI_NVIC_Config               0x0800108c   Section        0  mpu6050.o(i.MPU6050_EXTI_NVIC_Config)
    i.MPU6050_GPIO_Config                    0x080010ac   Section        0  mpu6050.o(i.MPU6050_GPIO_Config)
    MPU6050_GPIO_Config                      0x080010ad   Thumb Code    66  mpu6050.o(i.MPU6050_GPIO_Config)
    i.MPU_GPIO_MODESET                       0x080010f4   Section        0  mpuiic.o(i.MPU_GPIO_MODESET)
    i.MPU_Get_Gyroscope                      0x080011ac   Section        0  mpu6050.o(i.MPU_Get_Gyroscope)
    i.MPU_IIC_Ack                            0x080011fc   Section        0  mpuiic.o(i.MPU_IIC_Ack)
    i.MPU_IIC_Delay                          0x08001234   Section        0  mpuiic.o(i.MPU_IIC_Delay)
    i.MPU_IIC_Init                           0x08001240   Section        0  mpuiic.o(i.MPU_IIC_Init)
    i.MPU_IIC_NAck                           0x0800126c   Section        0  mpuiic.o(i.MPU_IIC_NAck)
    i.MPU_IIC_Read_Byte                      0x080012a4   Section        0  mpuiic.o(i.MPU_IIC_Read_Byte)
    i.MPU_IIC_Send_Byte                      0x080012fc   Section        0  mpuiic.o(i.MPU_IIC_Send_Byte)
    i.MPU_IIC_Start                          0x08001348   Section        0  mpuiic.o(i.MPU_IIC_Start)
    i.MPU_IIC_Stop                           0x08001380   Section        0  mpuiic.o(i.MPU_IIC_Stop)
    i.MPU_IIC_Wait_Ack                       0x080013b4   Section        0  mpuiic.o(i.MPU_IIC_Wait_Ack)
    i.MPU_Init                               0x08001404   Section        0  mpu6050.o(i.MPU_Init)
    i.MPU_Read_Byte                          0x0800148c   Section        0  mpu6050.o(i.MPU_Read_Byte)
    i.MPU_Read_Len                           0x080014c6   Section        0  mpu6050.o(i.MPU_Read_Len)
    i.MPU_Set_Accel_Fsr                      0x0800153a   Section        0  mpu6050.o(i.MPU_Set_Accel_Fsr)
    i.MPU_Set_Gyro_Fsr                       0x0800154a   Section        0  mpu6050.o(i.MPU_Set_Gyro_Fsr)
    i.MPU_Set_LPF                            0x0800155a   Section        0  mpu6050.o(i.MPU_Set_LPF)
    i.MPU_Set_Rate                           0x08001594   Section        0  mpu6050.o(i.MPU_Set_Rate)
    i.MPU_Write_Byte                         0x080015ce   Section        0  mpu6050.o(i.MPU_Write_Byte)
    i.MPU_Write_Len                          0x08001612   Section        0  mpu6050.o(i.MPU_Write_Len)
    i.MemManage_Handler                      0x08001672   Section        0  stm32f10x_it.o(i.MemManage_Handler)
    i.Motor_Init                             0x08001676   Section        0  pwm.o(i.Motor_Init)
    i.NMI_Handler                            0x08001686   Section        0  stm32f10x_it.o(i.NMI_Handler)
    i.NVIC_Config                            0x08001688   Section        0  nvic_config.o(i.NVIC_Config)
    i.NVIC_Init                              0x0800169c   Section        0  misc.o(i.NVIC_Init)
    i.NVIC_PriorityGroupConfig               0x0800170c   Section        0  misc.o(i.NVIC_PriorityGroupConfig)
    i.PendSV_Handler                         0x08001720   Section        0  stm32f10x_it.o(i.PendSV_Handler)
    i.Printf                                 0x08001724   Section        0  bsp_usart.o(i.Printf)
    i.RCC_APB1PeriphClockCmd                 0x0800178c   Section        0  stm32f10x_rcc.o(i.RCC_APB1PeriphClockCmd)
    i.RCC_APB2PeriphClockCmd                 0x080017ac   Section        0  stm32f10x_rcc.o(i.RCC_APB2PeriphClockCmd)
    i.RCC_GetClocksFreq                      0x080017cc   Section        0  stm32f10x_rcc.o(i.RCC_GetClocksFreq)
    i.Read_Encoder                           0x080018a0   Section        0  encoder.o(i.Read_Encoder)
    i.SVC_Handler                            0x08001904   Section        0  stm32f10x_it.o(i.SVC_Handler)
    i.SetSysClock                            0x08001906   Section        0  system_stm32f10x.o(i.SetSysClock)
    SetSysClock                              0x08001907   Thumb Code     8  system_stm32f10x.o(i.SetSysClock)
    i.SetSysClockTo72                        0x08001910   Section        0  system_stm32f10x.o(i.SetSysClockTo72)
    SetSysClockTo72                          0x08001911   Thumb Code   214  system_stm32f10x.o(i.SetSysClockTo72)
    i.SysTick_CLKSourceConfig                0x080019f0   Section        0  misc.o(i.SysTick_CLKSourceConfig)
    i.SysTick_Handler                        0x08001a18   Section        0  stm32f10x_it.o(i.SysTick_Handler)
    i.SystemInit                             0x08001a1c   Section        0  system_stm32f10x.o(i.SystemInit)
    i.TB6612_Init                            0x08001a7c   Section        0  pwm.o(i.TB6612_Init)
    TB6612_Init                              0x08001a7d   Thumb Code    64  pwm.o(i.TB6612_Init)
    i.TI1_Config                             0x08001ac8   Section        0  stm32f10x_tim.o(i.TI1_Config)
    TI1_Config                               0x08001ac9   Thumb Code   108  stm32f10x_tim.o(i.TI1_Config)
    i.TI2_Config                             0x08001b48   Section        0  stm32f10x_tim.o(i.TI2_Config)
    TI2_Config                               0x08001b49   Thumb Code   130  stm32f10x_tim.o(i.TI2_Config)
    i.TI3_Config                             0x08001be0   Section        0  stm32f10x_tim.o(i.TI3_Config)
    TI3_Config                               0x08001be1   Thumb Code   122  stm32f10x_tim.o(i.TI3_Config)
    i.TI4_Config                             0x08001c70   Section        0  stm32f10x_tim.o(i.TI4_Config)
    TI4_Config                               0x08001c71   Thumb Code   130  stm32f10x_tim.o(i.TI4_Config)
    i.TIM1_GPIO_Configuration                0x08001d08   Section        0  pwm.o(i.TIM1_GPIO_Configuration)
    TIM1_GPIO_Configuration                  0x08001d09   Thumb Code    64  pwm.o(i.TIM1_GPIO_Configuration)
    i.TIM1_PWM_Init                          0x08001d4c   Section        0  pwm.o(i.TIM1_PWM_Init)
    TIM1_PWM_Init                            0x08001d4d   Thumb Code   132  pwm.o(i.TIM1_PWM_Init)
    i.TIM2_IRQHandler                        0x08001dd4   Section        0  stm32f10x_it.o(i.TIM2_IRQHandler)
    i.TIM3_IRQHandler                        0x08001dec   Section        0  stm32f10x_it.o(i.TIM3_IRQHandler)
    i.TIM4_IRQHandler                        0x08001e08   Section        0  stm32f10x_it.o(i.TIM4_IRQHandler)
    i.TIM6_IRQHandler                        0x08001e24   Section        0  stm32f10x_it.o(i.TIM6_IRQHandler)
    i.TIM_ARRPreloadConfig                   0x08001e40   Section        0  stm32f10x_tim.o(i.TIM_ARRPreloadConfig)
    i.TIM_ClearFlag                          0x08001e58   Section        0  stm32f10x_tim.o(i.TIM_ClearFlag)
    i.TIM_ClearITPendingBit                  0x08001e5e   Section        0  stm32f10x_tim.o(i.TIM_ClearITPendingBit)
    i.TIM_Cmd                                0x08001e64   Section        0  stm32f10x_tim.o(i.TIM_Cmd)
    i.TIM_CtrlPWMOutputs                     0x08001e7c   Section        0  stm32f10x_tim.o(i.TIM_CtrlPWMOutputs)
    i.TIM_EncoderInterfaceConfig             0x08001e9a   Section        0  stm32f10x_tim.o(i.TIM_EncoderInterfaceConfig)
    i.TIM_GetITStatus                        0x08001edc   Section        0  stm32f10x_tim.o(i.TIM_GetITStatus)
    i.TIM_ICInit                             0x08001f00   Section        0  stm32f10x_tim.o(i.TIM_ICInit)
    i.TIM_ICStructInit                       0x08001fac   Section        0  stm32f10x_tim.o(i.TIM_ICStructInit)
    i.TIM_ITConfig                           0x08001fbe   Section        0  stm32f10x_tim.o(i.TIM_ITConfig)
    i.TIM_OC1Init                            0x08001fd0   Section        0  stm32f10x_tim.o(i.TIM_OC1Init)
    i.TIM_OC1PreloadConfig                   0x08002068   Section        0  stm32f10x_tim.o(i.TIM_OC1PreloadConfig)
    i.TIM_OC4Init                            0x0800207c   Section        0  stm32f10x_tim.o(i.TIM_OC4Init)
    i.TIM_OC4PreloadConfig                   0x080020f8   Section        0  stm32f10x_tim.o(i.TIM_OC4PreloadConfig)
    i.TIM_SetCounter                         0x08002112   Section        0  stm32f10x_tim.o(i.TIM_SetCounter)
    i.TIM_SetIC1Prescaler                    0x08002116   Section        0  stm32f10x_tim.o(i.TIM_SetIC1Prescaler)
    i.TIM_SetIC2Prescaler                    0x08002128   Section        0  stm32f10x_tim.o(i.TIM_SetIC2Prescaler)
    i.TIM_SetIC3Prescaler                    0x08002142   Section        0  stm32f10x_tim.o(i.TIM_SetIC3Prescaler)
    i.TIM_SetIC4Prescaler                    0x08002154   Section        0  stm32f10x_tim.o(i.TIM_SetIC4Prescaler)
    i.TIM_TimeBaseInit                       0x08002170   Section        0  stm32f10x_tim.o(i.TIM_TimeBaseInit)
    i.TIM_TimeBaseStructInit                 0x08002214   Section        0  stm32f10x_tim.o(i.TIM_TimeBaseStructInit)
    i.Timer_Config                           0x08002226   Section        0  timer.o(i.Timer_Config)
    Timer_Config                             0x08002227   Thumb Code    90  timer.o(i.Timer_Config)
    i.Timer_GPIO_Configuration               0x08002280   Section        0  timer.o(i.Timer_GPIO_Configuration)
    Timer_GPIO_Configuration                 0x08002281   Thumb Code     2  timer.o(i.Timer_GPIO_Configuration)
    i.Timer_Init                             0x08002282   Section        0  timer.o(i.Timer_Init)
    i.Timer_NVIC_Configuration               0x0800228e   Section        0  timer.o(i.Timer_NVIC_Configuration)
    i.USART1_IRQHandler                      0x080022b0   Section        0  stm32f10x_it.o(i.USART1_IRQHandler)
    i.USART2_IRQHandler                      0x08002304   Section        0  stm32f10x_it.o(i.USART2_IRQHandler)
    i.USART_ClearFlag                        0x0800233c   Section        0  stm32f10x_usart.o(i.USART_ClearFlag)
    i.USART_ClearITPendingBit                0x0800234e   Section        0  stm32f10x_usart.o(i.USART_ClearITPendingBit)
    i.USART_Cmd                              0x0800236c   Section        0  stm32f10x_usart.o(i.USART_Cmd)
    i.USART_Config                           0x08002384   Section        0  bsp_usart.o(i.USART_Config)
    i.USART_GetFlagStatus                    0x08002474   Section        0  stm32f10x_usart.o(i.USART_GetFlagStatus)
    i.USART_GetITStatus                      0x0800248e   Section        0  stm32f10x_usart.o(i.USART_GetITStatus)
    i.USART_ITConfig                         0x080024e2   Section        0  stm32f10x_usart.o(i.USART_ITConfig)
    i.USART_Init                             0x0800252c   Section        0  stm32f10x_usart.o(i.USART_Init)
    i.USART_NVIC_Configuration               0x08002604   Section        0  bsp_usart.o(i.USART_NVIC_Configuration)
    i.USART_ReceiveData                      0x08002638   Section        0  stm32f10x_usart.o(i.USART_ReceiveData)
    i.USART_SendData                         0x08002642   Section        0  stm32f10x_usart.o(i.USART_SendData)
    i.UltraConfig                            0x0800264a   Section        0  ultra.o(i.UltraConfig)
    i.Ultra_EXIT_Config                      0x08002656   Section        0  ultra.o(i.Ultra_EXIT_Config)
    Ultra_EXIT_Config                        0x08002657   Thumb Code    50  ultra.o(i.Ultra_EXIT_Config)
    i.Ultra_EXIT_Service                     0x08002688   Section        0  ultra.o(i.Ultra_EXIT_Service)
    i.Ultra_EXTI_NVIC_Config                 0x080026ec   Section        0  ultra.o(i.Ultra_EXTI_NVIC_Config)
    i.Ultra_GPIO_Config                      0x0800270c   Section        0  ultra.o(i.Ultra_GPIO_Config)
    Ultra_GPIO_Config                        0x0800270d   Thumb Code    84  ultra.o(i.Ultra_GPIO_Config)
    i.UsageFault_Handler                     0x08002768   Section        0  stm32f10x_it.o(i.UsageFault_Handler)
    i.__0printf                              0x0800276c   Section        0  printfa.o(i.__0printf)
    i.__0vsnprintf                           0x0800278c   Section        0  printfa.o(i.__0vsnprintf)
    i.__ARM_fpclassify                       0x080027b8   Section        0  fpclassify.o(i.__ARM_fpclassify)
    i.__kernel_poly                          0x080027e0   Section        0  poly.o(i.__kernel_poly)
    i.__mathlib_dbl_infnan                   0x0800288a   Section        0  dunder.o(i.__mathlib_dbl_infnan)
    i.__mathlib_dbl_infnan2                  0x08002890   Section        0  dunder.o(i.__mathlib_dbl_infnan2)
    i.__mathlib_dbl_invalid                  0x08002894   Section        0  dunder.o(i.__mathlib_dbl_invalid)
    i.__mathlib_dbl_underflow                0x080028a0   Section        0  dunder.o(i.__mathlib_dbl_underflow)
    i.__scatterload_copy                     0x080028b0   Section       14  handlers.o(i.__scatterload_copy)
    i.__scatterload_null                     0x080028be   Section        2  handlers.o(i.__scatterload_null)
    i.__scatterload_zeroinit                 0x080028c0   Section       14  handlers.o(i.__scatterload_zeroinit)
    i.__set_errno                            0x080028d0   Section        0  errno.o(i.__set_errno)
    i._fp_digits                             0x080028dc   Section        0  printfa.o(i._fp_digits)
    _fp_digits                               0x080028dd   Thumb Code   366  printfa.o(i._fp_digits)
    i._printf_core                           0x08002a60   Section        0  printfa.o(i._printf_core)
    _printf_core                             0x08002a61   Thumb Code  1744  printfa.o(i._printf_core)
    i._printf_post_padding                   0x0800313c   Section        0  printfa.o(i._printf_post_padding)
    _printf_post_padding                     0x0800313d   Thumb Code    36  printfa.o(i._printf_post_padding)
    i._printf_pre_padding                    0x08003160   Section        0  printfa.o(i._printf_pre_padding)
    _printf_pre_padding                      0x08003161   Thumb Code    46  printfa.o(i._printf_pre_padding)
    i._snputc                                0x0800318e   Section        0  printfa.o(i._snputc)
    _snputc                                  0x0800318f   Thumb Code    22  printfa.o(i._snputc)
    i.accel_self_test                        0x080031a4   Section        0  inv_mpu.o(i.accel_self_test)
    accel_self_test                          0x080031a5   Thumb Code   164  inv_mpu.o(i.accel_self_test)
    i.asin                                   0x0800324c   Section        0  asin.o(i.asin)
    i.atan                                   0x080034bc   Section        0  atan.o(i.atan)
    i.atan2                                  0x080036dc   Section        0  atan2.o(i.atan2)
    i.decode_gesture                         0x0800385c   Section        0  inv_mpu_dmp_motion_driver.o(i.decode_gesture)
    decode_gesture                           0x0800385d   Thumb Code    94  inv_mpu_dmp_motion_driver.o(i.decode_gesture)
    i.delay_init                             0x080038c0   Section        0  delay.o(i.delay_init)
    i.delay_ms                               0x08003904   Section        0  delay.o(i.delay_ms)
    i.delay_us                               0x08003950   Section        0  delay.o(i.delay_us)
    i.dmp_enable_6x_lp_quat                  0x0800399c   Section        0  inv_mpu_dmp_motion_driver.o(i.dmp_enable_6x_lp_quat)
    i.dmp_enable_feature                     0x080039d8   Section        0  inv_mpu_dmp_motion_driver.o(i.dmp_enable_feature)
    i.dmp_enable_gyro_cal                    0x08003bf4   Section        0  inv_mpu_dmp_motion_driver.o(i.dmp_enable_gyro_cal)
    i.dmp_enable_lp_quat                     0x08003c4c   Section        0  inv_mpu_dmp_motion_driver.o(i.dmp_enable_lp_quat)
    i.dmp_load_motion_driver_firmware        0x08003c88   Section        0  inv_mpu_dmp_motion_driver.o(i.dmp_load_motion_driver_firmware)
    i.dmp_read_fifo                          0x08003ca0   Section        0  inv_mpu_dmp_motion_driver.o(i.dmp_read_fifo)
    i.dmp_set_accel_bias                     0x08003e6c   Section        0  inv_mpu_dmp_motion_driver.o(i.dmp_set_accel_bias)
    i.dmp_set_fifo_rate                      0x08003f9c   Section        0  inv_mpu_dmp_motion_driver.o(i.dmp_set_fifo_rate)
    i.dmp_set_gyro_bias                      0x0800400c   Section        0  inv_mpu_dmp_motion_driver.o(i.dmp_set_gyro_bias)
    i.dmp_set_orientation                    0x0800413c   Section        0  inv_mpu_dmp_motion_driver.o(i.dmp_set_orientation)
    i.dmp_set_shake_reject_thresh            0x08004274   Section        0  inv_mpu_dmp_motion_driver.o(i.dmp_set_shake_reject_thresh)
    i.dmp_set_shake_reject_time              0x080042ac   Section        0  inv_mpu_dmp_motion_driver.o(i.dmp_set_shake_reject_time)
    i.dmp_set_shake_reject_timeout           0x080042d2   Section        0  inv_mpu_dmp_motion_driver.o(i.dmp_set_shake_reject_timeout)
    i.dmp_set_tap_axes                       0x080042f8   Section        0  inv_mpu_dmp_motion_driver.o(i.dmp_set_tap_axes)
    i.dmp_set_tap_count                      0x0800433e   Section        0  inv_mpu_dmp_motion_driver.o(i.dmp_set_tap_count)
    i.dmp_set_tap_thresh                     0x08004364   Section        0  inv_mpu_dmp_motion_driver.o(i.dmp_set_tap_thresh)
    i.dmp_set_tap_time                       0x08004504   Section        0  inv_mpu_dmp_motion_driver.o(i.dmp_set_tap_time)
    i.dmp_set_tap_time_multi                 0x0800452a   Section        0  inv_mpu_dmp_motion_driver.o(i.dmp_set_tap_time_multi)
    i.fputc                                  0x08004550   Section        0  bsp_usart.o(i.fputc)
    i.get_accel_prod_shift                   0x080045a4   Section        0  inv_mpu.o(i.get_accel_prod_shift)
    get_accel_prod_shift                     0x080045a5   Thumb Code   168  inv_mpu.o(i.get_accel_prod_shift)
    i.get_st_biases                          0x08004658   Section        0  inv_mpu.o(i.get_st_biases)
    get_st_biases                            0x08004659   Thumb Code  1132  inv_mpu.o(i.get_st_biases)
    i.gyro_self_test                         0x08004ac8   Section        0  inv_mpu.o(i.gyro_self_test)
    gyro_self_test                           0x08004ac9   Thumb Code   256  inv_mpu.o(i.gyro_self_test)
    i.inv_orientation_matrix_to_scalar       0x08004bd8   Section        0  inv_mpu.o(i.inv_orientation_matrix_to_scalar)
    i.inv_row_2_scale                        0x08004c00   Section        0  inv_mpu.o(i.inv_row_2_scale)
    i.main                                   0x08004c50   Section        0  main.o(i.main)
    i.mget_ms                                0x08004c9c   Section        0  inv_mpu.o(i.mget_ms)
    i.mpu_configure_fifo                     0x08004ca0   Section        0  inv_mpu.o(i.mpu_configure_fifo)
    i.mpu_dmp_get_data                       0x08004d10   Section        0  inv_mpu.o(i.mpu_dmp_get_data)
    i.mpu_dmp_init                           0x08004f34   Section        0  inv_mpu.o(i.mpu_dmp_init)
    i.mpu_get_accel_fsr                      0x08004fcc   Section        0  inv_mpu.o(i.mpu_get_accel_fsr)
    i.mpu_get_accel_sens                     0x08005018   Section        0  inv_mpu.o(i.mpu_get_accel_sens)
    i.mpu_get_fifo_config                    0x0800506c   Section        0  inv_mpu.o(i.mpu_get_fifo_config)
    i.mpu_get_gyro_fsr                       0x0800507c   Section        0  inv_mpu.o(i.mpu_get_gyro_fsr)
    i.mpu_get_gyro_sens                      0x080050c0   Section        0  inv_mpu.o(i.mpu_get_gyro_sens)
    i.mpu_get_lpf                            0x08005110   Section        0  inv_mpu.o(i.mpu_get_lpf)
    i.mpu_get_sample_rate                    0x08005160   Section        0  inv_mpu.o(i.mpu_get_sample_rate)
    i.mpu_init                               0x08005180   Section        0  inv_mpu.o(i.mpu_init)
    i.mpu_load_firmware                      0x08005370   Section        0  inv_mpu.o(i.mpu_load_firmware)
    i.mpu_lp_accel_mode                      0x08005428   Section        0  inv_mpu.o(i.mpu_lp_accel_mode)
    i.mpu_read_fifo_stream                   0x08005508   Section        0  inv_mpu.o(i.mpu_read_fifo_stream)
    i.mpu_read_mem                           0x080055c8   Section        0  inv_mpu.o(i.mpu_read_mem)
    i.mpu_reset_fifo                         0x08005648   Section        0  inv_mpu.o(i.mpu_reset_fifo)
    i.mpu_run_self_test                      0x08005810   Section        0  inv_mpu.o(i.mpu_run_self_test)
    i.mpu_set_accel_fsr                      0x0800592c   Section        0  inv_mpu.o(i.mpu_set_accel_fsr)
    i.mpu_set_bypass                         0x080059b0   Section        0  inv_mpu.o(i.mpu_set_bypass)
    i.mpu_set_dmp_state                      0x08005afc   Section        0  inv_mpu.o(i.mpu_set_dmp_state)
    i.mpu_set_gyro_fsr                       0x08005b8c   Section        0  inv_mpu.o(i.mpu_set_gyro_fsr)
    i.mpu_set_int_latched                    0x08005c14   Section        0  inv_mpu.o(i.mpu_set_int_latched)
    i.mpu_set_lpf                            0x08005c80   Section        0  inv_mpu.o(i.mpu_set_lpf)
    i.mpu_set_sample_rate                    0x08005d04   Section        0  inv_mpu.o(i.mpu_set_sample_rate)
    i.mpu_set_sensors                        0x08005da0   Section        0  inv_mpu.o(i.mpu_set_sensors)
    i.mpu_write_mem                          0x08005e70   Section        0  inv_mpu.o(i.mpu_write_mem)
    i.run_self_test                          0x08005ef0   Section        0  inv_mpu.o(i.run_self_test)
    i.set_int_enable                         0x08005f84   Section        0  inv_mpu.o(i.set_int_enable)
    set_int_enable                           0x08005f85   Thumb Code   138  inv_mpu.o(i.set_int_enable)
    i.sqrt                                   0x08006014   Section        0  sqrt.o(i.sqrt)
    .constdata                               0x08006060   Section       80  inv_mpu.o(.constdata)
    .constdata                               0x080060b0   Section     3062  inv_mpu_dmp_motion_driver.o(.constdata)
    dmp_memory                               0x080060b0   Data        3062  inv_mpu_dmp_motion_driver.o(.constdata)
    .constdata                               0x08006ca8   Section       80  asin.o(.constdata)
    pS                                       0x08006ca8   Data          48  asin.o(.constdata)
    qS                                       0x08006cd8   Data          32  asin.o(.constdata)
    .constdata                               0x08006cf8   Section      152  atan.o(.constdata)
    atanhi                                   0x08006cf8   Data          32  atan.o(.constdata)
    atanlo                                   0x08006d18   Data          32  atan.o(.constdata)
    aTodd                                    0x08006d38   Data          40  atan.o(.constdata)
    aTeven                                   0x08006d60   Data          48  atan.o(.constdata)
    .constdata                               0x08006d90   Section        8  qnan.o(.constdata)
    .conststring                             0x08006d98   Section       77  inv_mpu.o(.conststring)
    .data                                    0x20000000   Section        4  delay.o(.data)
    fac_us                                   0x20000000   Data           1  delay.o(.data)
    fac_ms                                   0x20000002   Data           2  delay.o(.data)
    .data                                    0x20000004   Section       20  system_stm32f10x.o(.data)
    .data                                    0x20000018   Section       20  stm32f10x_rcc.o(.data)
    APBAHBPrescTable                         0x20000018   Data          16  stm32f10x_rcc.o(.data)
    ADCPrescTable                            0x20000028   Data           4  stm32f10x_rcc.o(.data)
    .data                                    0x2000002c   Section       18  main.o(.data)
    .data                                    0x20000040   Section       10  stm32f10x_it.o(.data)
    Gyroy_error                              0x20000040   Data           2  stm32f10x_it.o(.data)
    Mechanical_angle                         0x20000044   Data           4  stm32f10x_it.o(.data)
    PIDONCEFLAG                              0x20000048   Data           1  stm32f10x_it.o(.data)
    ultra_delay                              0x20000049   Data           1  stm32f10x_it.o(.data)
    .data                                    0x2000004a   Section        1  bsp_usart.o(.data)
    BSP_USART_FLAG                           0x2000004a   Data           1  bsp_usart.o(.data)
    .data                                    0x2000004c   Section       34  blue_teeth.o(.data)
    count                                    0x2000006a   Data           2  blue_teeth.o(.data)
    buff_count                               0x2000006c   Data           2  blue_teeth.o(.data)
    .data                                    0x20000070   Section       53  inv_mpu.o(.data)
    st                                       0x20000070   Data          44  inv_mpu.o(.data)
    gyro_orientation                         0x2000009c   Data           9  inv_mpu.o(.data)
    .data                                    0x200000a8   Section        4  stdout.o(.data)
    .data                                    0x200000ac   Section        4  errno.o(.data)
    _errno                                   0x200000ac   Data           4  errno.o(.data)
    .bss                                     0x200000b0   Section       79  blue_teeth.o(.bss)
    buff                                     0x200000d7   Data          40  blue_teeth.o(.bss)
    .bss                                     0x20000100   Section       16  inv_mpu_dmp_motion_driver.o(.bss)
    dmp                                      0x20000100   Data          16  inv_mpu_dmp_motion_driver.o(.bss)
    STACK                                    0x20000110   Section     1024  startup_stm32f10x_hd.o(STACK)

    Global Symbols

    Symbol Name                              Value     Ov Type        Size  Object(Section)

    BuildAttributes$$THM_ISAv4$P$D$K$B$S$PE$A:L22UL41UL21$X:L11$S22US41US21$IEEE1$IW$USESV6$~STKCKD$USESV7$~SHL$OTIME$ROPI$IEEEX$EBA8$MICROLIB$REQ8$PRES8$EABIv2 0x00000000   Number         0  anon$$obj.o ABSOLUTE
    __ARM_use_no_argv                        0x00000000   Number         0  main.o ABSOLUTE
    _printf_a                                0x00000000   Number         0  stubs.o ABSOLUTE
    _printf_c                                0x00000000   Number         0  stubs.o ABSOLUTE
    _printf_charcount                        0x00000000   Number         0  stubs.o ABSOLUTE
    _printf_d                                0x00000000   Number         0  stubs.o ABSOLUTE
    _printf_e                                0x00000000   Number         0  stubs.o ABSOLUTE
    _printf_f                                0x00000000   Number         0  stubs.o ABSOLUTE
    _printf_flags                            0x00000000   Number         0  stubs.o ABSOLUTE
    _printf_fp_dec                           0x00000000   Number         0  stubs.o ABSOLUTE
    _printf_fp_hex                           0x00000000   Number         0  stubs.o ABSOLUTE
    _printf_g                                0x00000000   Number         0  stubs.o ABSOLUTE
    _printf_i                                0x00000000   Number         0  stubs.o ABSOLUTE
    _printf_int_dec                          0x00000000   Number         0  stubs.o ABSOLUTE
    _printf_l                                0x00000000   Number         0  stubs.o ABSOLUTE
    _printf_lc                               0x00000000   Number         0  stubs.o ABSOLUTE
    _printf_ll                               0x00000000   Number         0  stubs.o ABSOLUTE
    _printf_lld                              0x00000000   Number         0  stubs.o ABSOLUTE
    _printf_lli                              0x00000000   Number         0  stubs.o ABSOLUTE
    _printf_llo                              0x00000000   Number         0  stubs.o ABSOLUTE
    _printf_llu                              0x00000000   Number         0  stubs.o ABSOLUTE
    _printf_llx                              0x00000000   Number         0  stubs.o ABSOLUTE
    _printf_longlong_dec                     0x00000000   Number         0  stubs.o ABSOLUTE
    _printf_longlong_hex                     0x00000000   Number         0  stubs.o ABSOLUTE
    _printf_longlong_oct                     0x00000000   Number         0  stubs.o ABSOLUTE
    _printf_ls                               0x00000000   Number         0  stubs.o ABSOLUTE
    _printf_mbtowc                           0x00000000   Number         0  stubs.o ABSOLUTE
    _printf_n                                0x00000000   Number         0  stubs.o ABSOLUTE
    _printf_o                                0x00000000   Number         0  stubs.o ABSOLUTE
    _printf_p                                0x00000000   Number         0  stubs.o ABSOLUTE
    _printf_percent                          0x00000000   Number         0  stubs.o ABSOLUTE
    _printf_pre_padding                      0x00000000   Number         0  stubs.o ABSOLUTE
    _printf_return_value                     0x00000000   Number         0  stubs.o ABSOLUTE
    _printf_s                                0x00000000   Number         0  stubs.o ABSOLUTE
    _printf_sizespec                         0x00000000   Number         0  stubs.o ABSOLUTE
    _printf_str                              0x00000000   Number         0  stubs.o ABSOLUTE
    _printf_truncate_signed                  0x00000000   Number         0  stubs.o ABSOLUTE
    _printf_truncate_unsigned                0x00000000   Number         0  stubs.o ABSOLUTE
    _printf_u                                0x00000000   Number         0  stubs.o ABSOLUTE
    _printf_wc                               0x00000000   Number         0  stubs.o ABSOLUTE
    _printf_wctomb                           0x00000000   Number         0  stubs.o ABSOLUTE
    _printf_widthprec                        0x00000000   Number         0  stubs.o ABSOLUTE
    _printf_x                                0x00000000   Number         0  stubs.o ABSOLUTE
    __cpp_initialize__aeabi_                  - Undefined Weak Reference
    __cxa_finalize                            - Undefined Weak Reference
    __decompress                              - Undefined Weak Reference
    _clock_init                               - Undefined Weak Reference
    _microlib_exit                            - Undefined Weak Reference
    __Vectors_Size                           0x00000130   Number         0  startup_stm32f10x_hd.o ABSOLUTE
    __Vectors                                0x08000000   Data           4  startup_stm32f10x_hd.o(RESET)
    __Vectors_End                            0x08000130   Data           0  startup_stm32f10x_hd.o(RESET)
    __main                                   0x08000131   Thumb Code     0  entry.o(.ARM.Collect$$$$00000000)
    _main_stk                                0x08000131   Thumb Code     0  entry2.o(.ARM.Collect$$$$00000001)
    _main_scatterload                        0x08000135   Thumb Code     0  entry5.o(.ARM.Collect$$$$00000004)
    __main_after_scatterload                 0x08000139   Thumb Code     0  entry5.o(.ARM.Collect$$$$00000004)
    _main_clock                              0x08000139   Thumb Code     0  entry7b.o(.ARM.Collect$$$$00000008)
    _main_cpp_init                           0x08000139   Thumb Code     0  entry8b.o(.ARM.Collect$$$$0000000A)
    _main_init                               0x08000139   Thumb Code     0  entry9a.o(.ARM.Collect$$$$0000000B)
    __rt_final_cpp                           0x08000141   Thumb Code     0  entry10a.o(.ARM.Collect$$$$0000000D)
    __rt_final_exit                          0x08000141   Thumb Code     0  entry11a.o(.ARM.Collect$$$$0000000F)
    Reset_Handler                            0x08000145   Thumb Code     8  startup_stm32f10x_hd.o(.text)
    ADC1_2_IRQHandler                        0x0800015f   Thumb Code     0  startup_stm32f10x_hd.o(.text)
    ADC3_IRQHandler                          0x0800015f   Thumb Code     0  startup_stm32f10x_hd.o(.text)
    CAN1_RX1_IRQHandler                      0x0800015f   Thumb Code     0  startup_stm32f10x_hd.o(.text)
    CAN1_SCE_IRQHandler                      0x0800015f   Thumb Code     0  startup_stm32f10x_hd.o(.text)
    DMA1_Channel1_IRQHandler                 0x0800015f   Thumb Code     0  startup_stm32f10x_hd.o(.text)
    DMA1_Channel2_IRQHandler                 0x0800015f   Thumb Code     0  startup_stm32f10x_hd.o(.text)
    DMA1_Channel3_IRQHandler                 0x0800015f   Thumb Code     0  startup_stm32f10x_hd.o(.text)
    DMA1_Channel4_IRQHandler                 0x0800015f   Thumb Code     0  startup_stm32f10x_hd.o(.text)
    DMA1_Channel5_IRQHandler                 0x0800015f   Thumb Code     0  startup_stm32f10x_hd.o(.text)
    DMA1_Channel6_IRQHandler                 0x0800015f   Thumb Code     0  startup_stm32f10x_hd.o(.text)
    DMA1_Channel7_IRQHandler                 0x0800015f   Thumb Code     0  startup_stm32f10x_hd.o(.text)
    DMA2_Channel1_IRQHandler                 0x0800015f   Thumb Code     0  startup_stm32f10x_hd.o(.text)
    DMA2_Channel2_IRQHandler                 0x0800015f   Thumb Code     0  startup_stm32f10x_hd.o(.text)
    DMA2_Channel3_IRQHandler                 0x0800015f   Thumb Code     0  startup_stm32f10x_hd.o(.text)
    DMA2_Channel4_5_IRQHandler               0x0800015f   Thumb Code     0  startup_stm32f10x_hd.o(.text)
    EXTI1_IRQHandler                         0x0800015f   Thumb Code     0  startup_stm32f10x_hd.o(.text)
    EXTI2_IRQHandler                         0x0800015f   Thumb Code     0  startup_stm32f10x_hd.o(.text)
    EXTI3_IRQHandler                         0x0800015f   Thumb Code     0  startup_stm32f10x_hd.o(.text)
    EXTI4_IRQHandler                         0x0800015f   Thumb Code     0  startup_stm32f10x_hd.o(.text)
    EXTI9_5_IRQHandler                       0x0800015f   Thumb Code     0  startup_stm32f10x_hd.o(.text)
    FLASH_IRQHandler                         0x0800015f   Thumb Code     0  startup_stm32f10x_hd.o(.text)
    FSMC_IRQHandler                          0x0800015f   Thumb Code     0  startup_stm32f10x_hd.o(.text)
    I2C1_ER_IRQHandler                       0x0800015f   Thumb Code     0  startup_stm32f10x_hd.o(.text)
    I2C1_EV_IRQHandler                       0x0800015f   Thumb Code     0  startup_stm32f10x_hd.o(.text)
    I2C2_ER_IRQHandler                       0x0800015f   Thumb Code     0  startup_stm32f10x_hd.o(.text)
    I2C2_EV_IRQHandler                       0x0800015f   Thumb Code     0  startup_stm32f10x_hd.o(.text)
    PVD_IRQHandler                           0x0800015f   Thumb Code     0  startup_stm32f10x_hd.o(.text)
    RCC_IRQHandler                           0x0800015f   Thumb Code     0  startup_stm32f10x_hd.o(.text)
    RTCAlarm_IRQHandler                      0x0800015f   Thumb Code     0  startup_stm32f10x_hd.o(.text)
    RTC_IRQHandler                           0x0800015f   Thumb Code     0  startup_stm32f10x_hd.o(.text)
    SDIO_IRQHandler                          0x0800015f   Thumb Code     0  startup_stm32f10x_hd.o(.text)
    SPI1_IRQHandler                          0x0800015f   Thumb Code     0  startup_stm32f10x_hd.o(.text)
    SPI2_IRQHandler                          0x0800015f   Thumb Code     0  startup_stm32f10x_hd.o(.text)
    SPI3_IRQHandler                          0x0800015f   Thumb Code     0  startup_stm32f10x_hd.o(.text)
    TAMPER_IRQHandler                        0x0800015f   Thumb Code     0  startup_stm32f10x_hd.o(.text)
    TIM1_BRK_IRQHandler                      0x0800015f   Thumb Code     0  startup_stm32f10x_hd.o(.text)
    TIM1_CC_IRQHandler                       0x0800015f   Thumb Code     0  startup_stm32f10x_hd.o(.text)
    TIM1_TRG_COM_IRQHandler                  0x0800015f   Thumb Code     0  startup_stm32f10x_hd.o(.text)
    TIM1_UP_IRQHandler                       0x0800015f   Thumb Code     0  startup_stm32f10x_hd.o(.text)
    TIM5_IRQHandler                          0x0800015f   Thumb Code     0  startup_stm32f10x_hd.o(.text)
    TIM7_IRQHandler                          0x0800015f   Thumb Code     0  startup_stm32f10x_hd.o(.text)
    TIM8_BRK_IRQHandler                      0x0800015f   Thumb Code     0  startup_stm32f10x_hd.o(.text)
    TIM8_CC_IRQHandler                       0x0800015f   Thumb Code     0  startup_stm32f10x_hd.o(.text)
    TIM8_TRG_COM_IRQHandler                  0x0800015f   Thumb Code     0  startup_stm32f10x_hd.o(.text)
    TIM8_UP_IRQHandler                       0x0800015f   Thumb Code     0  startup_stm32f10x_hd.o(.text)
    UART4_IRQHandler                         0x0800015f   Thumb Code     0  startup_stm32f10x_hd.o(.text)
    UART5_IRQHandler                         0x0800015f   Thumb Code     0  startup_stm32f10x_hd.o(.text)
    USART3_IRQHandler                        0x0800015f   Thumb Code     0  startup_stm32f10x_hd.o(.text)
    USBWakeUp_IRQHandler                     0x0800015f   Thumb Code     0  startup_stm32f10x_hd.o(.text)
    USB_HP_CAN1_TX_IRQHandler                0x0800015f   Thumb Code     0  startup_stm32f10x_hd.o(.text)
    USB_LP_CAN1_RX0_IRQHandler               0x0800015f   Thumb Code     0  startup_stm32f10x_hd.o(.text)
    WWDG_IRQHandler                          0x0800015f   Thumb Code     0  startup_stm32f10x_hd.o(.text)
    __aeabi_ldivmod                          0x08000169   Thumb Code    98  ldiv.o(.text)
    __aeabi_memset                           0x080001cb   Thumb Code    14  memseta.o(.text)
    __aeabi_memset4                          0x080001cb   Thumb Code     0  memseta.o(.text)
    __aeabi_memset8                          0x080001cb   Thumb Code     0  memseta.o(.text)
    __aeabi_memclr                           0x080001d9   Thumb Code     4  memseta.o(.text)
    __aeabi_memclr4                          0x080001d9   Thumb Code     0  memseta.o(.text)
    __aeabi_memclr8                          0x080001d9   Thumb Code     0  memseta.o(.text)
    _memset$wrapper                          0x080001dd   Thumb Code    18  memseta.o(.text)
    memcmp                                   0x080001ef   Thumb Code    26  memcmp.o(.text)
    __aeabi_fadd                             0x08000209   Thumb Code   164  fadd.o(.text)
    __aeabi_fsub                             0x080002ad   Thumb Code     6  fadd.o(.text)
    __aeabi_frsub                            0x080002b3   Thumb Code     6  fadd.o(.text)
    __aeabi_fmul                             0x080002b9   Thumb Code   100  fmul.o(.text)
    __aeabi_fdiv                             0x0800031d   Thumb Code   124  fdiv.o(.text)
    __aeabi_dadd                             0x08000399   Thumb Code   322  dadd.o(.text)
    __aeabi_dsub                             0x080004db   Thumb Code     6  dadd.o(.text)
    __aeabi_drsub                            0x080004e1   Thumb Code     6  dadd.o(.text)
    __aeabi_dmul                             0x080004e7   Thumb Code   228  dmul.o(.text)
    __aeabi_ddiv                             0x080005cb   Thumb Code   222  ddiv.o(.text)
    __aeabi_i2f                              0x080006a9   Thumb Code    18  fflti.o(.text)
    __aeabi_ui2f                             0x080006bb   Thumb Code    10  ffltui.o(.text)
    __aeabi_f2iz                             0x080006c5   Thumb Code    50  ffixi.o(.text)
    __aeabi_f2uiz                            0x080006f7   Thumb Code    40  ffixui.o(.text)
    __aeabi_f2d                              0x0800071f   Thumb Code    38  f2d.o(.text)
    __aeabi_d2f                              0x08000745   Thumb Code    56  d2f.o(.text)
    __aeabi_cfcmpeq                          0x0800077d   Thumb Code     0  cfcmple.o(.text)
    __aeabi_cfcmple                          0x0800077d   Thumb Code    20  cfcmple.o(.text)
    __aeabi_cfrcmple                         0x08000791   Thumb Code    20  cfrcmple.o(.text)
    __aeabi_uidiv                            0x080007a5   Thumb Code     0  uidiv.o(.text)
    __aeabi_uidivmod                         0x080007a5   Thumb Code    44  uidiv.o(.text)
    __aeabi_uldivmod                         0x080007d1   Thumb Code    98  uldiv.o(.text)
    __aeabi_llsl                             0x08000833   Thumb Code    30  llshl.o(.text)
    _ll_shift_l                              0x08000833   Thumb Code     0  llshl.o(.text)
    __aeabi_lasr                             0x08000851   Thumb Code    36  llsshr.o(.text)
    _ll_sshift_r                             0x08000851   Thumb Code     0  llsshr.o(.text)
    __I$use$fp                               0x08000875   Thumb Code     0  iusefp.o(.text)
    _float_round                             0x08000875   Thumb Code    18  fepilogue.o(.text)
    _float_epilogue                          0x08000887   Thumb Code    92  fepilogue.o(.text)
    _double_round                            0x080008e3   Thumb Code    30  depilogue.o(.text)
    _double_epilogue                         0x08000901   Thumb Code   156  depilogue.o(.text)
    __ARM_scalbn                             0x0800099d   Thumb Code    46  dscalb.o(.text)
    scalbn                                   0x0800099d   Thumb Code     0  dscalb.o(.text)
    __aeabi_d2ulz                            0x080009cb   Thumb Code    48  dfixul.o(.text)
    __aeabi_cdrcmple                         0x080009fd   Thumb Code    48  cdrcmple.o(.text)
    __scatterload                            0x08000a2d   Thumb Code    28  init.o(.text)
    __scatterload_rt2                        0x08000a2d   Thumb Code     0  init.o(.text)
    __aeabi_llsr                             0x08000a51   Thumb Code    32  llushr.o(.text)
    _ll_ushift_r                             0x08000a51   Thumb Code     0  llushr.o(.text)
    _dsqrt                                   0x08000a71   Thumb Code   162  dsqrt.o(.text)
    BusFault_Handler                         0x08000b13   Thumb Code     4  stm32f10x_it.o(i.BusFault_Handler)
    DebugMon_Handler                         0x08000b17   Thumb Code     2  stm32f10x_it.o(i.DebugMon_Handler)
    EXTI0_IRQHandler                         0x08000b49   Thumb Code   158  stm32f10x_it.o(i.EXTI0_IRQHandler)
    EXTI15_10_IRQHandler                     0x08000c19   Thumb Code    26  stm32f10x_it.o(i.EXTI15_10_IRQHandler)
    EXTI_ClearITPendingBit                   0x08000c35   Thumb Code     6  stm32f10x_exti.o(i.EXTI_ClearITPendingBit)
    EXTI_GetITStatus                         0x08000c41   Thumb Code    34  stm32f10x_exti.o(i.EXTI_GetITStatus)
    EXTI_Init                                0x08000c69   Thumb Code   142  stm32f10x_exti.o(i.EXTI_Init)
    Encoder_Init                             0x08000e59   Thumb Code    16  encoder.o(i.Encoder_Init)
    GPIO_EXTILineConfig                      0x08000ea1   Thumb Code    60  stm32f10x_gpio.o(i.GPIO_EXTILineConfig)
    GPIO_Init                                0x08000ee1   Thumb Code   278  stm32f10x_gpio.o(i.GPIO_Init)
    GPIO_PinRemapConfig                      0x08000ff9   Thumb Code   138  stm32f10x_gpio.o(i.GPIO_PinRemapConfig)
    HardFault_Handler                        0x08001089   Thumb Code     4  stm32f10x_it.o(i.HardFault_Handler)
    MPU6050_EXTI_NVIC_Config                 0x0800108d   Thumb Code    32  mpu6050.o(i.MPU6050_EXTI_NVIC_Config)
    MPU_GPIO_MODESET                         0x080010f5   Thumb Code   178  mpuiic.o(i.MPU_GPIO_MODESET)
    MPU_Get_Gyroscope                        0x080011ad   Thumb Code    80  mpu6050.o(i.MPU_Get_Gyroscope)
    MPU_IIC_Ack                              0x080011fd   Thumb Code    48  mpuiic.o(i.MPU_IIC_Ack)
    MPU_IIC_Delay                            0x08001235   Thumb Code    10  mpuiic.o(i.MPU_IIC_Delay)
    MPU_IIC_Init                             0x08001241   Thumb Code    40  mpuiic.o(i.MPU_IIC_Init)
    MPU_IIC_NAck                             0x0800126d   Thumb Code    48  mpuiic.o(i.MPU_IIC_NAck)
    MPU_IIC_Read_Byte                        0x080012a5   Thumb Code    80  mpuiic.o(i.MPU_IIC_Read_Byte)
    MPU_IIC_Send_Byte                        0x080012fd   Thumb Code    66  mpuiic.o(i.MPU_IIC_Send_Byte)
    MPU_IIC_Start                            0x08001349   Thumb Code    46  mpuiic.o(i.MPU_IIC_Start)
    MPU_IIC_Stop                             0x08001381   Thumb Code    44  mpuiic.o(i.MPU_IIC_Stop)
    MPU_IIC_Wait_Ack                         0x080013b5   Thumb Code    72  mpuiic.o(i.MPU_IIC_Wait_Ack)
    MPU_Init                                 0x08001405   Thumb Code   132  mpu6050.o(i.MPU_Init)
    MPU_Read_Byte                            0x0800148d   Thumb Code    58  mpu6050.o(i.MPU_Read_Byte)
    MPU_Read_Len                             0x080014c7   Thumb Code   116  mpu6050.o(i.MPU_Read_Len)
    MPU_Set_Accel_Fsr                        0x0800153b   Thumb Code    16  mpu6050.o(i.MPU_Set_Accel_Fsr)
    MPU_Set_Gyro_Fsr                         0x0800154b   Thumb Code    16  mpu6050.o(i.MPU_Set_Gyro_Fsr)
    MPU_Set_LPF                              0x0800155b   Thumb Code    58  mpu6050.o(i.MPU_Set_LPF)
    MPU_Set_Rate                             0x08001595   Thumb Code    58  mpu6050.o(i.MPU_Set_Rate)
    MPU_Write_Byte                           0x080015cf   Thumb Code    68  mpu6050.o(i.MPU_Write_Byte)
    MPU_Write_Len                            0x08001613   Thumb Code    96  mpu6050.o(i.MPU_Write_Len)
    MemManage_Handler                        0x08001673   Thumb Code     4  stm32f10x_it.o(i.MemManage_Handler)
    Motor_Init                               0x08001677   Thumb Code    16  pwm.o(i.Motor_Init)
    NMI_Handler                              0x08001687   Thumb Code     2  stm32f10x_it.o(i.NMI_Handler)
    NVIC_Config                              0x08001689   Thumb Code    20  nvic_config.o(i.NVIC_Config)
    NVIC_Init                                0x0800169d   Thumb Code   100  misc.o(i.NVIC_Init)
    NVIC_PriorityGroupConfig                 0x0800170d   Thumb Code    10  misc.o(i.NVIC_PriorityGroupConfig)
    PendSV_Handler                           0x08001721   Thumb Code     2  stm32f10x_it.o(i.PendSV_Handler)
    Printf                                   0x08001725   Thumb Code    88  bsp_usart.o(i.Printf)
    RCC_APB1PeriphClockCmd                   0x0800178d   Thumb Code    26  stm32f10x_rcc.o(i.RCC_APB1PeriphClockCmd)
    RCC_APB2PeriphClockCmd                   0x080017ad   Thumb Code    26  stm32f10x_rcc.o(i.RCC_APB2PeriphClockCmd)
    RCC_GetClocksFreq                        0x080017cd   Thumb Code   192  stm32f10x_rcc.o(i.RCC_GetClocksFreq)
    Read_Encoder                             0x080018a1   Thumb Code    88  encoder.o(i.Read_Encoder)
    SVC_Handler                              0x08001905   Thumb Code     2  stm32f10x_it.o(i.SVC_Handler)
    SysTick_CLKSourceConfig                  0x080019f1   Thumb Code    40  misc.o(i.SysTick_CLKSourceConfig)
    SysTick_Handler                          0x08001a19   Thumb Code     2  stm32f10x_it.o(i.SysTick_Handler)
    SystemInit                               0x08001a1d   Thumb Code    78  system_stm32f10x.o(i.SystemInit)
    TIM2_IRQHandler                          0x08001dd5   Thumb Code    22  stm32f10x_it.o(i.TIM2_IRQHandler)
    TIM3_IRQHandler                          0x08001ded   Thumb Code    22  stm32f10x_it.o(i.TIM3_IRQHandler)
    TIM4_IRQHandler                          0x08001e09   Thumb Code    22  stm32f10x_it.o(i.TIM4_IRQHandler)
    TIM6_IRQHandler                          0x08001e25   Thumb Code    22  stm32f10x_it.o(i.TIM6_IRQHandler)
    TIM_ARRPreloadConfig                     0x08001e41   Thumb Code    24  stm32f10x_tim.o(i.TIM_ARRPreloadConfig)
    TIM_ClearFlag                            0x08001e59   Thumb Code     6  stm32f10x_tim.o(i.TIM_ClearFlag)
    TIM_ClearITPendingBit                    0x08001e5f   Thumb Code     6  stm32f10x_tim.o(i.TIM_ClearITPendingBit)
    TIM_Cmd                                  0x08001e65   Thumb Code    24  stm32f10x_tim.o(i.TIM_Cmd)
    TIM_CtrlPWMOutputs                       0x08001e7d   Thumb Code    30  stm32f10x_tim.o(i.TIM_CtrlPWMOutputs)
    TIM_EncoderInterfaceConfig               0x08001e9b   Thumb Code    66  stm32f10x_tim.o(i.TIM_EncoderInterfaceConfig)
    TIM_GetITStatus                          0x08001edd   Thumb Code    34  stm32f10x_tim.o(i.TIM_GetITStatus)
    TIM_ICInit                               0x08001f01   Thumb Code   150  stm32f10x_tim.o(i.TIM_ICInit)
    TIM_ICStructInit                         0x08001fad   Thumb Code    18  stm32f10x_tim.o(i.TIM_ICStructInit)
    TIM_ITConfig                             0x08001fbf   Thumb Code    18  stm32f10x_tim.o(i.TIM_ITConfig)
    TIM_OC1Init                              0x08001fd1   Thumb Code   132  stm32f10x_tim.o(i.TIM_OC1Init)
    TIM_OC1PreloadConfig                     0x08002069   Thumb Code    18  stm32f10x_tim.o(i.TIM_OC1PreloadConfig)
    TIM_OC4Init                              0x0800207d   Thumb Code   114  stm32f10x_tim.o(i.TIM_OC4Init)
    TIM_OC4PreloadConfig                     0x080020f9   Thumb Code    26  stm32f10x_tim.o(i.TIM_OC4PreloadConfig)
    TIM_SetCounter                           0x08002113   Thumb Code     4  stm32f10x_tim.o(i.TIM_SetCounter)
    TIM_SetIC1Prescaler                      0x08002117   Thumb Code    18  stm32f10x_tim.o(i.TIM_SetIC1Prescaler)
    TIM_SetIC2Prescaler                      0x08002129   Thumb Code    26  stm32f10x_tim.o(i.TIM_SetIC2Prescaler)
    TIM_SetIC3Prescaler                      0x08002143   Thumb Code    18  stm32f10x_tim.o(i.TIM_SetIC3Prescaler)
    TIM_SetIC4Prescaler                      0x08002155   Thumb Code    26  stm32f10x_tim.o(i.TIM_SetIC4Prescaler)
    TIM_TimeBaseInit                         0x08002171   Thumb Code   122  stm32f10x_tim.o(i.TIM_TimeBaseInit)
    TIM_TimeBaseStructInit                   0x08002215   Thumb Code    18  stm32f10x_tim.o(i.TIM_TimeBaseStructInit)
    Timer_Init                               0x08002283   Thumb Code    12  timer.o(i.Timer_Init)
    Timer_NVIC_Configuration                 0x0800228f   Thumb Code    34  timer.o(i.Timer_NVIC_Configuration)
    USART1_IRQHandler                        0x080022b1   Thumb Code    66  stm32f10x_it.o(i.USART1_IRQHandler)
    USART2_IRQHandler                        0x08002305   Thumb Code    50  stm32f10x_it.o(i.USART2_IRQHandler)
    USART_ClearFlag                          0x0800233d   Thumb Code    18  stm32f10x_usart.o(i.USART_ClearFlag)
    USART_ClearITPendingBit                  0x0800234f   Thumb Code    30  stm32f10x_usart.o(i.USART_ClearITPendingBit)
    USART_Cmd                                0x0800236d   Thumb Code    24  stm32f10x_usart.o(i.USART_Cmd)
    USART_Config                             0x08002385   Thumb Code   226  bsp_usart.o(i.USART_Config)
    USART_GetFlagStatus                      0x08002475   Thumb Code    26  stm32f10x_usart.o(i.USART_GetFlagStatus)
    USART_GetITStatus                        0x0800248f   Thumb Code    84  stm32f10x_usart.o(i.USART_GetITStatus)
    USART_ITConfig                           0x080024e3   Thumb Code    74  stm32f10x_usart.o(i.USART_ITConfig)
    USART_Init                               0x0800252d   Thumb Code   210  stm32f10x_usart.o(i.USART_Init)
    USART_NVIC_Configuration                 0x08002605   Thumb Code    52  bsp_usart.o(i.USART_NVIC_Configuration)
    USART_ReceiveData                        0x08002639   Thumb Code    10  stm32f10x_usart.o(i.USART_ReceiveData)
    USART_SendData                           0x08002643   Thumb Code     8  stm32f10x_usart.o(i.USART_SendData)
    UltraConfig                              0x0800264b   Thumb Code    12  ultra.o(i.UltraConfig)
    Ultra_EXIT_Service                       0x08002689   Thumb Code    82  ultra.o(i.Ultra_EXIT_Service)
    Ultra_EXTI_NVIC_Config                   0x080026ed   Thumb Code    30  ultra.o(i.Ultra_EXTI_NVIC_Config)
    UsageFault_Handler                       0x08002769   Thumb Code     4  stm32f10x_it.o(i.UsageFault_Handler)
    __0printf                                0x0800276d   Thumb Code    22  printfa.o(i.__0printf)
    __1printf                                0x0800276d   Thumb Code     0  printfa.o(i.__0printf)
    __2printf                                0x0800276d   Thumb Code     0  printfa.o(i.__0printf)
    __c89printf                              0x0800276d   Thumb Code     0  printfa.o(i.__0printf)
    printf                                   0x0800276d   Thumb Code     0  printfa.o(i.__0printf)
    __0vsnprintf                             0x0800278d   Thumb Code    40  printfa.o(i.__0vsnprintf)
    __1vsnprintf                             0x0800278d   Thumb Code     0  printfa.o(i.__0vsnprintf)
    __2vsnprintf                             0x0800278d   Thumb Code     0  printfa.o(i.__0vsnprintf)
    __c89vsnprintf                           0x0800278d   Thumb Code     0  printfa.o(i.__0vsnprintf)
    vsnprintf                                0x0800278d   Thumb Code     0  printfa.o(i.__0vsnprintf)
    __ARM_fpclassify                         0x080027b9   Thumb Code    40  fpclassify.o(i.__ARM_fpclassify)
    __kernel_poly                            0x080027e1   Thumb Code   170  poly.o(i.__kernel_poly)
    __mathlib_dbl_infnan                     0x0800288b   Thumb Code     6  dunder.o(i.__mathlib_dbl_infnan)
    __mathlib_dbl_infnan2                    0x08002891   Thumb Code     4  dunder.o(i.__mathlib_dbl_infnan2)
    __mathlib_dbl_invalid                    0x08002895   Thumb Code    12  dunder.o(i.__mathlib_dbl_invalid)
    __mathlib_dbl_underflow                  0x080028a1   Thumb Code    10  dunder.o(i.__mathlib_dbl_underflow)
    __scatterload_copy                       0x080028b1   Thumb Code    14  handlers.o(i.__scatterload_copy)
    __scatterload_null                       0x080028bf   Thumb Code     2  handlers.o(i.__scatterload_null)
    __scatterload_zeroinit                   0x080028c1   Thumb Code    14  handlers.o(i.__scatterload_zeroinit)
    __set_errno                              0x080028d1   Thumb Code     6  errno.o(i.__set_errno)
    asin                                     0x0800324d   Thumb Code   572  asin.o(i.asin)
    atan                                     0x080034bd   Thumb Code   474  atan.o(i.atan)
    atan2                                    0x080036dd   Thumb Code   346  atan2.o(i.atan2)
    delay_init                               0x080038c1   Thumb Code    50  delay.o(i.delay_init)
    delay_ms                                 0x08003905   Thumb Code    72  delay.o(i.delay_ms)
    delay_us                                 0x08003951   Thumb Code    72  delay.o(i.delay_us)
    dmp_enable_6x_lp_quat                    0x0800399d   Thumb Code    60  inv_mpu_dmp_motion_driver.o(i.dmp_enable_6x_lp_quat)
    dmp_enable_feature                       0x080039d9   Thumb Code   530  inv_mpu_dmp_motion_driver.o(i.dmp_enable_feature)
    dmp_enable_gyro_cal                      0x08003bf5   Thumb Code    62  inv_mpu_dmp_motion_driver.o(i.dmp_enable_gyro_cal)
    dmp_enable_lp_quat                       0x08003c4d   Thumb Code    60  inv_mpu_dmp_motion_driver.o(i.dmp_enable_lp_quat)
    dmp_load_motion_driver_firmware          0x08003c89   Thumb Code    20  inv_mpu_dmp_motion_driver.o(i.dmp_load_motion_driver_firmware)
    dmp_read_fifo                            0x08003ca1   Thumb Code   456  inv_mpu_dmp_motion_driver.o(i.dmp_read_fifo)
    dmp_set_accel_bias                       0x08003e6d   Thumb Code   300  inv_mpu_dmp_motion_driver.o(i.dmp_set_accel_bias)
    dmp_set_fifo_rate                        0x08003f9d   Thumb Code    96  inv_mpu_dmp_motion_driver.o(i.dmp_set_fifo_rate)
    dmp_set_gyro_bias                        0x0800400d   Thumb Code   294  inv_mpu_dmp_motion_driver.o(i.dmp_set_gyro_bias)
    dmp_set_orientation                      0x0800413d   Thumb Code   290  inv_mpu_dmp_motion_driver.o(i.dmp_set_orientation)
    dmp_set_shake_reject_thresh              0x08004275   Thumb Code    56  inv_mpu_dmp_motion_driver.o(i.dmp_set_shake_reject_thresh)
    dmp_set_shake_reject_time                0x080042ad   Thumb Code    38  inv_mpu_dmp_motion_driver.o(i.dmp_set_shake_reject_time)
    dmp_set_shake_reject_timeout             0x080042d3   Thumb Code    38  inv_mpu_dmp_motion_driver.o(i.dmp_set_shake_reject_timeout)
    dmp_set_tap_axes                         0x080042f9   Thumb Code    70  inv_mpu_dmp_motion_driver.o(i.dmp_set_tap_axes)
    dmp_set_tap_count                        0x0800433f   Thumb Code    38  inv_mpu_dmp_motion_driver.o(i.dmp_set_tap_count)
    dmp_set_tap_thresh                       0x08004365   Thumb Code   396  inv_mpu_dmp_motion_driver.o(i.dmp_set_tap_thresh)
    dmp_set_tap_time                         0x08004505   Thumb Code    38  inv_mpu_dmp_motion_driver.o(i.dmp_set_tap_time)
    dmp_set_tap_time_multi                   0x0800452b   Thumb Code    38  inv_mpu_dmp_motion_driver.o(i.dmp_set_tap_time_multi)
    fputc                                    0x08004551   Thumb Code    72  bsp_usart.o(i.fputc)
    inv_orientation_matrix_to_scalar         0x08004bd9   Thumb Code    40  inv_mpu.o(i.inv_orientation_matrix_to_scalar)
    inv_row_2_scale                          0x08004c01   Thumb Code    78  inv_mpu.o(i.inv_row_2_scale)
    main                                     0x08004c51   Thumb Code    72  main.o(i.main)
    mget_ms                                  0x08004c9d   Thumb Code     2  inv_mpu.o(i.mget_ms)
    mpu_configure_fifo                       0x08004ca1   Thumb Code   106  inv_mpu.o(i.mpu_configure_fifo)
    mpu_dmp_get_data                         0x08004d11   Thumb Code   544  inv_mpu.o(i.mpu_dmp_get_data)
    mpu_dmp_init                             0x08004f35   Thumb Code   148  inv_mpu.o(i.mpu_dmp_init)
    mpu_get_accel_fsr                        0x08004fcd   Thumb Code    72  inv_mpu.o(i.mpu_get_accel_fsr)
    mpu_get_accel_sens                       0x08005019   Thumb Code    78  inv_mpu.o(i.mpu_get_accel_sens)
    mpu_get_fifo_config                      0x0800506d   Thumb Code    12  inv_mpu.o(i.mpu_get_fifo_config)
    mpu_get_gyro_fsr                         0x0800507d   Thumb Code    64  inv_mpu.o(i.mpu_get_gyro_fsr)
    mpu_get_gyro_sens                        0x080050c1   Thumb Code    58  inv_mpu.o(i.mpu_get_gyro_sens)
    mpu_get_lpf                              0x08005111   Thumb Code    74  inv_mpu.o(i.mpu_get_lpf)
    mpu_get_sample_rate                      0x08005161   Thumb Code    26  inv_mpu.o(i.mpu_get_sample_rate)
    mpu_init                                 0x08005181   Thumb Code   416  inv_mpu.o(i.mpu_init)
    mpu_load_firmware                        0x08005371   Thumb Code   180  inv_mpu.o(i.mpu_load_firmware)
    mpu_lp_accel_mode                        0x08005429   Thumb Code   218  inv_mpu.o(i.mpu_lp_accel_mode)
    mpu_read_fifo_stream                     0x08005509   Thumb Code   186  inv_mpu.o(i.mpu_read_fifo_stream)
    mpu_read_mem                             0x080055c9   Thumb Code   122  inv_mpu.o(i.mpu_read_mem)
    mpu_reset_fifo                           0x08005649   Thumb Code   450  inv_mpu.o(i.mpu_reset_fifo)
    mpu_run_self_test                        0x08005811   Thumb Code   278  inv_mpu.o(i.mpu_run_self_test)
    mpu_set_accel_fsr                        0x0800592d   Thumb Code   126  inv_mpu.o(i.mpu_set_accel_fsr)
    mpu_set_bypass                           0x080059b1   Thumb Code   328  inv_mpu.o(i.mpu_set_bypass)
    mpu_set_dmp_state                        0x08005afd   Thumb Code   138  inv_mpu.o(i.mpu_set_dmp_state)
    mpu_set_gyro_fsr                         0x08005b8d   Thumb Code   132  inv_mpu.o(i.mpu_set_gyro_fsr)
    mpu_set_int_latched                      0x08005c15   Thumb Code   102  inv_mpu.o(i.mpu_set_int_latched)
    mpu_set_lpf                              0x08005c81   Thumb Code   126  inv_mpu.o(i.mpu_set_lpf)
    mpu_set_sample_rate                      0x08005d05   Thumb Code   152  inv_mpu.o(i.mpu_set_sample_rate)
    mpu_set_sensors                          0x08005da1   Thumb Code   202  inv_mpu.o(i.mpu_set_sensors)
    mpu_write_mem                            0x08005e71   Thumb Code   122  inv_mpu.o(i.mpu_write_mem)
    run_self_test                            0x08005ef1   Thumb Code   148  inv_mpu.o(i.run_self_test)
    sqrt                                     0x08006015   Thumb Code    76  sqrt.o(i.sqrt)
    reg                                      0x08006060   Data          27  inv_mpu.o(.constdata)
    hw                                       0x0800607c   Data          12  inv_mpu.o(.constdata)
    test                                     0x08006088   Data          40  inv_mpu.o(.constdata)
    __mathlib_zero                           0x08006d90   Data           8  qnan.o(.constdata)
    Region$$Table$$Base                      0x08006de8   Number         0  anon$$obj.o(Region$$Table)
    Region$$Table$$Limit                     0x08006e08   Number         0  anon$$obj.o(Region$$Table)
    SystemCoreClock                          0x20000004   Data           4  system_stm32f10x.o(.data)
    AHBPrescTable                            0x20000008   Data          16  system_stm32f10x.o(.data)
    pitch                                    0x2000002c   Data           4  main.o(.data)
    roll                                     0x20000030   Data           4  main.o(.data)
    yaw                                      0x20000034   Data           4  main.o(.data)
    gyrox                                    0x20000038   Data           2  main.o(.data)
    gyroy                                    0x2000003a   Data           2  main.o(.data)
    gyroz                                    0x2000003c   Data           2  main.o(.data)
    BLUE_RXCONPLETED                         0x2000004c   Data           1  blue_teeth.o(.data)
    User_Data                                0x2000004d   Data          28  blue_teeth.o(.data)
    __stdout                                 0x200000a8   Data           4  stdout.o(.data)
    TDY_data                                 0x200000b0   Data          39  blue_teeth.o(.bss)
    __initial_sp                             0x20000510   Data           0  startup_stm32f10x_hd.o(STACK)



==============================================================================

Memory Map of the image

  Image Entry point : 0x08000131

  Load Region LR_IROM1 (Base: 0x08000000, Size: 0x00006eb8, Max: 0x00010000, ABSOLUTE)

    Execution Region ER_IROM1 (Base: 0x08000000, Size: 0x00006e08, Max: 0x00010000, ABSOLUTE)

    Base Addr    Size         Type   Attr      Idx    E Section Name        Object

    0x08000000   0x00000130   Data   RO            3    RESET               startup_stm32f10x_hd.o
    0x08000130   0x00000000   Code   RO         4585  * .ARM.Collect$$$$00000000  mc_w.l(entry.o)
    0x08000130   0x00000004   Code   RO         4931    .ARM.Collect$$$$00000001  mc_w.l(entry2.o)
    0x08000134   0x00000004   Code   RO         4934    .ARM.Collect$$$$00000004  mc_w.l(entry5.o)
    0x08000138   0x00000000   Code   RO         4936    .ARM.Collect$$$$00000008  mc_w.l(entry7b.o)
    0x08000138   0x00000000   Code   RO         4938    .ARM.Collect$$$$0000000A  mc_w.l(entry8b.o)
    0x08000138   0x00000008   Code   RO         4939    .ARM.Collect$$$$0000000B  mc_w.l(entry9a.o)
    0x08000140   0x00000000   Code   RO         4941    .ARM.Collect$$$$0000000D  mc_w.l(entry10a.o)
    0x08000140   0x00000000   Code   RO         4943    .ARM.Collect$$$$0000000F  mc_w.l(entry11a.o)
    0x08000140   0x00000004   Code   RO         4932    .ARM.Collect$$$$00002712  mc_w.l(entry2.o)
    0x08000144   0x00000024   Code   RO            4    .text               startup_stm32f10x_hd.o
    0x08000168   0x00000062   Code   RO         4591    .text               mc_w.l(ldiv.o)
    0x080001ca   0x00000024   Code   RO         4595    .text               mc_w.l(memseta.o)
    0x080001ee   0x0000001a   Code   RO         4599    .text               mc_w.l(memcmp.o)
    0x08000208   0x000000b0   Code   RO         4864    .text               mf_w.l(fadd.o)
    0x080002b8   0x00000064   Code   RO         4866    .text               mf_w.l(fmul.o)
    0x0800031c   0x0000007c   Code   RO         4868    .text               mf_w.l(fdiv.o)
    0x08000398   0x0000014e   Code   RO         4870    .text               mf_w.l(dadd.o)
    0x080004e6   0x000000e4   Code   RO         4872    .text               mf_w.l(dmul.o)
    0x080005ca   0x000000de   Code   RO         4874    .text               mf_w.l(ddiv.o)
    0x080006a8   0x00000012   Code   RO         4876    .text               mf_w.l(fflti.o)
    0x080006ba   0x0000000a   Code   RO         4878    .text               mf_w.l(ffltui.o)
    0x080006c4   0x00000032   Code   RO         4882    .text               mf_w.l(ffixi.o)
    0x080006f6   0x00000028   Code   RO         4884    .text               mf_w.l(ffixui.o)
    0x0800071e   0x00000026   Code   RO         4886    .text               mf_w.l(f2d.o)
    0x08000744   0x00000038   Code   RO         4888    .text               mf_w.l(d2f.o)
    0x0800077c   0x00000014   Code   RO         4890    .text               mf_w.l(cfcmple.o)
    0x08000790   0x00000014   Code   RO         4892    .text               mf_w.l(cfrcmple.o)
    0x080007a4   0x0000002c   Code   RO         4946    .text               mc_w.l(uidiv.o)
    0x080007d0   0x00000062   Code   RO         4948    .text               mc_w.l(uldiv.o)
    0x08000832   0x0000001e   Code   RO         4950    .text               mc_w.l(llshl.o)
    0x08000850   0x00000024   Code   RO         4952    .text               mc_w.l(llsshr.o)
    0x08000874   0x00000000   Code   RO         4961    .text               mc_w.l(iusefp.o)
    0x08000874   0x0000006e   Code   RO         4962    .text               mf_w.l(fepilogue.o)
    0x080008e2   0x000000ba   Code   RO         4964    .text               mf_w.l(depilogue.o)
    0x0800099c   0x0000002e   Code   RO         4966    .text               mf_w.l(dscalb.o)
    0x080009ca   0x00000030   Code   RO         4968    .text               mf_w.l(dfixul.o)
    0x080009fa   0x00000002   PAD
    0x080009fc   0x00000030   Code   RO         4970    .text               mf_w.l(cdrcmple.o)
    0x08000a2c   0x00000024   Code   RO         4972    .text               mc_w.l(init.o)
    0x08000a50   0x00000020   Code   RO         4974    .text               mc_w.l(llushr.o)
    0x08000a70   0x000000a2   Code   RO         4976    .text               mf_w.l(dsqrt.o)
    0x08000b12   0x00000004   Code   RO         3231    i.BusFault_Handler  stm32f10x_it.o
    0x08000b16   0x00000002   Code   RO         3232    i.DebugMon_Handler  stm32f10x_it.o
    0x08000b18   0x00000030   Code   RO         3770    i.EXIT_MPU6050_INT_Config  mpu6050.o
    0x08000b48   0x000000d0   Code   RO         3233    i.EXTI0_IRQHandler  stm32f10x_it.o
    0x08000c18   0x0000001a   Code   RO         3234    i.EXTI15_10_IRQHandler  stm32f10x_it.o
    0x08000c32   0x00000002   PAD
    0x08000c34   0x0000000c   Code   RO          999    i.EXTI_ClearITPendingBit  stm32f10x_exti.o
    0x08000c40   0x00000028   Code   RO         1003    i.EXTI_GetITStatus  stm32f10x_exti.o
    0x08000c68   0x00000094   Code   RO         1004    i.EXTI_Init         stm32f10x_exti.o
    0x08000cfc   0x000000fc   Code   RO         3427    i.Encoder_Config    encoder.o
    0x08000df8   0x00000060   Code   RO         3428    i.Encoder_GPIO_Configuration  encoder.o
    0x08000e58   0x00000010   Code   RO         3429    i.Encoder_Init      encoder.o
    0x08000e68   0x00000038   Code   RO         3430    i.Encoder_NVIC_Configuration  encoder.o
    0x08000ea0   0x00000040   Code   RO         1349    i.GPIO_EXTILineConfig  stm32f10x_gpio.o
    0x08000ee0   0x00000116   Code   RO         1352    i.GPIO_Init         stm32f10x_gpio.o
    0x08000ff6   0x00000002   PAD
    0x08000ff8   0x00000090   Code   RO         1354    i.GPIO_PinRemapConfig  stm32f10x_gpio.o
    0x08001088   0x00000004   Code   RO         3235    i.HardFault_Handler  stm32f10x_it.o
    0x0800108c   0x00000020   Code   RO         3771    i.MPU6050_EXTI_NVIC_Config  mpu6050.o
    0x080010ac   0x00000048   Code   RO         3772    i.MPU6050_GPIO_Config  mpu6050.o
    0x080010f4   0x000000b8   Code   RO         3864    i.MPU_GPIO_MODESET  mpuiic.o
    0x080011ac   0x00000050   Code   RO         3774    i.MPU_Get_Gyroscope  mpu6050.o
    0x080011fc   0x00000038   Code   RO         3865    i.MPU_IIC_Ack       mpuiic.o
    0x08001234   0x0000000a   Code   RO         3866    i.MPU_IIC_Delay     mpuiic.o
    0x0800123e   0x00000002   PAD
    0x08001240   0x0000002c   Code   RO         3867    i.MPU_IIC_Init      mpuiic.o
    0x0800126c   0x00000038   Code   RO         3868    i.MPU_IIC_NAck      mpuiic.o
    0x080012a4   0x00000058   Code   RO         3869    i.MPU_IIC_Read_Byte  mpuiic.o
    0x080012fc   0x0000004c   Code   RO         3870    i.MPU_IIC_Send_Byte  mpuiic.o
    0x08001348   0x00000038   Code   RO         3871    i.MPU_IIC_Start     mpuiic.o
    0x08001380   0x00000034   Code   RO         3872    i.MPU_IIC_Stop      mpuiic.o
    0x080013b4   0x00000050   Code   RO         3873    i.MPU_IIC_Wait_Ack  mpuiic.o
    0x08001404   0x00000088   Code   RO         3776    i.MPU_Init          mpu6050.o
    0x0800148c   0x0000003a   Code   RO         3777    i.MPU_Read_Byte     mpu6050.o
    0x080014c6   0x00000074   Code   RO         3778    i.MPU_Read_Len      mpu6050.o
    0x0800153a   0x00000010   Code   RO         3779    i.MPU_Set_Accel_Fsr  mpu6050.o
    0x0800154a   0x00000010   Code   RO         3780    i.MPU_Set_Gyro_Fsr  mpu6050.o
    0x0800155a   0x0000003a   Code   RO         3781    i.MPU_Set_LPF       mpu6050.o
    0x08001594   0x0000003a   Code   RO         3782    i.MPU_Set_Rate      mpu6050.o
    0x080015ce   0x00000044   Code   RO         3783    i.MPU_Write_Byte    mpu6050.o
    0x08001612   0x00000060   Code   RO         3784    i.MPU_Write_Len     mpu6050.o
    0x08001672   0x00000004   Code   RO         3236    i.MemManage_Handler  stm32f10x_it.o
    0x08001676   0x00000010   Code   RO         3674    i.Motor_Init        pwm.o
    0x08001686   0x00000002   Code   RO         3237    i.NMI_Handler       stm32f10x_it.o
    0x08001688   0x00000014   Code   RO         4555    i.NVIC_Config       nvic_config.o
    0x0800169c   0x00000070   Code   RO          201    i.NVIC_Init         misc.o
    0x0800170c   0x00000014   Code   RO          202    i.NVIC_PriorityGroupConfig  misc.o
    0x08001720   0x00000002   Code   RO         3238    i.PendSV_Handler    stm32f10x_it.o
    0x08001722   0x00000002   PAD
    0x08001724   0x00000068   Code   RO         3353    i.Printf            bsp_usart.o
    0x0800178c   0x00000020   Code   RO         1768    i.RCC_APB1PeriphClockCmd  stm32f10x_rcc.o
    0x080017ac   0x00000020   Code   RO         1770    i.RCC_APB2PeriphClockCmd  stm32f10x_rcc.o
    0x080017cc   0x000000d4   Code   RO         1778    i.RCC_GetClocksFreq  stm32f10x_rcc.o
    0x080018a0   0x00000064   Code   RO         3433    i.Read_Encoder      encoder.o
    0x08001904   0x00000002   Code   RO         3239    i.SVC_Handler       stm32f10x_it.o
    0x08001906   0x00000008   Code   RO          167    i.SetSysClock       system_stm32f10x.o
    0x0800190e   0x00000002   PAD
    0x08001910   0x000000e0   Code   RO          168    i.SetSysClockTo72   system_stm32f10x.o
    0x080019f0   0x00000028   Code   RO          205    i.SysTick_CLKSourceConfig  misc.o
    0x08001a18   0x00000002   Code   RO         3240    i.SysTick_Handler   stm32f10x_it.o
    0x08001a1a   0x00000002   PAD
    0x08001a1c   0x00000060   Code   RO          170    i.SystemInit        system_stm32f10x.o
    0x08001a7c   0x0000004c   Code   RO         3676    i.TB6612_Init       pwm.o
    0x08001ac8   0x00000080   Code   RO         2386    i.TI1_Config        stm32f10x_tim.o
    0x08001b48   0x00000098   Code   RO         2387    i.TI2_Config        stm32f10x_tim.o
    0x08001be0   0x00000090   Code   RO         2388    i.TI3_Config        stm32f10x_tim.o
    0x08001c70   0x00000098   Code   RO         2389    i.TI4_Config        stm32f10x_tim.o
    0x08001d08   0x00000044   Code   RO         3677    i.TIM1_GPIO_Configuration  pwm.o
    0x08001d4c   0x00000088   Code   RO         3678    i.TIM1_PWM_Init     pwm.o
    0x08001dd4   0x00000016   Code   RO         3241    i.TIM2_IRQHandler   stm32f10x_it.o
    0x08001dea   0x00000002   PAD
    0x08001dec   0x0000001c   Code   RO         3242    i.TIM3_IRQHandler   stm32f10x_it.o
    0x08001e08   0x0000001c   Code   RO         3243    i.TIM4_IRQHandler   stm32f10x_it.o
    0x08001e24   0x0000001c   Code   RO         3244    i.TIM6_IRQHandler   stm32f10x_it.o
    0x08001e40   0x00000018   Code   RO         2390    i.TIM_ARRPreloadConfig  stm32f10x_tim.o
    0x08001e58   0x00000006   Code   RO         2396    i.TIM_ClearFlag     stm32f10x_tim.o
    0x08001e5e   0x00000006   Code   RO         2397    i.TIM_ClearITPendingBit  stm32f10x_tim.o
    0x08001e64   0x00000018   Code   RO         2402    i.TIM_Cmd           stm32f10x_tim.o
    0x08001e7c   0x0000001e   Code   RO         2404    i.TIM_CtrlPWMOutputs  stm32f10x_tim.o
    0x08001e9a   0x00000042   Code   RO         2411    i.TIM_EncoderInterfaceConfig  stm32f10x_tim.o
    0x08001edc   0x00000022   Code   RO         2423    i.TIM_GetITStatus   stm32f10x_tim.o
    0x08001efe   0x00000002   PAD
    0x08001f00   0x000000ac   Code   RO         2425    i.TIM_ICInit        stm32f10x_tim.o
    0x08001fac   0x00000012   Code   RO         2426    i.TIM_ICStructInit  stm32f10x_tim.o
    0x08001fbe   0x00000012   Code   RO         2427    i.TIM_ITConfig      stm32f10x_tim.o
    0x08001fd0   0x00000098   Code   RO         2431    i.TIM_OC1Init       stm32f10x_tim.o
    0x08002068   0x00000012   Code   RO         2434    i.TIM_OC1PreloadConfig  stm32f10x_tim.o
    0x0800207a   0x00000002   PAD
    0x0800207c   0x0000007c   Code   RO         2446    i.TIM_OC4Init       stm32f10x_tim.o
    0x080020f8   0x0000001a   Code   RO         2448    i.TIM_OC4PreloadConfig  stm32f10x_tim.o
    0x08002112   0x00000004   Code   RO         2467    i.TIM_SetCounter    stm32f10x_tim.o
    0x08002116   0x00000012   Code   RO         2468    i.TIM_SetIC1Prescaler  stm32f10x_tim.o
    0x08002128   0x0000001a   Code   RO         2469    i.TIM_SetIC2Prescaler  stm32f10x_tim.o
    0x08002142   0x00000012   Code   RO         2470    i.TIM_SetIC3Prescaler  stm32f10x_tim.o
    0x08002154   0x0000001a   Code   RO         2471    i.TIM_SetIC4Prescaler  stm32f10x_tim.o
    0x0800216e   0x00000002   PAD
    0x08002170   0x000000a4   Code   RO         2473    i.TIM_TimeBaseInit  stm32f10x_tim.o
    0x08002214   0x00000012   Code   RO         2474    i.TIM_TimeBaseStructInit  stm32f10x_tim.o
    0x08002226   0x0000005a   Code   RO         3473    i.Timer_Config      timer.o
    0x08002280   0x00000002   Code   RO         3474    i.Timer_GPIO_Configuration  timer.o
    0x08002282   0x0000000c   Code   RO         3475    i.Timer_Init        timer.o
    0x0800228e   0x00000022   Code   RO         3476    i.Timer_NVIC_Configuration  timer.o
    0x080022b0   0x00000054   Code   RO         3245    i.USART1_IRQHandler  stm32f10x_it.o
    0x08002304   0x00000038   Code   RO         3246    i.USART2_IRQHandler  stm32f10x_it.o
    0x0800233c   0x00000012   Code   RO         2934    i.USART_ClearFlag   stm32f10x_usart.o
    0x0800234e   0x0000001e   Code   RO         2935    i.USART_ClearITPendingBit  stm32f10x_usart.o
    0x0800236c   0x00000018   Code   RO         2938    i.USART_Cmd         stm32f10x_usart.o
    0x08002384   0x000000f0   Code   RO         3354    i.USART_Config      bsp_usart.o
    0x08002474   0x0000001a   Code   RO         2941    i.USART_GetFlagStatus  stm32f10x_usart.o
    0x0800248e   0x00000054   Code   RO         2942    i.USART_GetITStatus  stm32f10x_usart.o
    0x080024e2   0x0000004a   Code   RO         2944    i.USART_ITConfig    stm32f10x_usart.o
    0x0800252c   0x000000d8   Code   RO         2945    i.USART_Init        stm32f10x_usart.o
    0x08002604   0x00000034   Code   RO         3355    i.USART_NVIC_Configuration  bsp_usart.o
    0x08002638   0x0000000a   Code   RO         2952    i.USART_ReceiveData  stm32f10x_usart.o
    0x08002642   0x00000008   Code   RO         2955    i.USART_SendData    stm32f10x_usart.o
    0x0800264a   0x0000000c   Code   RO         4515    i.UltraConfig       ultra.o
    0x08002656   0x00000032   Code   RO         4517    i.Ultra_EXIT_Config  ultra.o
    0x08002688   0x00000064   Code   RO         4518    i.Ultra_EXIT_Service  ultra.o
    0x080026ec   0x0000001e   Code   RO         4519    i.Ultra_EXTI_NVIC_Config  ultra.o
    0x0800270a   0x00000002   PAD
    0x0800270c   0x0000005c   Code   RO         4520    i.Ultra_GPIO_Config  ultra.o
    0x08002768   0x00000004   Code   RO         3247    i.UsageFault_Handler  stm32f10x_it.o
    0x0800276c   0x00000020   Code   RO         4836    i.__0printf         mc_w.l(printfa.o)
    0x0800278c   0x0000002c   Code   RO         4841    i.__0vsnprintf      mc_w.l(printfa.o)
    0x080027b8   0x00000028   Code   RO         4918    i.__ARM_fpclassify  m_ws.l(fpclassify.o)
    0x080027e0   0x000000aa   Code   RO         4920    i.__kernel_poly     m_ws.l(poly.o)
    0x0800288a   0x00000006   Code   RO         4905    i.__mathlib_dbl_infnan  m_ws.l(dunder.o)
    0x08002890   0x00000004   Code   RO         4906    i.__mathlib_dbl_infnan2  m_ws.l(dunder.o)
    0x08002894   0x0000000c   Code   RO         4907    i.__mathlib_dbl_invalid  m_ws.l(dunder.o)
    0x080028a0   0x00000010   Code   RO         4910    i.__mathlib_dbl_underflow  m_ws.l(dunder.o)
    0x080028b0   0x0000000e   Code   RO         4982    i.__scatterload_copy  mc_w.l(handlers.o)
    0x080028be   0x00000002   Code   RO         4983    i.__scatterload_null  mc_w.l(handlers.o)
    0x080028c0   0x0000000e   Code   RO         4984    i.__scatterload_zeroinit  mc_w.l(handlers.o)
    0x080028ce   0x00000002   PAD
    0x080028d0   0x0000000c   Code   RO         4956    i.__set_errno       mc_w.l(errno.o)
    0x080028dc   0x00000184   Code   RO         4843    i._fp_digits        mc_w.l(printfa.o)
    0x08002a60   0x000006dc   Code   RO         4844    i._printf_core      mc_w.l(printfa.o)
    0x0800313c   0x00000024   Code   RO         4845    i._printf_post_padding  mc_w.l(printfa.o)
    0x08003160   0x0000002e   Code   RO         4846    i._printf_pre_padding  mc_w.l(printfa.o)
    0x0800318e   0x00000016   Code   RO         4847    i._snputc           mc_w.l(printfa.o)
    0x080031a4   0x000000a8   Code   RO         3930    i.accel_self_test   inv_mpu.o
    0x0800324c   0x00000270   Code   RO         4568    i.asin              m_ws.l(asin.o)
    0x080034bc   0x00000220   Code   RO         4895    i.atan              m_ws.l(atan.o)
    0x080036dc   0x00000180   Code   RO         4578    i.atan2             m_ws.l(atan2.o)
    0x0800385c   0x00000064   Code   RO         4261    i.decode_gesture    inv_mpu_dmp_motion_driver.o
    0x080038c0   0x00000044   Code   RO           10    i.delay_init        delay.o
    0x08003904   0x0000004c   Code   RO           11    i.delay_ms          delay.o
    0x08003950   0x0000004c   Code   RO           12    i.delay_us          delay.o
    0x0800399c   0x0000003c   Code   RO         4262    i.dmp_enable_6x_lp_quat  inv_mpu_dmp_motion_driver.o
    0x080039d8   0x0000021c   Code   RO         4263    i.dmp_enable_feature  inv_mpu_dmp_motion_driver.o
    0x08003bf4   0x00000058   Code   RO         4264    i.dmp_enable_gyro_cal  inv_mpu_dmp_motion_driver.o
    0x08003c4c   0x0000003c   Code   RO         4265    i.dmp_enable_lp_quat  inv_mpu_dmp_motion_driver.o
    0x08003c88   0x00000018   Code   RO         4270    i.dmp_load_motion_driver_firmware  inv_mpu_dmp_motion_driver.o
    0x08003ca0   0x000001cc   Code   RO         4271    i.dmp_read_fifo     inv_mpu_dmp_motion_driver.o
    0x08003e6c   0x00000130   Code   RO         4274    i.dmp_set_accel_bias  inv_mpu_dmp_motion_driver.o
    0x08003f9c   0x00000070   Code   RO         4275    i.dmp_set_fifo_rate  inv_mpu_dmp_motion_driver.o
    0x0800400c   0x00000130   Code   RO         4276    i.dmp_set_gyro_bias  inv_mpu_dmp_motion_driver.o
    0x0800413c   0x00000138   Code   RO         4278    i.dmp_set_orientation  inv_mpu_dmp_motion_driver.o
    0x08004274   0x00000038   Code   RO         4281    i.dmp_set_shake_reject_thresh  inv_mpu_dmp_motion_driver.o
    0x080042ac   0x00000026   Code   RO         4282    i.dmp_set_shake_reject_time  inv_mpu_dmp_motion_driver.o
    0x080042d2   0x00000026   Code   RO         4283    i.dmp_set_shake_reject_timeout  inv_mpu_dmp_motion_driver.o
    0x080042f8   0x00000046   Code   RO         4284    i.dmp_set_tap_axes  inv_mpu_dmp_motion_driver.o
    0x0800433e   0x00000026   Code   RO         4285    i.dmp_set_tap_count  inv_mpu_dmp_motion_driver.o
    0x08004364   0x000001a0   Code   RO         4286    i.dmp_set_tap_thresh  inv_mpu_dmp_motion_driver.o
    0x08004504   0x00000026   Code   RO         4287    i.dmp_set_tap_time  inv_mpu_dmp_motion_driver.o
    0x0800452a   0x00000026   Code   RO         4288    i.dmp_set_tap_time_multi  inv_mpu_dmp_motion_driver.o
    0x08004550   0x00000054   Code   RO         3361    i.fputc             bsp_usart.o
    0x080045a4   0x000000b4   Code   RO         3931    i.get_accel_prod_shift  inv_mpu.o
    0x08004658   0x00000470   Code   RO         3932    i.get_st_biases     inv_mpu.o
    0x08004ac8   0x00000110   Code   RO         3933    i.gyro_self_test    inv_mpu.o
    0x08004bd8   0x00000028   Code   RO         3934    i.inv_orientation_matrix_to_scalar  inv_mpu.o
    0x08004c00   0x0000004e   Code   RO         3935    i.inv_row_2_scale   inv_mpu.o
    0x08004c4e   0x00000002   PAD
    0x08004c50   0x0000004c   Code   RO         3168    i.main              main.o
    0x08004c9c   0x00000002   Code   RO         3936    i.mget_ms           inv_mpu.o
    0x08004c9e   0x00000002   PAD
    0x08004ca0   0x00000070   Code   RO         3937    i.mpu_configure_fifo  inv_mpu.o
    0x08004d10   0x00000224   Code   RO         3938    i.mpu_dmp_get_data  inv_mpu.o
    0x08004f34   0x00000098   Code   RO         3939    i.mpu_dmp_init      inv_mpu.o
    0x08004fcc   0x0000004c   Code   RO         3940    i.mpu_get_accel_fsr  inv_mpu.o
    0x08005018   0x00000054   Code   RO         3942    i.mpu_get_accel_sens  inv_mpu.o
    0x0800506c   0x00000010   Code   RO         3947    i.mpu_get_fifo_config  inv_mpu.o
    0x0800507c   0x00000044   Code   RO         3948    i.mpu_get_gyro_fsr  inv_mpu.o
    0x080050c0   0x00000050   Code   RO         3950    i.mpu_get_gyro_sens  inv_mpu.o
    0x08005110   0x00000050   Code   RO         3952    i.mpu_get_lpf       inv_mpu.o
    0x08005160   0x00000020   Code   RO         3954    i.mpu_get_sample_rate  inv_mpu.o
    0x08005180   0x000001f0   Code   RO         3956    i.mpu_init          inv_mpu.o
    0x08005370   0x000000b8   Code   RO         3957    i.mpu_load_firmware  inv_mpu.o
    0x08005428   0x000000e0   Code   RO         3958    i.mpu_lp_accel_mode  inv_mpu.o
    0x08005508   0x000000c0   Code   RO         3961    i.mpu_read_fifo_stream  inv_mpu.o
    0x080055c8   0x00000080   Code   RO         3962    i.mpu_read_mem      inv_mpu.o
    0x08005648   0x000001c8   Code   RO         3965    i.mpu_reset_fifo    inv_mpu.o
    0x08005810   0x0000011c   Code   RO         3966    i.mpu_run_self_test  inv_mpu.o
    0x0800592c   0x00000084   Code   RO         3968    i.mpu_set_accel_fsr  inv_mpu.o
    0x080059b0   0x0000014c   Code   RO         3969    i.mpu_set_bypass    inv_mpu.o
    0x08005afc   0x00000090   Code   RO         3971    i.mpu_set_dmp_state  inv_mpu.o
    0x08005b8c   0x00000088   Code   RO         3972    i.mpu_set_gyro_fsr  inv_mpu.o
    0x08005c14   0x0000006c   Code   RO         3973    i.mpu_set_int_latched  inv_mpu.o
    0x08005c80   0x00000084   Code   RO         3975    i.mpu_set_lpf       inv_mpu.o
    0x08005d04   0x0000009c   Code   RO         3976    i.mpu_set_sample_rate  inv_mpu.o
    0x08005da0   0x000000d0   Code   RO         3977    i.mpu_set_sensors   inv_mpu.o
    0x08005e70   0x00000080   Code   RO         3978    i.mpu_write_mem     inv_mpu.o
    0x08005ef0   0x00000094   Code   RO         3979    i.run_self_test     inv_mpu.o
    0x08005f84   0x00000090   Code   RO         3980    i.set_int_enable    inv_mpu.o
    0x08006014   0x0000004c   Code   RO         4924    i.sqrt              m_ws.l(sqrt.o)
    0x08006060   0x00000050   Data   RO         3982    .constdata          inv_mpu.o
    0x080060b0   0x00000bf6   Data   RO         4290    .constdata          inv_mpu_dmp_motion_driver.o
    0x08006ca6   0x00000002   PAD
    0x08006ca8   0x00000050   Data   RO         4569    .constdata          m_ws.l(asin.o)
    0x08006cf8   0x00000098   Data   RO         4896    .constdata          m_ws.l(atan.o)
    0x08006d90   0x00000008   Data   RO         4922    .constdata          m_ws.l(qnan.o)
    0x08006d98   0x0000004d   Data   RO         3983    .conststring        inv_mpu.o
    0x08006de5   0x00000003   PAD
    0x08006de8   0x00000020   Data   RO         4980    Region$$Table       anon$$obj.o


    Execution Region RW_IRAM1 (Base: 0x20000000, Size: 0x00000510, Max: 0x00005000, ABSOLUTE)

    Base Addr    Size         Type   Attr      Idx    E Section Name        Object

    0x20000000   0x00000004   Data   RW           13    .data               delay.o
    0x20000004   0x00000014   Data   RW          171    .data               system_stm32f10x.o
    0x20000018   0x00000014   Data   RW         1798    .data               stm32f10x_rcc.o
    0x2000002c   0x00000012   Data   RW         3169    .data               main.o
    0x2000003e   0x00000002   PAD
    0x20000040   0x0000000a   Data   RW         3248    .data               stm32f10x_it.o
    0x2000004a   0x00000001   Data   RW         3362    .data               bsp_usart.o
    0x2000004b   0x00000001   PAD
    0x2000004c   0x00000022   Data   RW         3738    .data               blue_teeth.o
    0x2000006e   0x00000002   PAD
    0x20000070   0x00000035   Data   RW         3984    .data               inv_mpu.o
    0x200000a5   0x00000003   PAD
    0x200000a8   0x00000004   Data   RW         4945    .data               mc_w.l(stdout.o)
    0x200000ac   0x00000004   Data   RW         4957    .data               mc_w.l(errno.o)
    0x200000b0   0x0000004f   Zero   RW         3736    .bss                blue_teeth.o
    0x200000ff   0x00000001   PAD
    0x20000100   0x00000010   Zero   RW         4289    .bss                inv_mpu_dmp_motion_driver.o
    0x20000110   0x00000400   Zero   RW            1    STACK               startup_stm32f10x_hd.o


==============================================================================

Image component sizes


      Code (inc. data)   RO Data    RW Data    ZI Data      Debug   Object Name

         0          0          0         34         79       2585   blue_teeth.o
       480         42          0          1          0       4987   bsp_usart.o
       220         26          0          4          0     255779   delay.o
       520         32          0          0          0       2830   encoder.o
      6856        288        157         53          0      31420   inv_mpu.o
      3096        122       3062          0         16      20902   inv_mpu_dmp_motion_driver.o
        76          4          0         18          0        854   main.o
       172         22          0          0          0       2297   misc.o
       854         10          0          0          0       8530   mpu6050.o
       702         70          0          0          0       5533   mpuiic.o
        20          0          0          0          0        486   nvic_config.o
       296         20          0          0          0       2009   pwm.o
        36          8        304          0       1024        872   startup_stm32f10x_hd.o
       200         18          0          0          0       2356   stm32f10x_exti.o
       486         10          0          0          0       3652   stm32f10x_gpio.o
       506         92          0         10          0       8328   stm32f10x_it.o
       276         32          0         20          0       4710   stm32f10x_rcc.o
      1568        180          0          0          0      17643   stm32f10x_tim.o
       490          6          0          0          0       7933   stm32f10x_usart.o
       328         28          0         20          0       2341   system_stm32f10x.o
       138          0          0          0          0       1900   timer.o
       284         26          0          0          0       2480   ultra.o

    ----------------------------------------------------------------------
     17630       1036       3560        168       1120     390427   Object Totals
         0          0         32          0          0          0   (incl. Generated)
        26          0          5          8          1          0   (incl. Padding)

    ----------------------------------------------------------------------

      Code (inc. data)   RO Data    RW Data    ZI Data      Debug   Library Member Name

       624         52         80          0          0        168   asin.o
       544         70        152          0          0        124   atan.o
       384         38          0          0          0        144   atan2.o
        38          6          0          0          0        272   dunder.o
        40          0          0          0          0         68   fpclassify.o
       170          0          0          0          0         96   poly.o
         0          0          8          0          0          0   qnan.o
        76          0          0          0          0         84   sqrt.o
         0          0          0          0          0          0   entry.o
         0          0          0          0          0          0   entry10a.o
         0          0          0          0          0          0   entry11a.o
         8          4          0          0          0          0   entry2.o
         4          0          0          0          0          0   entry5.o
         0          0          0          0          0          0   entry7b.o
         0          0          0          0          0          0   entry8b.o
         8          4          0          0          0          0   entry9a.o
        12          6          0          4          0         68   errno.o
        30          0          0          0          0          0   handlers.o
        36          8          0          0          0         68   init.o
         0          0          0          0          0          0   iusefp.o
        98          0          0          0          0         84   ldiv.o
        30          0          0          0          0         68   llshl.o
        36          0          0          0          0         68   llsshr.o
        32          0          0          0          0         68   llushr.o
        26          0          0          0          0         80   memcmp.o
        36          0          0          0          0        108   memseta.o
      2324         94          0          0          0        600   printfa.o
         0          0          0          4          0          0   stdout.o
        44          0          0          0          0         80   uidiv.o
        98          0          0          0          0         92   uldiv.o
        48          0          0          0          0         68   cdrcmple.o
        20          0          0          0          0         68   cfcmple.o
        20          0          0          0          0         68   cfrcmple.o
        56          0          0          0          0         88   d2f.o
       334          0          0          0          0        148   dadd.o
       222          0          0          0          0        100   ddiv.o
       186          0          0          0          0        176   depilogue.o
        48          0          0          0          0         68   dfixul.o
       228          0          0          0          0         96   dmul.o
        46          0          0          0          0         80   dscalb.o
       162          0          0          0          0        100   dsqrt.o
        38          0          0          0          0         68   f2d.o
       176          0          0          0          0        140   fadd.o
       124          0          0          0          0         88   fdiv.o
       110          0          0          0          0        168   fepilogue.o
        50          0          0          0          0         68   ffixi.o
        40          0          0          0          0         68   ffixui.o
        18          0          0          0          0         68   fflti.o
        10          0          0          0          0         68   ffltui.o
       100          0          0          0          0         76   fmul.o

    ----------------------------------------------------------------------
      6738        282        240          8          0       4212   Library Totals
         4          0          0          0          0          0   (incl. Padding)

    ----------------------------------------------------------------------

      Code (inc. data)   RO Data    RW Data    ZI Data      Debug   Library Name

      1876        166        240          0          0        956   m_ws.l
      2822        116          0          8          0       1384   mc_w.l
      2036          0          0          0          0       1872   mf_w.l

    ----------------------------------------------------------------------
      6738        282        240          8          0       4212   Library Totals

    ----------------------------------------------------------------------

==============================================================================


      Code (inc. data)   RO Data    RW Data    ZI Data      Debug   

     24368       1318       3800        176       1120     383871   Grand Totals
     24368       1318       3800        176       1120     383871   ELF Image Totals
     24368       1318       3800        176          0          0   ROM Totals

==============================================================================

    Total RO  Size (Code + RO Data)                28168 (  27.51kB)
    Total RW  Size (RW Data + ZI Data)              1296 (   1.27kB)
    Total ROM Size (Code + RO Data + RW Data)      28344 (  27.68kB)

==============================================================================

