<html>
<body>
<pre>
<h1>礦ision Build Log</h1>
<h2>Tool Versions:</h2>
IDE-Version: μVision V5.22.0.0
Copyright (C) 2016 ARM Ltd and ARM Germany GmbH. All rights reserved.
License Information: 11 Mr.WU, 11, LIC=LSNXV-PJ8DP-Y85FK-ZU36U-1XVRV-EEU1V
 
Tool Versions:
Toolchain:       MDK-ARM Plus  Version: 5.22
Toolchain Path:  E:\KEIL5\ARM\ARMCC\Bin
C Compiler:      Armcc.exe V5.06 update 4 (build 422)
Assembler:       Armasm.exe V5.06 update 4 (build 422)
Linker/Locator:  ArmLink.exe V5.06 update 4 (build 422)
Library Manager: ArmAr.exe V5.06 update 4 (build 422)
Hex Converter:   FromElf.exe V5.06 update 4 (build 422)
CPU DLL:         SARMCM3.DLL V5.22
Dialog DLL:      DCM.DLL V1.13.9.0
Target DLL:      CMSIS_AGDI.dll V1.27.0.0
Dialog DLL:      TCM.DLL V1.21.0.0
 
<h2>Project:</h2>
E:\Main_Source\CODES\TI_codes\STM32\STD\项目\平衡小车BOBY\程序\Project\Blank.uvprojx
Project File Date:  06/22/2022

<h2>Output:</h2>
*** Using Compiler 'V5.06 update 4 (build 422)', folder: 'E:\KEIL5\ARM\ARMCC\Bin'
Build target 'Target 1'
compiling stm32f10x_it.c...
..\User\stm32f10x_it.c(187): warning:  #177-D: variable "ultra_delay"  was declared but never referenced
  		static uint8_t ultra_delay = 0;
..\User\stm32f10x_it.c(205): warning:  #550-D: variable "right_pwm"  was set but never used
  		int right_pwm=0,left_pwm=0,rightencoder,leftencoder;
..\User\stm32f10x_it.c(205): warning:  #550-D: variable "left_pwm"  was set but never used
  		int right_pwm=0,left_pwm=0,rightencoder,leftencoder;
..\User\stm32f10x_it.c(205): warning:  #550-D: variable "rightencoder"  was set but never used
  		int right_pwm=0,left_pwm=0,rightencoder,leftencoder;
..\User\stm32f10x_it.c(205): warning:  #550-D: variable "leftencoder"  was set but never used
  		int right_pwm=0,left_pwm=0,rightencoder,leftencoder;
..\User\stm32f10x_it.c: 5 warnings, 0 errors
linking...
Program Size: Code=24368 RO-data=3800 RW-data=176 ZI-data=1120  
FromELF: creating hex file...
".\Objects\Blank.axf" - 0 Error(s), 5 Warning(s).

<h2>Collection of Component include folders:</h2>
  E:\Main_Source\CODES\TI_codes\STM32\STD\项目\平衡小车BOBY\程序\Project\RTE\_Target_1
  E:\KEIL5\ARM\PACK\Keil\STM32F1xx_DFP\2.1.0\Device\Include

<h2>Collection of Component Files used:</h2>
Build Time Elapsed:  00:00:01
</pre>
</body>
</html>
