Component: ARM Compiler 5.06 update 7 (build 960) Tool: armlink [4d3601]

==============================================================================

Section Cross References

    startup_stm32f103xb.o(RESET) refers to startup_stm32f103xb.o(STACK) for __initial_sp
    startup_stm32f103xb.o(RESET) refers to startup_stm32f103xb.o(.text) for Reset_Handler
    startup_stm32f103xb.o(RESET) refers to stm32f1xx_it.o(i.NMI_Handler) for NMI_Handler
    startup_stm32f103xb.o(RESET) refers to stm32f1xx_it.o(i.HardFault_Handler) for HardFault_Handler
    startup_stm32f103xb.o(RESET) refers to stm32f1xx_it.o(i.MemManage_Handler) for MemManage_Handler
    startup_stm32f103xb.o(RESET) refers to stm32f1xx_it.o(i.BusFault_Handler) for BusFault_Handler
    startup_stm32f103xb.o(RESET) refers to stm32f1xx_it.o(i.UsageFault_Handler) for UsageFault_Handler
    startup_stm32f103xb.o(RESET) refers to stm32f1xx_it.o(i.SVC_Handler) for SVC_Handler
    startup_stm32f103xb.o(RESET) refers to stm32f1xx_it.o(i.DebugMon_Handler) for DebugMon_Handler
    startup_stm32f103xb.o(RESET) refers to stm32f1xx_it.o(i.PendSV_Handler) for PendSV_Handler
    startup_stm32f103xb.o(RESET) refers to stm32f1xx_it.o(i.SysTick_Handler) for SysTick_Handler
    startup_stm32f103xb.o(RESET) refers to stm32f1xx_it.o(i.DMA1_Channel1_IRQHandler) for DMA1_Channel1_IRQHandler
    startup_stm32f103xb.o(RESET) refers to stm32f1xx_it.o(i.DMA1_Channel4_IRQHandler) for DMA1_Channel4_IRQHandler
    startup_stm32f103xb.o(RESET) refers to stm32f1xx_it.o(i.DMA1_Channel5_IRQHandler) for DMA1_Channel5_IRQHandler
    startup_stm32f103xb.o(RESET) refers to stm32f1xx_it.o(i.DMA1_Channel6_IRQHandler) for DMA1_Channel6_IRQHandler
    startup_stm32f103xb.o(RESET) refers to stm32f1xx_it.o(i.DMA1_Channel7_IRQHandler) for DMA1_Channel7_IRQHandler
    startup_stm32f103xb.o(RESET) refers to stm32f1xx_it.o(i.USART1_IRQHandler) for USART1_IRQHandler
    startup_stm32f103xb.o(RESET) refers to stm32f1xx_it.o(i.USART2_IRQHandler) for USART2_IRQHandler
    startup_stm32f103xb.o(RESET) refers to stm32f1xx_it.o(i.EXTI15_10_IRQHandler) for EXTI15_10_IRQHandler
    startup_stm32f103xb.o(.text) refers to system_stm32f1xx.o(i.SystemInit) for SystemInit
    startup_stm32f103xb.o(.text) refers to entry.o(.ARM.Collect$$$$00000000) for __main
    delay.o(i.delay_ms) refers to stm32f1xx_hal_tim.o(i.HAL_TIM_Base_Start) for HAL_TIM_Base_Start
    delay.o(i.delay_ms) refers to stm32f1xx_hal_tim.o(i.HAL_TIM_Base_Stop) for HAL_TIM_Base_Stop
    delay.o(i.delay_ms) refers to tim.o(.bss) for htim2
    delay.o(i.delay_s) refers to stm32f1xx_hal_tim.o(i.HAL_TIM_Base_Start) for HAL_TIM_Base_Start
    delay.o(i.delay_s) refers to stm32f1xx_hal_tim.o(i.HAL_TIM_Base_Stop) for HAL_TIM_Base_Stop
    delay.o(i.delay_s) refers to tim.o(.bss) for htim2
    delay.o(i.delay_us) refers to stm32f1xx_hal_tim.o(i.HAL_TIM_Base_Start) for HAL_TIM_Base_Start
    delay.o(i.delay_us) refers to stm32f1xx_hal_tim.o(i.HAL_TIM_Base_Stop) for HAL_TIM_Base_Stop
    delay.o(i.delay_us) refers to tim.o(.bss) for htim2
    blue_teeth.o(i.BLUE_Config) refers to usart.o(i.USART_DMARec_Stop) for USART_DMARec_Stop
    blue_teeth.o(i.BLUE_Config) refers to usart.o(i.DMA_Printf) for DMA_Printf
    blue_teeth.o(i.BLUE_Config) refers to delay.o(i.delay_ms) for delay_ms
    blue_teeth.o(i.BLUE_Config) refers to stm32f1xx_hal_uart.o(i.HAL_UART_Receive_DMA) for HAL_UART_Receive_DMA
    blue_teeth.o(i.BLUE_Config) refers to usart.o(.bss) for huart2
    blue_teeth.o(i.BLUE_Config) refers to blue_teeth.o(.data) for .data
    blue_teeth.o(i.BLUE_Process) refers to memseta.o(.text) for __aeabi_memclr4
    blue_teeth.o(i.BLUE_Process) refers to blue_teeth.o(i.ReadCharToFloat) for ReadCharToFloat
    blue_teeth.o(i.BLUE_Process) refers to cfcmple.o(.text) for __aeabi_cfcmpeq
    blue_teeth.o(i.BLUE_Process) refers to eeprom.o(i.EEPROMOutload) for EEPROMOutload
    blue_teeth.o(i.BLUE_Process) refers to memcmp.o(.text) for memcmp
    blue_teeth.o(i.BLUE_Process) refers to usart.o(i.DMA_Printf) for DMA_Printf
    blue_teeth.o(i.BLUE_Process) refers to delay.o(i.delay_ms) for delay_ms
    blue_teeth.o(i.BLUE_Process) refers to blue_teeth.o(i.BLUE_Config) for BLUE_Config
    blue_teeth.o(i.BLUE_Process) refers to eeprom.o(i.EEPROMReload) for EEPROMReload
    blue_teeth.o(i.BLUE_Process) refers to usart.o(.bss) for RxBuffer2
    blue_teeth.o(i.BLUE_Process) refers to blue_teeth.o(.data) for .data
    blue_teeth.o(i.BLUE_Process) refers to usart.o(.data) for Rec_Length2
    blue_teeth.o(i.BLUE_Process) refers to pid.o(.bss) for velocity_PID
    blue_teeth.o(i.BLUE_Process) refers to pid.o(.data) for Mechanical_balance
    blue_teeth.o(i.BLUE_Process) refers to pid.o(.bss) for balance_PID
    blue_teeth.o(i.BLUE_Process) refers to pid.o(.bss) for turn_PID
    blue_teeth.o(i.BLUE_Process) refers to tim.o(.bss) for htim3
    blue_teeth.o(i.BLUE_Process) refers to blue_teeth.o(.conststring) for .conststring
[...]
    i.inv_orientation_matrix_to_scalar       0x08005da8   Section        0  inv_mpu.o(i.inv_orientation_matrix_to_scalar)
    i.inv_row_2_scale                        0x08005dca   Section        0  inv_mpu.o(i.inv_row_2_scale)
    i.main                                   0x08005e14   Section        0  main.o(i.main)
    i.mget_ms                                0x08005eec   Section        0  inv_mpu.o(i.mget_ms)
    i.mpu_configure_fifo                     0x08005ef0   Section        0  inv_mpu.o(i.mpu_configure_fifo)
    i.mpu_dmp_get_data                       0x08005f44   Section        0  inv_mpu.o(i.mpu_dmp_get_data)
    i.mpu_dmp_init                           0x080060e0   Section        0  inv_mpu.o(i.mpu_dmp_init)
    i.mpu_get_accel_fsr                      0x08006178   Section        0  inv_mpu.o(i.mpu_get_accel_fsr)
    i.mpu_init                               0x080061b4   Section        0  inv_mpu.o(i.mpu_init)
    i.mpu_load_firmware                      0x0800633c   Section        0  inv_mpu.o(i.mpu_load_firmware)
    i.mpu_lp_accel_mode                      0x080063dc   Section        0  inv_mpu.o(i.mpu_lp_accel_mode)
    i.mpu_read_fifo_stream                   0x08006494   Section        0  inv_mpu.o(i.mpu_read_fifo_stream)
    i.mpu_read_mem                           0x08006524   Section        0  inv_mpu.o(i.mpu_read_mem)
    i.mpu_reset_fifo                         0x08006578   Section        0  inv_mpu.o(i.mpu_reset_fifo)
    i.mpu_set_accel_fsr                      0x080066d8   Section        0  inv_mpu.o(i.mpu_set_accel_fsr)
    i.mpu_set_bypass                         0x08006740   Section        0  inv_mpu.o(i.mpu_set_bypass)
    i.mpu_set_dmp_state                      0x0800681c   Section        0  inv_mpu.o(i.mpu_set_dmp_state)
    i.mpu_set_gyro_fsr                       0x08006894   Section        0  inv_mpu.o(i.mpu_set_gyro_fsr)
    i.mpu_set_int_latched                    0x08006900   Section        0  inv_mpu.o(i.mpu_set_int_latched)
    i.mpu_set_lpf                            0x08006964   Section        0  inv_mpu.o(i.mpu_set_lpf)
    i.mpu_set_sample_rate                    0x080069d0   Section        0  inv_mpu.o(i.mpu_set_sample_rate)
    i.mpu_set_sensors                        0x08006a50   Section        0  inv_mpu.o(i.mpu_set_sensors)
    i.mpu_write_mem                          0x08006b08   Section        0  inv_mpu.o(i.mpu_write_mem)
    i.set_int_enable                         0x08006b5c   Section        0  inv_mpu.o(i.set_int_enable)
    set_int_enable                           0x08006b5d   Thumb Code    84  inv_mpu.o(i.set_int_enable)
    i.sqrt                                   0x08006bb4   Section        0  sqrt.o(i.sqrt)
    i.turn_Control                           0x08006c00   Section        0  pid.o(i.turn_Control)
    i.velocity_Control                       0x08006c28   Section        0  pid.o(i.velocity_Control)
    .constdata                               0x08006d04   Section       27  inv_mpu.o(.constdata)
    .constdata                               0x08006d20   Section       12  inv_mpu.o(.constdata)
    .constdata                               0x08006d2c   Section       40  inv_mpu.o(.constdata)
    .constdata                               0x08006d54   Section     3062  inv_mpu_dmp_motion_driver.o(.constdata)
    dmp_memory                               0x08006d54   Data        3062  inv_mpu_dmp_motion_driver.o(.constdata)
    .constdata                               0x0800794a   Section       16  system_stm32f1xx.o(.constdata)
    .constdata                               0x0800795a   Section        8  system_stm32f1xx.o(.constdata)
    .constdata                               0x08007968   Section       80  asin.o(.constdata)
    pS                                       0x08007968   Data          48  asin.o(.constdata)
    qS                                       0x08007998   Data          32  asin.o(.constdata)
    .constdata                               0x080079b8   Section      152  atan.o(.constdata)
    atanhi                                   0x080079b8   Data          32  atan.o(.constdata)
    atanlo                                   0x080079d8   Data          32  atan.o(.constdata)
    aTodd                                    0x080079f8   Data          40  atan.o(.constdata)
    aTeven                                   0x08007a20   Data          48  atan.o(.constdata)
    .constdata                               0x08007a50   Section        8  qnan.o(.constdata)
    .conststring                             0x08007a58   Section       77  inv_mpu.o(.conststring)
    .data                                    0x20000000   Section       28  blue_teeth.o(.data)
    .data                                    0x2000001c   Section       40  exit.o(.data)
    PIDONCEFLAG                              0x2000001c   Data           1  exit.o(.data)
    Pitch_last                               0x20000034   Data           4  exit.o(.data)
    .data                                    0x20000044   Section        4  pid.o(.data)
    .data                                    0x20000048   Section        2  pwm.o(.data)
    .data                                    0x2000004a   Section        1  ultra.o(.data)
    .data                                    0x2000004c   Section        2  ultra.o(.data)
    TIM_Counter                              0x2000004c   Data           2  ultra.o(.data)
    .data                                    0x20000050   Section       53  inv_mpu.o(.data)
    st                                       0x20000050   Data          44  inv_mpu.o(.data)
    gyro_orientation                         0x2000007c   Data           9  inv_mpu.o(.data)
    .data                                    0x20000085   Section        1  mpu6050.o(.data)
    .data                                    0x20000086   Section        8  usart.o(.data)
    .data                                    0x20000090   Section       12  stm32f1xx_hal.o(.data)
    .data                                    0x2000009c   Section        4  system_stm32f1xx.o(.data)
    .data                                    0x200000a0   Section        4  stdout.o(.data)
    .data                                    0x200000a4   Section        4  errno.o(.data)
    _errno                                   0x200000a4   Data           4  errno.o(.data)
    .bss                                     0x200000a8   Section       32  pid.o(.bss)
    .bss                                     0x200000c8   Section       32  pid.o(.bss)
    .bss                                     0x200000e8   Section       32  pid.o(.bss)
    .bss                                     0x20000108   Section       16  inv_mpu_dmp_motion_driver.o(.bss)
    dmp                                      0x20000108   Data          16  inv_mpu_dmp_motion_driver.o(.bss)
    .bss                                     0x20000118   Section      136  adc.o(.bss)
    .bss                                     0x200001a0   Section      288  tim.o(.bss)
    .bss                                     0x200002c0   Section      920  usart.o(.bss)
    STACK                                    0x20000658   Section     1024  startup_stm32f103xb.o(STACK)

    Global Symbols

    Symbol Name                              Value     Ov Type        Size  Object(Section)

    BuildAttributes$$THM_ISAv4$P$D$K$B$S$PE$A:L22UL41UL21$X:L11$S22US41US21$IEEE1$IW$USESV6$~STKCKD$USESV7$~SHL$OTIME$ROPI$IEEEX$EBA8$MICROLIB$REQ8$PRES8$EABIv2 0x00000000   Number         0  anon$$obj.o ABSOLUTE
    __ARM_use_no_argv                        0x00000000   Number         0  main.o ABSOLUTE
    _printf_a                                0x00000000   Number         0  stubs.o ABSOLUTE
    _printf_c                                0x00000000   Number         0  stubs.o ABSOLUTE
    _printf_charcount                        0x00000000   Number         0  stubs.o ABSOLUTE
    _printf_d                                0x00000000   Number         0  stubs.o ABSOLUTE
    _printf_e                                0x00000000   Number         0  stubs.o ABSOLUTE
    _printf_f                                0x00000000   Number         0  stubs.o ABSOLUTE
    _printf_flags                            0x00000000   Number         0  stubs.o ABSOLUTE
    _printf_fp_dec                           0x00000000   Number         0  stubs.o ABSOLUTE
    _printf_fp_hex                           0x00000000   Number         0  stubs.o ABSOLUTE
    _printf_g                                0x00000000   Number         0  stubs.o ABSOLUTE
    _printf_i                                0x00000000   Number         0  stubs.o ABSOLUTE
    _printf_int_dec                          0x00000000   Number         0  stubs.o ABSOLUTE
    _printf_l                                0x00000000   Number         0  stubs.o ABSOLUTE
    _printf_lc                               0x00000000   Number         0  stubs.o ABSOLUTE
    _printf_ll                               0x00000000   Number         0  stubs.o ABSOLUTE
    _printf_lld                              0x00000000   Number         0  stubs.o ABSOLUTE
    _printf_lli                              0x00000000   Number         0  stubs.o ABSOLUTE
    _printf_llo                              0x00000000   Number         0  stubs.o ABSOLUTE
    _printf_llu                              0x00000000   Number         0  stubs.o ABSOLUTE
    _printf_llx                              0x00000000   Number         0  stubs.o ABSOLUTE
    _printf_longlong_dec                     0x00000000   Number         0  stubs.o ABSOLUTE
    _printf_longlong_hex                     0x00000000   Number         0  stubs.o ABSOLUTE
    _printf_longlong_oct                     0x00000000   Number         0  stubs.o ABSOLUTE
    _printf_ls                               0x00000000   Number         0  stubs.o ABSOLUTE
    _printf_mbtowc                           0x00000000   Number         0  stubs.o ABSOLUTE
    _printf_n                                0x00000000   Number         0  stubs.o ABSOLUTE
    _printf_o                                0x00000000   Number         0  stubs.o ABSOLUTE
    _printf_p                                0x00000000   Number         0  stubs.o ABSOLUTE
    _printf_percent                          0x00000000   Number         0  stubs.o ABSOLUTE
    _printf_pre_padding                      0x00000000   Number         0  stubs.o ABSOLUTE
    _printf_return_value                     0x00000000   Number         0  stubs.o ABSOLUTE
    _printf_s                                0x00000000   Number         0  stubs.o ABSOLUTE
    _printf_sizespec                         0x00000000   Number         0  stubs.o ABSOLUTE
    _printf_str                              0x00000000   Number         0  stubs.o ABSOLUTE
    _printf_truncate_signed                  0x00000000   Number         0  stubs.o ABSOLUTE
    _printf_truncate_unsigned                0x00000000   Number         0  stubs.o ABSOLUTE
    _printf_u                                0x00000000   Number         0  stubs.o ABSOLUTE
    _printf_wc                               0x00000000   Number         0  stubs.o ABSOLUTE
    _printf_wctomb                           0x00000000   Number         0  stubs.o ABSOLUTE
    _printf_widthprec                        0x00000000   Number         0  stubs.o ABSOLUTE
    _printf_x                                0x00000000   Number         0  stubs.o ABSOLUTE
    __arm_fini_                               - Undefined Weak Reference
    __cpp_initialize__aeabi_                  - Undefined Weak Reference
    __cxa_finalize                            - Undefined Weak Reference
    __decompress                              - Undefined Weak Reference
    _clock_init                               - Undefined Weak Reference
    _microlib_exit                            - Undefined Weak Reference
    __Vectors_Size                           0x000000ec   Number         0  startup_stm32f103xb.o ABSOLUTE
    __Vectors                                0x08000000   Data           4  startup_stm32f103xb.o(RESET)
    __Vectors_End                            0x080000ec   Data           0  startup_stm32f103xb.o(RESET)
    __main                                   0x080000ed   Thumb Code     0  entry.o(.ARM.Collect$$$$00000000)
    _main_stk                                0x080000ed   Thumb Code     0  entry2.o(.ARM.Collect$$$$00000001)
    _main_scatterload                        0x080000f1   Thumb Code     0  entry5.o(.ARM.Collect$$$$00000004)
    __main_after_scatterload                 0x080000f5   Thumb Code     0  entry5.o(.ARM.Collect$$$$00000004)
    _main_clock                              0x080000f5   Thumb Code     0  entry7b.o(.ARM.Collect$$$$00000008)
    _main_cpp_init                           0x080000f5   Thumb Code     0  entry8b.o(.ARM.Collect$$$$0000000A)
    _main_init                               0x080000f5   Thumb Code     0  entry9a.o(.ARM.Collect$$$$0000000B)
    __rt_lib_shutdown_fini                   0x080000fd   Thumb Code     0  entry12b.o(.ARM.Collect$$$$0000000E)
    __rt_final_cpp                           0x08000101   Thumb Code     0  entry10a.o(.ARM.Collect$$$$0000000F)
    __rt_final_exit                          0x08000101   Thumb Code     0  entry11a.o(.ARM.Collect$$$$00000011)
    Reset_Handler                            0x08000105   Thumb Code     8  startup_stm32f103xb.o(.text)
    ADC1_2_IRQHandler                        0x0800011f   Thumb Code     0  startup_stm32f103xb.o(.text)
    CAN1_RX1_IRQHandler                      0x0800011f   Thumb Code     0  startup_stm32f103xb.o(.text)
    CAN1_SCE_IRQHandler                      0x0800011f   Thumb Code     0  startup_stm32f103xb.o(.text)
    DMA1_Channel2_IRQHandler                 0x0800011f   Thumb Code     0  startup_stm32f103xb.o(.text)
    DMA1_Channel3_IRQHandler                 0x0800011f   Thumb Code     0  startup_stm32f103xb.o(.text)
    EXTI0_IRQHandler                         0x0800011f   Thumb Code     0  startup_stm32f103xb.o(.text)
    EXTI1_IRQHandler                         0x0800011f   Thumb Code     0  startup_stm32f103xb.o(.text)
    EXTI2_IRQHandler                         0x0800011f   Thumb Code     0  startup_stm32f103xb.o(.text)
    EXTI3_IRQHandler                         0x0800011f   Thumb Code     0  startup_stm32f103xb.o(.text)
    EXTI4_IRQHandler                         0x0800011f   Thumb Code     0  startup_stm32f103xb.o(.text)
    EXTI9_5_IRQHandler                       0x0800011f   Thumb Code     0  startup_stm32f103xb.o(.text)
    FLASH_IRQHandler                         0x0800011f   Thumb Code     0  startup_stm32f103xb.o(.text)
    I2C1_ER_IRQHandler                       0x0800011f   Thumb Code     0  startup_stm32f103xb.o(.text)
    I2C1_EV_IRQHandler                       0x0800011f   Thumb Code     0  startup_stm32f103xb.o(.text)
    I2C2_ER_IRQHandler                       0x0800011f   Thumb Code     0  startup_stm32f103xb.o(.text)
    I2C2_EV_IRQHandler                       0x0800011f   Thumb Code     0  startup_stm32f103xb.o(.text)
    PVD_IRQHandler                           0x0800011f   Thumb Code     0  startup_stm32f103xb.o(.text)
    RCC_IRQHandler                           0x0800011f   Thumb Code     0  startup_stm32f103xb.o(.text)
    RTC_Alarm_IRQHandler                     0x0800011f   Thumb Code     0  startup_stm32f103xb.o(.text)
    RTC_IRQHandler                           0x0800011f   Thumb Code     0  startup_stm32f103xb.o(.text)
    SPI1_IRQHandler                          0x0800011f   Thumb Code     0  startup_stm32f103xb.o(.text)
    SPI2_IRQHandler                          0x0800011f   Thumb Code     0  startup_stm32f103xb.o(.text)
    TAMPER_IRQHandler                        0x0800011f   Thumb Code     0  startup_stm32f103xb.o(.text)
    TIM1_BRK_IRQHandler                      0x0800011f   Thumb Code     0  startup_stm32f103xb.o(.text)
    TIM1_CC_IRQHandler                       0x0800011f   Thumb Code     0  startup_stm32f103xb.o(.text)
    TIM1_TRG_COM_IRQHandler                  0x0800011f   Thumb Code     0  startup_stm32f103xb.o(.text)
    TIM1_UP_IRQHandler                       0x0800011f   Thumb Code     0  startup_stm32f103xb.o(.text)
    TIM2_IRQHandler                          0x0800011f   Thumb Code     0  startup_stm32f103xb.o(.text)
    TIM3_IRQHandler                          0x0800011f   Thumb Code     0  startup_stm32f103xb.o(.text)
    TIM4_IRQHandler                          0x0800011f   Thumb Code     0  startup_stm32f103xb.o(.text)
    USART3_IRQHandler                        0x0800011f   Thumb Code     0  startup_stm32f103xb.o(.text)
    USBWakeUp_IRQHandler                     0x0800011f   Thumb Code     0  startup_stm32f103xb.o(.text)
    USB_HP_CAN1_TX_IRQHandler                0x0800011f   Thumb Code     0  startup_stm32f103xb.o(.text)
    USB_LP_CAN1_RX0_IRQHandler               0x0800011f   Thumb Code     0  startup_stm32f103xb.o(.text)
    WWDG_IRQHandler                          0x0800011f   Thumb Code     0  startup_stm32f103xb.o(.text)
    __aeabi_llsr                             0x08000129   Thumb Code    32  llushr.o(.text)
    _ll_ushift_r                             0x08000129   Thumb Code     0  llushr.o(.text)
    __aeabi_memset                           0x08000149   Thumb Code    14  memseta.o(.text)
    __aeabi_memset4                          0x08000149   Thumb Code     0  memseta.o(.text)
    __aeabi_memset8                          0x08000149   Thumb Code     0  memseta.o(.text)
    __aeabi_memclr                           0x08000157   Thumb Code     4  memseta.o(.text)
    __aeabi_memclr4                          0x08000157   Thumb Code     0  memseta.o(.text)
    __aeabi_memclr8                          0x08000157   Thumb Code     0  memseta.o(.text)
    _memset$wrapper                          0x0800015b   Thumb Code    18  memseta.o(.text)
    memcmp                                   0x0800016d   Thumb Code    26  memcmp.o(.text)
    __aeabi_fadd                             0x08000187   Thumb Code   164  fadd.o(.text)
    __aeabi_fsub                             0x0800022b   Thumb Code     6  fadd.o(.text)
    __aeabi_frsub                            0x08000231   Thumb Code     6  fadd.o(.text)
    __aeabi_fmul                             0x08000237   Thumb Code   100  fmul.o(.text)
    __aeabi_fdiv                             0x0800029b   Thumb Code   124  fdiv.o(.text)
    __ARM_scalbnf                            0x08000317   Thumb Code    24  fscalb.o(.text)
    scalbnf                                  0x08000317   Thumb Code     0  fscalb.o(.text)
    __aeabi_dadd                             0x0800032f   Thumb Code   322  dadd.o(.text)
    __aeabi_dsub                             0x08000471   Thumb Code     6  dadd.o(.text)
    __aeabi_drsub                            0x08000477   Thumb Code     6  dadd.o(.text)
    __aeabi_dmul                             0x0800047d   Thumb Code   228  dmul.o(.text)
    __aeabi_ddiv                             0x08000561   Thumb Code   222  ddiv.o(.text)
    __ARM_scalbn                             0x0800063f   Thumb Code    46  dscalb.o(.text)
    scalbn                                   0x0800063f   Thumb Code     0  dscalb.o(.text)
    __aeabi_i2f                              0x0800066d   Thumb Code    18  fflti.o(.text)
    __aeabi_ui2f                             0x0800067f   Thumb Code    10  ffltui.o(.text)
    __aeabi_i2d                              0x08000689   Thumb Code    34  dflti.o(.text)
    __aeabi_ui2d                             0x080006ab   Thumb Code    26  dfltui.o(.text)
    __aeabi_f2iz                             0x080006c5   Thumb Code    50  ffixi.o(.text)
    __aeabi_f2uiz                            0x080006f7   Thumb Code    40  ffixui.o(.text)
    __aeabi_f2d                              0x0800071f   Thumb Code    38  f2d.o(.text)
    __aeabi_cdrcmple                         0x08000745   Thumb Code    48  cdrcmple.o(.text)
    __aeabi_d2f                              0x08000775   Thumb Code    56  d2f.o(.text)
    __aeabi_uidiv                            0x080007ad   Thumb Code     0  uidiv.o(.text)
    __aeabi_uidivmod                         0x080007ad   Thumb Code    44  uidiv.o(.text)
    __aeabi_uldivmod                         0x080007d9   Thumb Code    98  uldiv.o(.text)
    __aeabi_llsl                             0x0800083b   Thumb Code    30  llshl.o(.text)
    _ll_shift_l                              0x0800083b   Thumb Code     0  llshl.o(.text)
    __aeabi_lasr                             0x08000859   Thumb Code    36  llsshr.o(.text)
    _ll_sshift_r                             0x08000859   Thumb Code     0  llsshr.o(.text)
    __I$use$fp                               0x0800087d   Thumb Code     0  iusefp.o(.text)
    _float_round                             0x0800087d   Thumb Code    18  fepilogue.o(.text)
    _float_epilogue                          0x0800088f   Thumb Code    92  fepilogue.o(.text)
    _double_round                            0x080008eb   Thumb Code    30  depilogue.o(.text)
    _double_epilogue                         0x08000909   Thumb Code   156  depilogue.o(.text)
    __aeabi_d2ulz                            0x080009a5   Thumb Code    48  dfixul.o(.text)
    __aeabi_cdcmpeq                          0x080009d5   Thumb Code     0  cdcmple.o(.text)
    __aeabi_cdcmple                          0x080009d5   Thumb Code    48  cdcmple.o(.text)
    __scatterload                            0x08000a05   Thumb Code    28  init.o(.text)
    __scatterload_rt2                        0x08000a05   Thumb Code     0  init.o(.text)
    _dsqrt                                   0x08000a29   Thumb Code   162  dsqrt.o(.text)
    ADC_ConversionStop_Disable               0x08000acd   Thumb Code    86  stm32f1xx_hal_adc.o(i.ADC_ConversionStop_Disable)
    ADC_DMAConvCplt                          0x08000b23   Thumb Code    78  stm32f1xx_hal_adc.o(i.ADC_DMAConvCplt)
    ADC_DMAError                             0x08000b71   Thumb Code    26  stm32f1xx_hal_adc.o(i.ADC_DMAError)
    ADC_DMAHalfConvCplt                      0x08000b8b   Thumb Code    10  stm32f1xx_hal_adc.o(i.ADC_DMAHalfConvCplt)
    ADC_Enable                               0x08000b95   Thumb Code   114  stm32f1xx_hal_adc.o(i.ADC_Enable)
    BusFault_Handler                         0x08000c11   Thumb Code     2  stm32f1xx_it.o(i.BusFault_Handler)
    DMA1_Channel1_IRQHandler                 0x08000c15   Thumb Code    18  stm32f1xx_it.o(i.DMA1_Channel1_IRQHandler)
    DMA1_Channel4_IRQHandler                 0x08000c31   Thumb Code     6  stm32f1xx_it.o(i.DMA1_Channel4_IRQHandler)
    DMA1_Channel5_IRQHandler                 0x08000c3d   Thumb Code     6  stm32f1xx_it.o(i.DMA1_Channel5_IRQHandler)
    DMA1_Channel6_IRQHandler                 0x08000c49   Thumb Code     6  stm32f1xx_it.o(i.DMA1_Channel6_IRQHandler)
    DMA1_Channel7_IRQHandler                 0x08000c55   Thumb Code     6  stm32f1xx_it.o(i.DMA1_Channel7_IRQHandler)
    DMA_Printf                               0x08000c61   Thumb Code   176  usart.o(i.DMA_Printf)
    DebugMon_Handler                         0x08000d47   Thumb Code     2  stm32f1xx_it.o(i.DebugMon_Handler)
    EEPROMReadFloat                          0x08000d49   Thumb Code    28  eeprom.o(i.EEPROMReadFloat)
    EEPROMReload                             0x08000d65   Thumb Code   190  eeprom.o(i.EEPROMReload)
    EEPROM_Config                            0x08000e39   Thumb Code    10  eeprom.o(i.EEPROM_Config)
    EEPROM_ReadBytes                         0x08000e49   Thumb Code   186  eeprom.o(i.EEPROM_ReadBytes)
    EXTI15_10_IRQHandler                     0x08000f09   Thumb Code    22  stm32f1xx_it.o(i.EXTI15_10_IRQHandler)
    Error_Handler                            0x08000f1f   Thumb Code     4  main.o(i.Error_Handler)
    HAL_ADCEx_Calibration_Start              0x08000f25   Thumb Code   210  stm32f1xx_hal_adc_ex.o(i.HAL_ADCEx_Calibration_Start)
    HAL_ADC_ConfigChannel                    0x08000ffd   Thumb Code   240  stm32f1xx_hal_adc.o(i.HAL_ADC_ConfigChannel)
    HAL_ADC_ConvCpltCallback                 0x080010f9   Thumb Code     2  stm32f1xx_hal_adc.o(i.HAL_ADC_ConvCpltCallback)
    HAL_ADC_ConvHalfCpltCallback             0x080010fb   Thumb Code     2  stm32f1xx_hal_adc.o(i.HAL_ADC_ConvHalfCpltCallback)
    HAL_ADC_ErrorCallback                    0x080010fd   Thumb Code     2  stm32f1xx_hal_adc.o(i.HAL_ADC_ErrorCallback)
    HAL_ADC_Init                             0x08001101   Thumb Code   272  stm32f1xx_hal_adc.o(i.HAL_ADC_Init)
    HAL_ADC_MspInit                          0x0800121d   Thumb Code   124  adc.o(i.HAL_ADC_MspInit)
    HAL_ADC_Start_DMA                        0x080012ad   Thumb Code   246  stm32f1xx_hal_adc.o(i.HAL_ADC_Start_DMA)
    HAL_ADC_Stop_DMA                         0x080013b9   Thumb Code    86  stm32f1xx_hal_adc.o(i.HAL_ADC_Stop_DMA)
    HAL_ADC_Stop_IT                          0x0800140f   Thumb Code    62  stm32f1xx_hal_adc.o(i.HAL_ADC_Stop_IT)
    HAL_DMA_Abort                            0x0800144d   Thumb Code    70  stm32f1xx_hal_dma.o(i.HAL_DMA_Abort)
    HAL_DMA_Abort_IT                         0x08001495   Thumb Code   148  stm32f1xx_hal_dma.o(i.HAL_DMA_Abort_IT)
    HAL_DMA_GetError                         0x0800152d   Thumb Code     4  stm32f1xx_hal_dma.o(i.HAL_DMA_GetError)
    HAL_DMA_GetState                         0x08001531   Thumb Code     6  stm32f1xx_hal_dma.o(i.HAL_DMA_GetState)
    HAL_DMA_IRQHandler                       0x08001539   Thumb Code   316  stm32f1xx_hal_dma.o(i.HAL_DMA_IRQHandler)
    HAL_DMA_Init                             0x0800168d   Thumb Code    84  stm32f1xx_hal_dma.o(i.HAL_DMA_Init)
    HAL_DMA_Start_IT                         0x080016e9   Thumb Code   112  stm32f1xx_hal_dma.o(i.HAL_DMA_Start_IT)
    HAL_GPIO_EXTI_Callback                   0x08001759   Thumb Code   546  exit.o(i.HAL_GPIO_EXTI_Callback)
    HAL_GPIO_EXTI_IRQHandler                 0x080019c1   Thumb Code    18  stm32f1xx_hal_gpio.o(i.HAL_GPIO_EXTI_IRQHandler)
    HAL_GPIO_Init                            0x080019d9   Thumb Code   446  stm32f1xx_hal_gpio.o(i.HAL_GPIO_Init)
    HAL_GPIO_ReadPin                         0x08001bb9   Thumb Code    10  stm32f1xx_hal_gpio.o(i.HAL_GPIO_ReadPin)
    HAL_GPIO_WritePin                        0x08001bc3   Thumb Code    10  stm32f1xx_hal_gpio.o(i.HAL_GPIO_WritePin)
    HAL_GetTick                              0x08001bcd   Thumb Code     6  stm32f1xx_hal.o(i.HAL_GetTick)
    HAL_IncTick                              0x08001bd9   Thumb Code    12  stm32f1xx_hal.o(i.HAL_IncTick)
    HAL_Init                                 0x08001be9   Thumb Code    32  stm32f1xx_hal.o(i.HAL_Init)
    HAL_InitTick                             0x08001c0d   Thumb Code    54  stm32f1xx_hal.o(i.HAL_InitTick)
    HAL_MspInit                              0x08001c4d   Thumb Code    52  stm32f1xx_hal_msp.o(i.HAL_MspInit)
    HAL_NVIC_EnableIRQ                       0x08001c89   Thumb Code    26  stm32f1xx_hal_cortex.o(i.HAL_NVIC_EnableIRQ)
    HAL_NVIC_SetPriority                     0x08001ca5   Thumb Code    60  stm32f1xx_hal_cortex.o(i.HAL_NVIC_SetPriority)
    HAL_NVIC_SetPriorityGrouping             0x08001ce5   Thumb Code    26  stm32f1xx_hal_cortex.o(i.HAL_NVIC_SetPriorityGrouping)
    HAL_RCCEx_GetPeriphCLKFreq               0x08001d09   Thumb Code   166  stm32f1xx_hal_rcc_ex.o(i.HAL_RCCEx_GetPeriphCLKFreq)
    HAL_RCCEx_PeriphCLKConfig                0x08001dd1   Thumb Code   224  stm32f1xx_hal_rcc_ex.o(i.HAL_RCCEx_PeriphCLKConfig)
    HAL_RCC_ClockConfig                      0x08001ebd   Thumb Code   280  stm32f1xx_hal_rcc.o(i.HAL_RCC_ClockConfig)
    HAL_RCC_GetPCLK1Freq                     0x08001fe9   Thumb Code    20  stm32f1xx_hal_rcc.o(i.HAL_RCC_GetPCLK1Freq)
    HAL_RCC_GetPCLK2Freq                     0x08002009   Thumb Code    20  stm32f1xx_hal_rcc.o(i.HAL_RCC_GetPCLK2Freq)
    HAL_RCC_GetSysClockFreq                  0x08002029   Thumb Code    74  stm32f1xx_hal_rcc.o(i.HAL_RCC_GetSysClockFreq)
    HAL_RCC_OscConfig                        0x08002095   Thumb Code   778  stm32f1xx_hal_rcc.o(i.HAL_RCC_OscConfig)
    HAL_SYSTICK_Config                       0x080023b5   Thumb Code    40  stm32f1xx_hal_cortex.o(i.HAL_SYSTICK_Config)
    HAL_TIMEx_ConfigBreakDeadTime            0x080023dd   Thumb Code    84  stm32f1xx_hal_tim_ex.o(i.HAL_TIMEx_ConfigBreakDeadTime)
    HAL_TIMEx_MasterConfigSynchronization    0x08002431   Thumb Code    92  stm32f1xx_hal_tim_ex.o(i.HAL_TIMEx_MasterConfigSynchronization)
    HAL_TIM_Base_Init                        0x08002499   Thumb Code    90  stm32f1xx_hal_tim.o(i.HAL_TIM_Base_Init)
    HAL_TIM_Base_MspInit                     0x080024f5   Thumb Code    52  tim.o(i.HAL_TIM_Base_MspInit)
    HAL_TIM_Base_Start                       0x08002531   Thumb Code    66  stm32f1xx_hal_tim.o(i.HAL_TIM_Base_Start)
    HAL_TIM_Base_Stop                        0x08002581   Thumb Code    38  stm32f1xx_hal_tim.o(i.HAL_TIM_Base_Stop)
    HAL_TIM_ConfigClockSource                0x080025a7   Thumb Code   214  stm32f1xx_hal_tim.o(i.HAL_TIM_ConfigClockSource)
    HAL_TIM_Encoder_Init                     0x0800267d   Thumb Code   164  stm32f1xx_hal_tim.o(i.HAL_TIM_Encoder_Init)
    HAL_TIM_Encoder_MspInit                  0x08002721   Thumb Code   140  tim.o(i.HAL_TIM_Encoder_MspInit)
    HAL_TIM_Encoder_Start                    0x080027c1   Thumb Code   142  stm32f1xx_hal_tim.o(i.HAL_TIM_Encoder_Start)
    HAL_TIM_MspPostInit                      0x08002851   Thumb Code    66  tim.o(i.HAL_TIM_MspPostInit)
    HAL_TIM_PWM_ConfigChannel                0x080028a1   Thumb Code   198  stm32f1xx_hal_tim.o(i.HAL_TIM_PWM_ConfigChannel)
    HAL_TIM_PWM_Init                         0x08002967   Thumb Code    90  stm32f1xx_hal_tim.o(i.HAL_TIM_PWM_Init)
    HAL_TIM_PWM_MspInit                      0x080029c1   Thumb Code     2  stm32f1xx_hal_tim.o(i.HAL_TIM_PWM_MspInit)
    HAL_TIM_PWM_Start                        0x080029c5   Thumb Code   144  stm32f1xx_hal_tim.o(i.HAL_TIM_PWM_Start)
    HAL_UARTEx_RxEventCallback               0x08002a61   Thumb Code     2  stm32f1xx_hal_uart.o(i.HAL_UARTEx_RxEventCallback)
    HAL_UART_Abort                           0x08002a63   Thumb Code   156  stm32f1xx_hal_uart.o(i.HAL_UART_Abort)
    HAL_UART_ErrorCallback                   0x08002b01   Thumb Code    88  usart.o(i.HAL_UART_ErrorCallback)
    HAL_UART_IRQHandler                      0x08002b5d   Thumb Code   520  stm32f1xx_hal_uart.o(i.HAL_UART_IRQHandler)
    HAL_UART_Init                            0x08002d69   Thumb Code    98  stm32f1xx_hal_uart.o(i.HAL_UART_Init)
    HAL_UART_MspInit                         0x08002dcd   Thumb Code   382  usart.o(i.HAL_UART_MspInit)
    HAL_UART_Receive_DMA                     0x08002f65   Thumb Code    42  stm32f1xx_hal_uart.o(i.HAL_UART_Receive_DMA)
    HAL_UART_RxCpltCallback                  0x08002f8f   Thumb Code     2  usart.o(i.HAL_UART_RxCpltCallback)
    HAL_UART_RxHalfCpltCallback              0x08002f91   Thumb Code     2  stm32f1xx_hal_uart.o(i.HAL_UART_RxHalfCpltCallback)
    HAL_UART_Transmit                        0x08002f95   Thumb Code   178  stm32f1xx_hal_uart.o(i.HAL_UART_Transmit)
    HAL_UART_Transmit_DMA                    0x08003049   Thumb Code   114  stm32f1xx_hal_uart.o(i.HAL_UART_Transmit_DMA)
    HAL_UART_TxCpltCallback                  0x080030c9   Thumb Code     2  stm32f1xx_hal_uart.o(i.HAL_UART_TxCpltCallback)
    HAL_UART_TxHalfCpltCallback              0x080030cb   Thumb Code     2  stm32f1xx_hal_uart.o(i.HAL_UART_TxHalfCpltCallback)
    HardFault_Handler                        0x080030cd   Thumb Code     2  stm32f1xx_it.o(i.HardFault_Handler)
    I2C_GPIO_Config                          0x080030cf   Thumb Code     4  i2c.o(i.I2C_GPIO_Config)
    MPU_GPIO_MODESET                         0x080030d5   Thumb Code   114  mpuiic.o(i.MPU_GPIO_MODESET)
    MPU_Get_Gyroscope                        0x0800314d   Thumb Code    50  mpu6050.o(i.MPU_Get_Gyroscope)
    MPU_IIC_Ack                              0x08003181   Thumb Code    40  mpuiic.o(i.MPU_IIC_Ack)
    MPU_IIC_Delay                            0x080031ad   Thumb Code    12  mpuiic.o(i.MPU_IIC_Delay)
    MPU_IIC_Init                             0x080031b9   Thumb Code     2  mpuiic.o(i.MPU_IIC_Init)
    MPU_IIC_NAck                             0x080031bd   Thumb Code    40  mpuiic.o(i.MPU_IIC_NAck)
    MPU_IIC_Read_Byte                        0x080031e9   Thumb Code    78  mpuiic.o(i.MPU_IIC_Read_Byte)
    MPU_IIC_Send_Byte                        0x0800323d   Thumb Code    60  mpuiic.o(i.MPU_IIC_Send_Byte)
    MPU_IIC_Start                            0x0800327d   Thumb Code    42  mpuiic.o(i.MPU_IIC_Start)
    MPU_IIC_Stop                             0x080032ad   Thumb Code    44  mpuiic.o(i.MPU_IIC_Stop)
    MPU_IIC_Wait_Ack                         0x080032dd   Thumb Code    64  mpuiic.o(i.MPU_IIC_Wait_Ack)
    MPU_Init                                 0x08003321   Thumb Code   122  mpu6050.o(i.MPU_Init)
    MPU_Read_Byte                            0x080033a1   Thumb Code    58  mpu6050.o(i.MPU_Read_Byte)
    MPU_Read_Len                             0x080033dd   Thumb Code   108  mpu6050.o(i.MPU_Read_Len)
    MPU_Set_Accel_Fsr                        0x08003449   Thumb Code    10  mpu6050.o(i.MPU_Set_Accel_Fsr)
    MPU_Set_Gyro_Fsr                         0x08003453   Thumb Code    10  mpu6050.o(i.MPU_Set_Gyro_Fsr)
    MPU_Set_LPF                              0x0800345d   Thumb Code    48  mpu6050.o(i.MPU_Set_LPF)
    MPU_Set_Rate                             0x0800348d   Thumb Code    46  mpu6050.o(i.MPU_Set_Rate)
    MPU_Write_Byte                           0x080034bb   Thumb Code    60  mpu6050.o(i.MPU_Write_Byte)
    MPU_Write_Len                            0x080034f7   Thumb Code    82  mpu6050.o(i.MPU_Write_Len)
    MX_ADC1_Init                             0x08003549   Thumb Code    88  adc.o(i.MX_ADC1_Init)
    MX_DMA_Init                              0x080035a9   Thumb Code   104  dma.o(i.MX_DMA_Init)
    MX_GPIO_Init                             0x08003615   Thumb Code   254  gpio.o(i.MX_GPIO_Init)
    MX_TIM1_Init                             0x08003729   Thumb Code   210  tim.o(i.MX_TIM1_Init)
    MX_TIM2_Init                             0x08003805   Thumb Code    96  tim.o(i.MX_TIM2_Init)
    MX_TIM3_Init                             0x08003869   Thumb Code    98  tim.o(i.MX_TIM3_Init)
    MX_TIM4_Init                             0x080038d5   Thumb Code    98  tim.o(i.MX_TIM4_Init)
    MX_USART1_UART_Init                      0x08003941   Thumb Code    82  usart.o(i.MX_USART1_UART_Init)
    MX_USART2_UART_Init                      0x080039a1   Thumb Code    82  usart.o(i.MX_USART2_UART_Init)
    MemManage_Handler                        0x08003a01   Thumb Code     2  stm32f1xx_it.o(i.MemManage_Handler)
    Motor_Init                               0x08003a05   Thumb Code    22  pwm.o(i.Motor_Init)
    NMI_Handler                              0x08003a21   Thumb Code     2  stm32f1xx_it.o(i.NMI_Handler)
    PendSV_Handler                           0x08003a23   Thumb Code     2  stm32f1xx_it.o(i.PendSV_Handler)
    Printf                                   0x08003a25   Thumb Code    76  usart.o(i.Printf)
    Read_Encoder                             0x08003a81   Thumb Code    28  encoder.o(i.Read_Encoder)
    SVC_Handler                              0x08003aa5   Thumb Code     2  stm32f1xx_it.o(i.SVC_Handler)
    Set_Pwm                                  0x08003aa9   Thumb Code   176  pwm.o(i.Set_Pwm)
    SysTick_Handler                          0x08003b69   Thumb Code     4  stm32f1xx_it.o(i.SysTick_Handler)
    SystemClock_Config                       0x08003b6d   Thumb Code   120  main.o(i.SystemClock_Config)
    SystemInit                               0x08003be5   Thumb Code     2  system_stm32f1xx.o(i.SystemInit)
    TIM_Base_SetConfig                       0x08003be9   Thumb Code    94  stm32f1xx_hal_tim.o(i.TIM_Base_SetConfig)
    TIM_CCxChannelCmd                        0x08003c55   Thumb Code    26  stm32f1xx_hal_tim.o(i.TIM_CCxChannelCmd)
    TIM_ETR_SetConfig                        0x08003c6f   Thumb Code    20  stm32f1xx_hal_tim.o(i.TIM_ETR_SetConfig)
    TIM_OC2_SetConfig                        0x08003ce5   Thumb Code    84  stm32f1xx_hal_tim.o(i.TIM_OC2_SetConfig)
    UART_Start_Receive_DMA                   0x080040d5   Thumb Code    98  stm32f1xx_hal_uart.o(i.UART_Start_Receive_DMA)
    USART1_IDLE_Handler                      0x080041a9   Thumb Code    68  usart.o(i.USART1_IDLE_Handler)
    USART1_IRQHandler                        0x080041f5   Thumb Code    16  stm32f1xx_it.o(i.USART1_IRQHandler)
    USART2_IDLE_Handler                      0x08004209   Thumb Code    68  usart.o(i.USART2_IDLE_Handler)
    USART2_IRQHandler                        0x08004255   Thumb Code    16  stm32f1xx_it.o(i.USART2_IRQHandler)
    USART_DMARec_Stop                        0x08004269   Thumb Code    88  usart.o(i.USART_DMARec_Stop)
    Ultra_EXIT_Service                       0x080042c1   Thumb Code    56  ultra.o(i.Ultra_EXIT_Service)
    UsageFault_Handler                       0x08004305   Thumb Code     2  stm32f1xx_it.o(i.UsageFault_Handler)
    __0printf                                0x08004309   Thumb Code    22  printfa.o(i.__0printf)
    __1printf                                0x08004309   Thumb Code     0  printfa.o(i.__0printf)
    __2printf                                0x08004309   Thumb Code     0  printfa.o(i.__0printf)
    __c89printf                              0x08004309   Thumb Code     0  printfa.o(i.__0printf)
    printf                                   0x08004309   Thumb Code     0  printfa.o(i.__0printf)
    __0vsnprintf                             0x08004329   Thumb Code    46  printfa.o(i.__0vsnprintf)
    __1vsnprintf                             0x08004329   Thumb Code     0  printfa.o(i.__0vsnprintf)
    __2vsnprintf                             0x08004329   Thumb Code     0  printfa.o(i.__0vsnprintf)
    __c89vsnprintf                           0x08004329   Thumb Code     0  printfa.o(i.__0vsnprintf)
    vsnprintf                                0x08004329   Thumb Code     0  printfa.o(i.__0vsnprintf)
    __ARM_fpclassify                         0x0800435d   Thumb Code    40  fpclassify.o(i.__ARM_fpclassify)
    __kernel_poly                            0x080043a5   Thumb Code   170  poly.o(i.__kernel_poly)
    __mathlib_dbl_infnan                     0x0800444f   Thumb Code     6  dunder.o(i.__mathlib_dbl_infnan)
    __mathlib_dbl_infnan2                    0x08004455   Thumb Code     4  dunder.o(i.__mathlib_dbl_infnan2)
    __mathlib_dbl_invalid                    0x08004459   Thumb Code    12  dunder.o(i.__mathlib_dbl_invalid)
    __mathlib_dbl_underflow                  0x08004465   Thumb Code    10  dunder.o(i.__mathlib_dbl_underflow)
    __scatterload_copy                       0x08004475   Thumb Code    14  handlers.o(i.__scatterload_copy)
    __scatterload_null                       0x08004483   Thumb Code     2  handlers.o(i.__scatterload_null)
    __scatterload_zeroinit                   0x08004485   Thumb Code    14  handlers.o(i.__scatterload_zeroinit)
    __set_errno                              0x08004495   Thumb Code     6  errno.o(i.__set_errno)
    asin                                     0x08004d41   Thumb Code   572  asin.o(i.asin)
    atan                                     0x08004fb1   Thumb Code   474  atan.o(i.atan)
    atan2                                    0x080051d1   Thumb Code   374  atan2.o(i.atan2)
    balance_Control                          0x0800536d   Thumb Code    56  pid.o(i.balance_Control)
    delay_ms                                 0x080053a9   Thumb Code    52  delay.o(i.delay_ms)
    delay_s                                  0x080053e1   Thumb Code    62  delay.o(i.delay_s)
    dmp_enable_6x_lp_quat                    0x08005425   Thumb Code    58  inv_mpu_dmp_motion_driver.o(i.dmp_enable_6x_lp_quat)
    dmp_enable_feature                       0x08005461   Thumb Code   464  inv_mpu_dmp_motion_driver.o(i.dmp_enable_feature)
    dmp_enable_gyro_cal                      0x08005639   Thumb Code    34  inv_mpu_dmp_motion_driver.o(i.dmp_enable_gyro_cal)
    dmp_enable_lp_quat                       0x08005675   Thumb Code    58  inv_mpu_dmp_motion_driver.o(i.dmp_enable_lp_quat)
    dmp_load_motion_driver_firmware          0x080056b1   Thumb Code    16  inv_mpu_dmp_motion_driver.o(i.dmp_load_motion_driver_firmware)
    dmp_read_fifo                            0x080056c5   Thumb Code   352  inv_mpu_dmp_motion_driver.o(i.dmp_read_fifo)
    dmp_set_fifo_rate                        0x08005829   Thumb Code    82  inv_mpu_dmp_motion_driver.o(i.dmp_set_fifo_rate)
    dmp_set_orientation                      0x0800588d   Thumb Code   246  inv_mpu_dmp_motion_driver.o(i.dmp_set_orientation)
    dmp_set_shake_reject_thresh              0x08005999   Thumb Code    48  inv_mpu_dmp_motion_driver.o(i.dmp_set_shake_reject_thresh)
    dmp_set_shake_reject_time                0x080059c9   Thumb Code    32  inv_mpu_dmp_motion_driver.o(i.dmp_set_shake_reject_time)
    dmp_set_shake_reject_timeout             0x080059e9   Thumb Code    32  inv_mpu_dmp_motion_driver.o(i.dmp_set_shake_reject_timeout)
    dmp_set_tap_axes                         0x08005a09   Thumb Code    64  inv_mpu_dmp_motion_driver.o(i.dmp_set_tap_axes)
    dmp_set_tap_count                        0x08005a49   Thumb Code    34  inv_mpu_dmp_motion_driver.o(i.dmp_set_tap_count)
    dmp_set_tap_thresh                       0x08005a6d   Thumb Code   274  inv_mpu_dmp_motion_driver.o(i.dmp_set_tap_thresh)
    dmp_set_tap_time                         0x08005b95   Thumb Code    32  inv_mpu_dmp_motion_driver.o(i.dmp_set_tap_time)
    dmp_set_tap_time_multi                   0x08005bb5   Thumb Code    32  inv_mpu_dmp_motion_driver.o(i.dmp_set_tap_time_multi)
    fputc                                    0x08005bd5   Thumb Code    64  usart.o(i.fputc)
    get_Battery_Voltage                      0x08005c21   Thumb Code    88  adc.o(i.get_Battery_Voltage)
    i2c_Ack                                  0x08005c8d   Thumb Code    30  i2c.o(i.i2c_Ack)
    i2c_NAck                                 0x08005cb7   Thumb Code    28  i2c.o(i.i2c_NAck)
    i2c_ReadByte                             0x08005cd3   Thumb Code    56  i2c.o(i.i2c_ReadByte)
    i2c_SendByte                             0x08005d0b   Thumb Code    66  i2c.o(i.i2c_SendByte)
    i2c_Start                                0x08005d4d   Thumb Code    32  i2c.o(i.i2c_Start)
    i2c_Stop                                 0x08005d6d   Thumb Code    18  i2c.o(i.i2c_Stop)
    i2c_WaitAck                              0x08005d7f   Thumb Code    42  i2c.o(i.i2c_WaitAck)
    inv_orientation_matrix_to_scalar         0x08005da9   Thumb Code    34  inv_mpu.o(i.inv_orientation_matrix_to_scalar)
    inv_row_2_scale                          0x08005dcb   Thumb Code    72  inv_mpu.o(i.inv_row_2_scale)
    main                                     0x08005e15   Thumb Code   160  main.o(i.main)
    mget_ms                                  0x08005eed   Thumb Code     2  inv_mpu.o(i.mget_ms)
    mpu_configure_fifo                       0x08005ef1   Thumb Code    78  inv_mpu.o(i.mpu_configure_fifo)
    mpu_dmp_get_data                         0x08005f45   Thumb Code   408  inv_mpu.o(i.mpu_dmp_get_data)
    mpu_dmp_init                             0x080060e1   Thumb Code   148  inv_mpu.o(i.mpu_dmp_init)
    mpu_get_accel_fsr                        0x08006179   Thumb Code    54  inv_mpu.o(i.mpu_get_accel_fsr)
    mpu_init                                 0x080061b5   Thumb Code   310  inv_mpu.o(i.mpu_init)
    mpu_load_firmware                        0x0800633d   Thumb Code   154  inv_mpu.o(i.mpu_load_firmware)
    mpu_lp_accel_mode                        0x080063dd   Thumb Code   178  inv_mpu.o(i.mpu_lp_accel_mode)
    mpu_read_fifo_stream                     0x08006495   Thumb Code   140  inv_mpu.o(i.mpu_read_fifo_stream)
    mpu_read_mem                             0x08006525   Thumb Code    80  inv_mpu.o(i.mpu_read_mem)
    mpu_reset_fifo                           0x08006579   Thumb Code   346  inv_mpu.o(i.mpu_reset_fifo)
    mpu_set_accel_fsr                        0x080066d9   Thumb Code    98  inv_mpu.o(i.mpu_set_accel_fsr)
    mpu_set_bypass                           0x08006741   Thumb Code   214  inv_mpu.o(i.mpu_set_bypass)
    mpu_set_dmp_state                        0x0800681d   Thumb Code   114  inv_mpu.o(i.mpu_set_dmp_state)
    mpu_set_gyro_fsr                         0x08006895   Thumb Code   104  inv_mpu.o(i.mpu_set_gyro_fsr)
    mpu_set_int_latched                      0x08006901   Thumb Code    94  inv_mpu.o(i.mpu_set_int_latched)
    mpu_set_lpf                              0x08006965   Thumb Code   102  inv_mpu.o(i.mpu_set_lpf)
    mpu_set_sample_rate                      0x080069d1   Thumb Code   124  inv_mpu.o(i.mpu_set_sample_rate)
    mpu_set_sensors                          0x08006a51   Thumb Code   178  inv_mpu.o(i.mpu_set_sensors)
    mpu_write_mem                            0x08006b09   Thumb Code    80  inv_mpu.o(i.mpu_write_mem)
    sqrt                                     0x08006bb5   Thumb Code    76  sqrt.o(i.sqrt)
    turn_Control                             0x08006c01   Thumb Code    38  pid.o(i.turn_Control)
    velocity_Control                         0x08006c29   Thumb Code   190  pid.o(i.velocity_Control)
    reg                                      0x08006d04   Data          27  inv_mpu.o(.constdata)
    hw                                       0x08006d20   Data          12  inv_mpu.o(.constdata)
    test                                     0x08006d2c   Data          40  inv_mpu.o(.constdata)
    AHBPrescTable                            0x0800794a   Data          16  system_stm32f1xx.o(.constdata)
    APBPrescTable                            0x0800795a   Data           8  system_stm32f1xx.o(.constdata)
    __mathlib_zero                           0x08007a50   Data           8  qnan.o(.constdata)
    Region$$Table$$Base                      0x08007aa8   Number         0  anon$$obj.o(Region$$Table)
    Region$$Table$$Limit                     0x08007ac8   Number         0  anon$$obj.o(Region$$Table)
    User_Data                                0x20000000   Data          28  blue_teeth.o(.data)
    gyrox                                    0x2000001e   Data           2  exit.o(.data)
    gyroy                                    0x20000020   Data           2  exit.o(.data)
    gyroz                                    0x20000022   Data           2  exit.o(.data)
    left_encode                              0x20000024   Data           4  exit.o(.data)
    right_encode                             0x20000028   Data           4  exit.o(.data)
    right_pwm                                0x2000002c   Data           4  exit.o(.data)
    left_pwm                                 0x20000030   Data           4  exit.o(.data)
    pitch                                    0x20000038   Data           4  exit.o(.data)
    roll                                     0x2000003c   Data           4  exit.o(.data)
    yaw                                      0x20000040   Data           4  exit.o(.data)
    Mechanical_balance                       0x20000044   Data           4  pid.o(.data)
    Death_Voltage                            0x20000048   Data           2  pwm.o(.data)
    ULTRA_FLAG                               0x2000004a   Data           1  ultra.o(.data)
    INT_FLAG                                 0x20000085   Data           1  mpu6050.o(.data)
    Rec_Complete1                            0x20000086   Data           1  usart.o(.data)
    Rec_Complete2                            0x20000087   Data           1  usart.o(.data)
    Uart_Error_Flag                          0x20000088   Data           1  usart.o(.data)
    USART_FLAG                               0x20000089   Data           1  usart.o(.data)
    Rec_Length1                              0x2000008a   Data           2  usart.o(.data)
    Rec_Length2                              0x2000008c   Data           2  usart.o(.data)
    uwTickFreq                               0x20000090   Data           1  stm32f1xx_hal.o(.data)
    uwTickPrio                               0x20000094   Data           4  stm32f1xx_hal.o(.data)
    uwTick                                   0x20000098   Data           4  stm32f1xx_hal.o(.data)
    SystemCoreClock                          0x2000009c   Data           4  system_stm32f1xx.o(.data)
    __stdout                                 0x200000a0   Data           4  stdout.o(.data)
    velocity_PID                             0x200000a8   Data          32  pid.o(.bss)
    balance_PID                              0x200000c8   Data          32  pid.o(.bss)
    turn_PID                                 0x200000e8   Data          32  pid.o(.bss)
    Battery_Val                              0x20000118   Data          20  adc.o(.bss)
    hadc1                                    0x2000012c   Data          48  adc.o(.bss)
    hdma_adc1                                0x2000015c   Data          68  adc.o(.bss)
    htim1                                    0x200001a0   Data          72  tim.o(.bss)
    htim2                                    0x200001e8   Data          72  tim.o(.bss)
    htim3                                    0x20000230   Data          72  tim.o(.bss)
    htim4                                    0x20000278   Data          72  tim.o(.bss)
    RxBuffer1                                0x200002c0   Data         256  usart.o(.bss)
    RxBuffer2                                0x200003c0   Data         256  usart.o(.bss)
    huart1                                   0x200004c0   Data          68  usart.o(.bss)
    huart2                                   0x20000504   Data          68  usart.o(.bss)
    hdma_usart1_rx                           0x20000548   Data          68  usart.o(.bss)
    hdma_usart1_tx                           0x2000058c   Data          68  usart.o(.bss)
    hdma_usart2_tx                           0x200005d0   Data          68  usart.o(.bss)
    hdma_usart2_rx                           0x20000614   Data          68  usart.o(.bss)
    __initial_sp                             0x20000a58   Data           0  startup_stm32f103xb.o(STACK)



==============================================================================

Memory Map of the image

  Image Entry point : 0x080000ed

  Load Region LR_IROM1 (Base: 0x08000000, Size: 0x00007b70, Max: 0x00010000, ABSOLUTE)

    Execution Region ER_IROM1 (Exec base: 0x08000000, Load base: 0x08000000, Size: 0x00007ac8, Max: 0x00010000, ABSOLUTE)

    Exec Addr    Load Addr    Size         Type   Attr      Idx    E Section Name        Object

    0x08000000   0x08000000   0x000000ec   Data   RO            3    RESET               startup_stm32f103xb.o
    0x080000ec   0x080000ec   0x00000000   Code   RO         4625  * .ARM.Collect$$$$00000000  mc_w.l(entry.o)
    0x080000ec   0x080000ec   0x00000004   Code   RO         4975    .ARM.Collect$$$$00000001  mc_w.l(entry2.o)
    0x080000f0   0x080000f0   0x00000004   Code   RO         4978    .ARM.Collect$$$$00000004  mc_w.l(entry5.o)
    0x080000f4   0x080000f4   0x00000000   Code   RO         4980    .ARM.Collect$$$$00000008  mc_w.l(entry7b.o)
    0x080000f4   0x080000f4   0x00000000   Code   RO         4982    .ARM.Collect$$$$0000000A  mc_w.l(entry8b.o)
    0x080000f4   0x080000f4   0x00000008   Code   RO         4983    .ARM.Collect$$$$0000000B  mc_w.l(entry9a.o)
    0x080000fc   0x080000fc   0x00000004   Code   RO         4990    .ARM.Collect$$$$0000000E  mc_w.l(entry12b.o)
    0x08000100   0x08000100   0x00000000   Code   RO         4985    .ARM.Collect$$$$0000000F  mc_w.l(entry10a.o)
    0x08000100   0x08000100   0x00000000   Code   RO         4987    .ARM.Collect$$$$00000011  mc_w.l(entry11a.o)
    0x08000100   0x08000100   0x00000004   Code   RO         4976    .ARM.Collect$$$$00002712  mc_w.l(entry2.o)
    0x08000104   0x08000104   0x00000024   Code   RO            4    .text               startup_stm32f103xb.o
    0x08000128   0x08000128   0x00000020   Code   RO         4633    .text               mc_w.l(llushr.o)
    0x08000148   0x08000148   0x00000024   Code   RO         4635    .text               mc_w.l(memseta.o)
    0x0800016c   0x0800016c   0x0000001a   Code   RO         4639    .text               mc_w.l(memcmp.o)
    0x08000186   0x08000186   0x000000b0   Code   RO         4902    .text               mf_w.l(fadd.o)
    0x08000236   0x08000236   0x00000064   Code   RO         4904    .text               mf_w.l(fmul.o)
    0x0800029a   0x0800029a   0x0000007c   Code   RO         4906    .text               mf_w.l(fdiv.o)
    0x08000316   0x08000316   0x00000018   Code   RO         4908    .text               mf_w.l(fscalb.o)
    0x0800032e   0x0800032e   0x0000014e   Code   RO         4910    .text               mf_w.l(dadd.o)
    0x0800047c   0x0800047c   0x000000e4   Code   RO         4912    .text               mf_w.l(dmul.o)
    0x08000560   0x08000560   0x000000de   Code   RO         4914    .text               mf_w.l(ddiv.o)
    0x0800063e   0x0800063e   0x0000002e   Code   RO         4916    .text               mf_w.l(dscalb.o)
    0x0800066c   0x0800066c   0x00000012   Code   RO         4918    .text               mf_w.l(fflti.o)
    0x0800067e   0x0800067e   0x0000000a   Code   RO         4920    .text               mf_w.l(ffltui.o)
    0x08000688   0x08000688   0x00000022   Code   RO         4922    .text               mf_w.l(dflti.o)
    0x080006aa   0x080006aa   0x0000001a   Code   RO         4924    .text               mf_w.l(dfltui.o)
    0x080006c4   0x080006c4   0x00000032   Code   RO         4926    .text               mf_w.l(ffixi.o)
    0x080006f6   0x080006f6   0x00000028   Code   RO         4928    .text               mf_w.l(ffixui.o)
    0x0800071e   0x0800071e   0x00000026   Code   RO         4930    .text               mf_w.l(f2d.o)
    0x08000744   0x08000744   0x00000030   Code   RO         4932    .text               mf_w.l(cdrcmple.o)
    0x08000774   0x08000774   0x00000038   Code   RO         4934    .text               mf_w.l(d2f.o)
    0x080007ac   0x080007ac   0x0000002c   Code   RO         4992    .text               mc_w.l(uidiv.o)
    0x080007d8   0x080007d8   0x00000062   Code   RO         4994    .text               mc_w.l(uldiv.o)
    0x0800083a   0x0800083a   0x0000001e   Code   RO         4996    .text               mc_w.l(llshl.o)
    0x08000858   0x08000858   0x00000024   Code   RO         4998    .text               mc_w.l(llsshr.o)
    0x0800087c   0x0800087c   0x00000000   Code   RO         5007    .text               mc_w.l(iusefp.o)
    0x0800087c   0x0800087c   0x0000006e   Code   RO         5008    .text               mf_w.l(fepilogue.o)
    0x080008ea   0x080008ea   0x000000ba   Code   RO         5010    .text               mf_w.l(depilogue.o)
    0x080009a4   0x080009a4   0x00000030   Code   RO         5012    .text               mf_w.l(dfixul.o)
    0x080009d4   0x080009d4   0x00000030   Code   RO         5014    .text               mf_w.l(cdcmple.o)
    0x08000a04   0x08000a04   0x00000024   Code   RO         5016    .text               mc_w.l(init.o)
    0x08000a28   0x08000a28   0x000000a2   Code   RO         5018    .text               mf_w.l(dsqrt.o)
    0x08000aca   0x08000aca   0x00000002   PAD
    0x08000acc   0x08000acc   0x00000056   Code   RO         1991    i.ADC_ConversionStop_Disable  stm32f1xx_hal_adc.o
    0x08000b22   0x08000b22   0x0000004e   Code   RO         1992    i.ADC_DMAConvCplt   stm32f1xx_hal_adc.o
    0x08000b70   0x08000b70   0x0000001a   Code   RO         1993    i.ADC_DMAError      stm32f1xx_hal_adc.o
    0x08000b8a   0x08000b8a   0x0000000a   Code   RO         1994    i.ADC_DMAHalfConvCplt  stm32f1xx_hal_adc.o
    0x08000b94   0x08000b94   0x0000007c   Code   RO         1995    i.ADC_Enable        stm32f1xx_hal_adc.o
    0x08000c10   0x08000c10   0x00000002   Code   RO         1807    i.BusFault_Handler  stm32f1xx_it.o
    0x08000c12   0x08000c12   0x00000002   PAD
    0x08000c14   0x08000c14   0x0000001c   Code   RO         1808    i.DMA1_Channel1_IRQHandler  stm32f1xx_it.o
    0x08000c30   0x08000c30   0x0000000c   Code   RO         1809    i.DMA1_Channel4_IRQHandler  stm32f1xx_it.o
    0x08000c3c   0x08000c3c   0x0000000c   Code   RO         1810    i.DMA1_Channel5_IRQHandler  stm32f1xx_it.o
    0x08000c48   0x08000c48   0x0000000c   Code   RO         1811    i.DMA1_Channel6_IRQHandler  stm32f1xx_it.o
    0x08000c54   0x08000c54   0x0000000c   Code   RO         1812    i.DMA1_Channel7_IRQHandler  stm32f1xx_it.o
    0x08000c60   0x08000c60   0x000000bc   Code   RO         1676    i.DMA_Printf        usart.o
    0x08000d1c   0x08000d1c   0x0000002a   Code   RO         2645    i.DMA_SetConfig     stm32f1xx_hal_dma.o
    0x08000d46   0x08000d46   0x00000002   Code   RO         1813    i.DebugMon_Handler  stm32f1xx_it.o
    0x08000d48   0x08000d48   0x0000001c   Code   RO          226    i.EEPROMReadFloat   eeprom.o
    0x08000d64   0x08000d64   0x000000d4   Code   RO          227    i.EEPROMReload      eeprom.o
    0x08000e38   0x08000e38   0x00000010   Code   RO          229    i.EEPROM_Config     eeprom.o
    0x08000e48   0x08000e48   0x000000c0   Code   RO          230    i.EEPROM_ReadBytes  eeprom.o
    0x08000f08   0x08000f08   0x00000016   Code   RO         1814    i.EXTI15_10_IRQHandler  stm32f1xx_it.o
    0x08000f1e   0x08000f1e   0x00000004   Code   RO         1452    i.Error_Handler     main.o
    0x08000f22   0x08000f22   0x00000002   PAD
    0x08000f24   0x08000f24   0x000000d8   Code   RO         2171    i.HAL_ADCEx_Calibration_Start  stm32f1xx_hal_adc_ex.o
    0x08000ffc   0x08000ffc   0x000000fc   Code   RO         1997    i.HAL_ADC_ConfigChannel  stm32f1xx_hal_adc.o
    0x080010f8   0x080010f8   0x00000002   Code   RO         1998    i.HAL_ADC_ConvCpltCallback  stm32f1xx_hal_adc.o
    0x080010fa   0x080010fa   0x00000002   Code   RO         1999    i.HAL_ADC_ConvHalfCpltCallback  stm32f1xx_hal_adc.o
    0x080010fc   0x080010fc   0x00000002   Code   RO         2001    i.HAL_ADC_ErrorCallback  stm32f1xx_hal_adc.o
    0x080010fe   0x080010fe   0x00000002   PAD
    0x08001100   0x08001100   0x0000011c   Code   RO         2006    i.HAL_ADC_Init      stm32f1xx_hal_adc.o
    0x0800121c   0x0800121c   0x00000090   Code   RO         1527    i.HAL_ADC_MspInit   adc.o
    0x080012ac   0x080012ac   0x0000010c   Code   RO         2013    i.HAL_ADC_Start_DMA  stm32f1xx_hal_adc.o
    0x080013b8   0x080013b8   0x00000056   Code   RO         2016    i.HAL_ADC_Stop_DMA  stm32f1xx_hal_adc.o
    0x0800140e   0x0800140e   0x0000003e   Code   RO         2017    i.HAL_ADC_Stop_IT   stm32f1xx_hal_adc.o
    0x0800144c   0x0800144c   0x00000046   Code   RO         2646    i.HAL_DMA_Abort     stm32f1xx_hal_dma.o
    0x08001492   0x08001492   0x00000002   PAD
    0x08001494   0x08001494   0x00000098   Code   RO         2647    i.HAL_DMA_Abort_IT  stm32f1xx_hal_dma.o
    0x0800152c   0x0800152c   0x00000004   Code   RO         2649    i.HAL_DMA_GetError  stm32f1xx_hal_dma.o
    0x08001530   0x08001530   0x00000006   Code   RO         2650    i.HAL_DMA_GetState  stm32f1xx_hal_dma.o
    0x08001536   0x08001536   0x00000002   PAD
    0x08001538   0x08001538   0x00000154   Code   RO         2651    i.HAL_DMA_IRQHandler  stm32f1xx_hal_dma.o
    0x0800168c   0x0800168c   0x0000005c   Code   RO         2652    i.HAL_DMA_Init      stm32f1xx_hal_dma.o
    0x080016e8   0x080016e8   0x00000070   Code   RO         2656    i.HAL_DMA_Start_IT  stm32f1xx_hal_dma.o
    0x08001758   0x08001758   0x00000268   Code   RO          347    i.HAL_GPIO_EXTI_Callback  exit.o
    0x080019c0   0x080019c0   0x00000018   Code   RO         2581    i.HAL_GPIO_EXTI_IRQHandler  stm32f1xx_hal_gpio.o
    0x080019d8   0x080019d8   0x000001e0   Code   RO         2582    i.HAL_GPIO_Init     stm32f1xx_hal_gpio.o
    0x08001bb8   0x08001bb8   0x0000000a   Code   RO         2584    i.HAL_GPIO_ReadPin  stm32f1xx_hal_gpio.o
    0x08001bc2   0x08001bc2   0x0000000a   Code   RO         2586    i.HAL_GPIO_WritePin  stm32f1xx_hal_gpio.o
    0x08001bcc   0x08001bcc   0x0000000c   Code   RO         2278    i.HAL_GetTick       stm32f1xx_hal.o
    0x08001bd8   0x08001bd8   0x00000010   Code   RO         2284    i.HAL_IncTick       stm32f1xx_hal.o
    0x08001be8   0x08001be8   0x00000024   Code   RO         2285    i.HAL_Init          stm32f1xx_hal.o
    0x08001c0c   0x08001c0c   0x00000040   Code   RO         2286    i.HAL_InitTick      stm32f1xx_hal.o
    0x08001c4c   0x08001c4c   0x0000003c   Code   RO         1931    i.HAL_MspInit       stm32f1xx_hal_msp.o
    0x08001c88   0x08001c88   0x0000001a   Code   RO         2742    i.HAL_NVIC_EnableIRQ  stm32f1xx_hal_cortex.o
    0x08001ca2   0x08001ca2   0x00000002   PAD
    0x08001ca4   0x08001ca4   0x00000040   Code   RO         2748    i.HAL_NVIC_SetPriority  stm32f1xx_hal_cortex.o
    0x08001ce4   0x08001ce4   0x00000024   Code   RO         2749    i.HAL_NVIC_SetPriorityGrouping  stm32f1xx_hal_cortex.o
    0x08001d08   0x08001d08   0x000000c8   Code   RO         2544    i.HAL_RCCEx_GetPeriphCLKFreq  stm32f1xx_hal_rcc_ex.o
    0x08001dd0   0x08001dd0   0x000000ec   Code   RO         2545    i.HAL_RCCEx_PeriphCLKConfig  stm32f1xx_hal_rcc_ex.o
    0x08001ebc   0x08001ebc   0x0000012c   Code   RO         2442    i.HAL_RCC_ClockConfig  stm32f1xx_hal_rcc.o
    0x08001fe8   0x08001fe8   0x00000020   Code   RO         2449    i.HAL_RCC_GetPCLK1Freq  stm32f1xx_hal_rcc.o
    0x08002008   0x08002008   0x00000020   Code   RO         2450    i.HAL_RCC_GetPCLK2Freq  stm32f1xx_hal_rcc.o
    0x08002028   0x08002028   0x0000006c   Code   RO         2451    i.HAL_RCC_GetSysClockFreq  stm32f1xx_hal_rcc.o
    0x08002094   0x08002094   0x00000320   Code   RO         2454    i.HAL_RCC_OscConfig  stm32f1xx_hal_rcc.o
    0x080023b4   0x080023b4   0x00000028   Code   RO         2753    i.HAL_SYSTICK_Config  stm32f1xx_hal_cortex.o
    0x080023dc   0x080023dc   0x00000054   Code   RO         3951    i.HAL_TIMEx_ConfigBreakDeadTime  stm32f1xx_hal_tim_ex.o
    0x08002430   0x08002430   0x00000068   Code   RO         3967    i.HAL_TIMEx_MasterConfigSynchronization  stm32f1xx_hal_tim_ex.o
    0x08002498   0x08002498   0x0000005a   Code   RO         3244    i.HAL_TIM_Base_Init  stm32f1xx_hal_tim.o
    0x080024f2   0x080024f2   0x00000002   PAD
    0x080024f4   0x080024f4   0x0000003c   Code   RO         1599    i.HAL_TIM_Base_MspInit  tim.o
    0x08002530   0x08002530   0x00000050   Code   RO         3247    i.HAL_TIM_Base_Start  stm32f1xx_hal_tim.o
    0x08002580   0x08002580   0x00000026   Code   RO         3250    i.HAL_TIM_Base_Stop  stm32f1xx_hal_tim.o
    0x080025a6   0x080025a6   0x000000d6   Code   RO         3253    i.HAL_TIM_ConfigClockSource  stm32f1xx_hal_tim.o
    0x0800267c   0x0800267c   0x000000a4   Code   RO         3265    i.HAL_TIM_Encoder_Init  stm32f1xx_hal_tim.o
    0x08002720   0x08002720   0x000000a0   Code   RO         1601    i.HAL_TIM_Encoder_MspInit  tim.o
    0x080027c0   0x080027c0   0x0000008e   Code   RO         3268    i.HAL_TIM_Encoder_Start  stm32f1xx_hal_tim.o
    0x0800284e   0x0800284e   0x00000002   PAD
    0x08002850   0x08002850   0x00000050   Code   RO         1602    i.HAL_TIM_MspPostInit  tim.o
    0x080028a0   0x080028a0   0x000000c6   Code   RO         3316    i.HAL_TIM_PWM_ConfigChannel  stm32f1xx_hal_tim.o
    0x08002966   0x08002966   0x0000005a   Code   RO         3319    i.HAL_TIM_PWM_Init  stm32f1xx_hal_tim.o
    0x080029c0   0x080029c0   0x00000002   Code   RO         3321    i.HAL_TIM_PWM_MspInit  stm32f1xx_hal_tim.o
    0x080029c2   0x080029c2   0x00000002   PAD
    0x080029c4   0x080029c4   0x0000009c   Code   RO         3324    i.HAL_TIM_PWM_Start  stm32f1xx_hal_tim.o
    0x08002a60   0x08002a60   0x00000002   Code   RO         4226    i.HAL_UARTEx_RxEventCallback  stm32f1xx_hal_uart.o
    0x08002a62   0x08002a62   0x0000009c   Code   RO         4227    i.HAL_UART_Abort    stm32f1xx_hal_uart.o
    0x08002afe   0x08002afe   0x00000002   PAD
    0x08002b00   0x08002b00   0x0000005c   Code   RO         1678    i.HAL_UART_ErrorCallback  usart.o
    0x08002b5c   0x08002b5c   0x0000020c   Code   RO         4243    i.HAL_UART_IRQHandler  stm32f1xx_hal_uart.o
    0x08002d68   0x08002d68   0x00000062   Code   RO         4244    i.HAL_UART_Init     stm32f1xx_hal_uart.o
    0x08002dca   0x08002dca   0x00000002   PAD
    0x08002dcc   0x08002dcc   0x00000198   Code   RO         1680    i.HAL_UART_MspInit  usart.o
    0x08002f64   0x08002f64   0x0000002a   Code   RO         4248    i.HAL_UART_Receive_DMA  stm32f1xx_hal_uart.o
    0x08002f8e   0x08002f8e   0x00000002   Code   RO         1681    i.HAL_UART_RxCpltCallback  usart.o
    0x08002f90   0x08002f90   0x00000002   Code   RO         4251    i.HAL_UART_RxHalfCpltCallback  stm32f1xx_hal_uart.o
    0x08002f92   0x08002f92   0x00000002   PAD
    0x08002f94   0x08002f94   0x000000b2   Code   RO         4252    i.HAL_UART_Transmit  stm32f1xx_hal_uart.o
    0x08003046   0x08003046   0x00000002   PAD
    0x08003048   0x08003048   0x00000080   Code   RO         4253    i.HAL_UART_Transmit_DMA  stm32f1xx_hal_uart.o
    0x080030c8   0x080030c8   0x00000002   Code   RO         4255    i.HAL_UART_TxCpltCallback  stm32f1xx_hal_uart.o
    0x080030ca   0x080030ca   0x00000002   Code   RO         4256    i.HAL_UART_TxHalfCpltCallback  stm32f1xx_hal_uart.o
    0x080030cc   0x080030cc   0x00000002   Code   RO         1815    i.HardFault_Handler  stm32f1xx_it.o
    0x080030ce   0x080030ce   0x00000004   Code   RO          387    i.I2C_GPIO_Config   i2c.o
    0x080030d2   0x080030d2   0x00000002   PAD
    0x080030d4   0x080030d4   0x00000078   Code   RO         1374    i.MPU_GPIO_MODESET  mpuiic.o
    0x0800314c   0x0800314c   0x00000032   Code   RO         1280    i.MPU_Get_Gyroscope  mpu6050.o
    0x0800317e   0x0800317e   0x00000002   PAD
    0x08003180   0x08003180   0x0000002c   Code   RO         1375    i.MPU_IIC_Ack       mpuiic.o
    0x080031ac   0x080031ac   0x0000000c   Code   RO         1376    i.MPU_IIC_Delay     mpuiic.o
    0x080031b8   0x080031b8   0x00000002   Code   RO         1377    i.MPU_IIC_Init      mpuiic.o
    0x080031ba   0x080031ba   0x00000002   PAD
    0x080031bc   0x080031bc   0x0000002c   Code   RO         1378    i.MPU_IIC_NAck      mpuiic.o
    0x080031e8   0x080031e8   0x00000054   Code   RO         1379    i.MPU_IIC_Read_Byte  mpuiic.o
    0x0800323c   0x0800323c   0x00000040   Code   RO         1380    i.MPU_IIC_Send_Byte  mpuiic.o
    0x0800327c   0x0800327c   0x00000030   Code   RO         1381    i.MPU_IIC_Start     mpuiic.o
    0x080032ac   0x080032ac   0x00000030   Code   RO         1382    i.MPU_IIC_Stop      mpuiic.o
    0x080032dc   0x080032dc   0x00000044   Code   RO         1383    i.MPU_IIC_Wait_Ack  mpuiic.o
    0x08003320   0x08003320   0x00000080   Code   RO         1282    i.MPU_Init          mpu6050.o
    0x080033a0   0x080033a0   0x0000003a   Code   RO         1283    i.MPU_Read_Byte     mpu6050.o
    0x080033da   0x080033da   0x00000002   PAD
    0x080033dc   0x080033dc   0x0000006c   Code   RO         1284    i.MPU_Read_Len      mpu6050.o
    0x08003448   0x08003448   0x0000000a   Code   RO         1285    i.MPU_Set_Accel_Fsr  mpu6050.o
    0x08003452   0x08003452   0x0000000a   Code   RO         1286    i.MPU_Set_Gyro_Fsr  mpu6050.o
    0x0800345c   0x0800345c   0x00000030   Code   RO         1287    i.MPU_Set_LPF       mpu6050.o
    0x0800348c   0x0800348c   0x0000002e   Code   RO         1288    i.MPU_Set_Rate      mpu6050.o
    0x080034ba   0x080034ba   0x0000003c   Code   RO         1289    i.MPU_Write_Byte    mpu6050.o
    0x080034f6   0x080034f6   0x00000052   Code   RO         1290    i.MPU_Write_Len     mpu6050.o
    0x08003548   0x08003548   0x00000060   Code   RO         1528    i.MX_ADC1_Init      adc.o
    0x080035a8   0x080035a8   0x0000006c   Code   RO         1574    i.MX_DMA_Init       dma.o
    0x08003614   0x08003614   0x00000114   Code   RO         1502    i.MX_GPIO_Init      gpio.o
    0x08003728   0x08003728   0x000000dc   Code   RO         1603    i.MX_TIM1_Init      tim.o
    0x08003804   0x08003804   0x00000064   Code   RO         1604    i.MX_TIM2_Init      tim.o
    0x08003868   0x08003868   0x0000006c   Code   RO         1605    i.MX_TIM3_Init      tim.o
    0x080038d4   0x080038d4   0x0000006c   Code   RO         1606    i.MX_TIM4_Init      tim.o
    0x08003940   0x08003940   0x00000060   Code   RO         1682    i.MX_USART1_UART_Init  usart.o
    0x080039a0   0x080039a0   0x00000060   Code   RO         1683    i.MX_USART2_UART_Init  usart.o
    0x08003a00   0x08003a00   0x00000002   Code   RO         1816    i.MemManage_Handler  stm32f1xx_it.o
    0x08003a02   0x08003a02   0x00000002   PAD
    0x08003a04   0x08003a04   0x0000001c   Code   RO          628    i.Motor_Init        pwm.o
    0x08003a20   0x08003a20   0x00000002   Code   RO         1817    i.NMI_Handler       stm32f1xx_it.o
    0x08003a22   0x08003a22   0x00000002   Code   RO         1818    i.PendSV_Handler    stm32f1xx_it.o
    0x08003a24   0x08003a24   0x0000005c   Code   RO         1684    i.Printf            usart.o
    0x08003a80   0x08003a80   0x00000024   Code   RO          300    i.Read_Encoder      encoder.o
    0x08003aa4   0x08003aa4   0x00000002   Code   RO         1819    i.SVC_Handler       stm32f1xx_it.o
    0x08003aa6   0x08003aa6   0x00000002   PAD
    0x08003aa8   0x08003aa8   0x000000c0   Code   RO          629    i.Set_Pwm           pwm.o
    0x08003b68   0x08003b68   0x00000004   Code   RO         1820    i.SysTick_Handler   stm32f1xx_it.o
    0x08003b6c   0x08003b6c   0x00000078   Code   RO         1453    i.SystemClock_Config  main.o
    0x08003be4   0x08003be4   0x00000002   Code   RO         4573    i.SystemInit        system_stm32f1xx.o
    0x08003be6   0x08003be6   0x00000002   PAD
    0x08003be8   0x08003be8   0x0000006c   Code   RO         3337    i.TIM_Base_SetConfig  stm32f1xx_hal_tim.o
    0x08003c54   0x08003c54   0x0000001a   Code   RO         3338    i.TIM_CCxChannelCmd  stm32f1xx_hal_tim.o
    0x08003c6e   0x08003c6e   0x00000014   Code   RO         3348    i.TIM_ETR_SetConfig  stm32f1xx_hal_tim.o
    0x08003c82   0x08003c82   0x00000010   Code   RO         3349    i.TIM_ITRx_SetConfig  stm32f1xx_hal_tim.o
    0x08003c92   0x08003c92   0x00000002   PAD
    0x08003c94   0x08003c94   0x00000050   Code   RO         3350    i.TIM_OC1_SetConfig  stm32f1xx_hal_tim.o
    0x08003ce4   0x08003ce4   0x00000058   Code   RO         3351    i.TIM_OC2_SetConfig  stm32f1xx_hal_tim.o
    0x08003d3c   0x08003d3c   0x00000058   Code   RO         3352    i.TIM_OC3_SetConfig  stm32f1xx_hal_tim.o
    0x08003d94   0x08003d94   0x00000044   Code   RO         3353    i.TIM_OC4_SetConfig  stm32f1xx_hal_tim.o
    0x08003dd8   0x08003dd8   0x00000022   Code   RO         3355    i.TIM_TI1_ConfigInputStage  stm32f1xx_hal_tim.o
    0x08003dfa   0x08003dfa   0x00000024   Code   RO         3357    i.TIM_TI2_ConfigInputStage  stm32f1xx_hal_tim.o
    0x08003e1e   0x08003e1e   0x00000010   Code   RO         4257    i.UART_DMAAbortOnError  stm32f1xx_hal_uart.o
    0x08003e2e   0x08003e2e   0x0000004a   Code   RO         4258    i.UART_DMAError     stm32f1xx_hal_uart.o
    0x08003e78   0x08003e78   0x0000005a   Code   RO         4259    i.UART_DMAReceiveCplt  stm32f1xx_hal_uart.o
    0x08003ed2   0x08003ed2   0x0000001a   Code   RO         4261    i.UART_DMARxHalfCplt  stm32f1xx_hal_uart.o
    0x08003eec   0x08003eec   0x0000002e   Code   RO         4263    i.UART_DMATransmitCplt  stm32f1xx_hal_uart.o
    0x08003f1a   0x08003f1a   0x0000000a   Code   RO         4265    i.UART_DMATxHalfCplt  stm32f1xx_hal_uart.o
    0x08003f24   0x08003f24   0x00000030   Code   RO         4267    i.UART_EndRxTransfer  stm32f1xx_hal_uart.o
    0x08003f54   0x08003f54   0x00000012   Code   RO         4268    i.UART_EndTxTransfer  stm32f1xx_hal_uart.o
    0x08003f66   0x08003f66   0x000000b6   Code   RO         4269    i.UART_Receive_IT   stm32f1xx_hal_uart.o
    0x0800401c   0x0800401c   0x000000b8   Code   RO         4270    i.UART_SetConfig    stm32f1xx_hal_uart.o
    0x080040d4   0x080040d4   0x00000070   Code   RO         4271    i.UART_Start_Receive_DMA  stm32f1xx_hal_uart.o
    0x08004144   0x08004144   0x00000064   Code   RO         4273    i.UART_WaitOnFlagUntilTimeout  stm32f1xx_hal_uart.o
    0x080041a8   0x080041a8   0x0000004c   Code   RO         1685    i.USART1_IDLE_Handler  usart.o
    0x080041f4   0x080041f4   0x00000014   Code   RO         1821    i.USART1_IRQHandler  stm32f1xx_it.o
    0x08004208   0x08004208   0x0000004c   Code   RO         1687    i.USART2_IDLE_Handler  usart.o
    0x08004254   0x08004254   0x00000014   Code   RO         1822    i.USART2_IRQHandler  stm32f1xx_it.o
    0x08004268   0x08004268   0x00000058   Code   RO         1689    i.USART_DMARec_Stop  usart.o
    0x080042c0   0x080042c0   0x00000044   Code   RO          702    i.Ultra_EXIT_Service  ultra.o
    0x08004304   0x08004304   0x00000002   Code   RO         1823    i.UsageFault_Handler  stm32f1xx_it.o
    0x08004306   0x08004306   0x00000002   PAD
    0x08004308   0x08004308   0x00000020   Code   RO         4874    i.__0printf         mc_w.l(printfa.o)
    0x08004328   0x08004328   0x00000034   Code   RO         4879    i.__0vsnprintf      mc_w.l(printfa.o)
    0x0800435c   0x0800435c   0x00000028   Code   RO         4962    i.__ARM_fpclassify  m_ws.l(fpclassify.o)
    0x08004384   0x08004384   0x00000020   Code   RO         2755    i.__NVIC_SetPriority  stm32f1xx_hal_cortex.o
    0x080043a4   0x080043a4   0x000000aa   Code   RO         4964    i.__kernel_poly     m_ws.l(poly.o)
    0x0800444e   0x0800444e   0x00000006   Code   RO         4949    i.__mathlib_dbl_infnan  m_ws.l(dunder.o)
    0x08004454   0x08004454   0x00000004   Code   RO         4950    i.__mathlib_dbl_infnan2  m_ws.l(dunder.o)
    0x08004458   0x08004458   0x0000000c   Code   RO         4951    i.__mathlib_dbl_invalid  m_ws.l(dunder.o)
    0x08004464   0x08004464   0x00000010   Code   RO         4954    i.__mathlib_dbl_underflow  m_ws.l(dunder.o)
    0x08004474   0x08004474   0x0000000e   Code   RO         5022    i.__scatterload_copy  mc_w.l(handlers.o)
    0x08004482   0x08004482   0x00000002   Code   RO         5023    i.__scatterload_null  mc_w.l(handlers.o)
    0x08004484   0x08004484   0x0000000e   Code   RO         5024    i.__scatterload_zeroinit  mc_w.l(handlers.o)
    0x08004492   0x08004492   0x00000002   PAD
    0x08004494   0x08004494   0x0000000c   Code   RO         5002    i.__set_errno       mc_w.l(errno.o)
    0x080044a0   0x080044a0   0x00000184   Code   RO         4881    i._fp_digits        mc_w.l(printfa.o)
    0x08004624   0x08004624   0x000006b4   Code   RO         4882    i._printf_core      mc_w.l(printfa.o)
    0x08004cd8   0x08004cd8   0x00000024   Code   RO         4883    i._printf_post_padding  mc_w.l(printfa.o)
    0x08004cfc   0x08004cfc   0x0000002e   Code   RO         4884    i._printf_pre_padding  mc_w.l(printfa.o)
    0x08004d2a   0x08004d2a   0x00000016   Code   RO         4885    i._snputc           mc_w.l(printfa.o)
    0x08004d40   0x08004d40   0x00000270   Code   RO         4608    i.asin              m_ws.l(asin.o)
    0x08004fb0   0x08004fb0   0x00000220   Code   RO         4939    i.atan              m_ws.l(atan.o)
    0x080051d0   0x080051d0   0x0000019c   Code   RO         4618    i.atan2             m_ws.l(atan2.o)
    0x0800536c   0x0800536c   0x0000003c   Code   RO          581    i.balance_Control   pid.o
    0x080053a8   0x080053a8   0x00000038   Code   RO           13    i.delay_ms          delay.o
    0x080053e0   0x080053e0   0x00000044   Code   RO           14    i.delay_s           delay.o
    0x08005424   0x08005424   0x0000003a   Code   RO         1090    i.dmp_enable_6x_lp_quat  inv_mpu_dmp_motion_driver.o
    0x0800545e   0x0800545e   0x00000002   PAD
    0x08005460   0x08005460   0x000001d8   Code   RO         1091    i.dmp_enable_feature  inv_mpu_dmp_motion_driver.o
    0x08005638   0x08005638   0x0000003c   Code   RO         1092    i.dmp_enable_gyro_cal  inv_mpu_dmp_motion_driver.o
    0x08005674   0x08005674   0x0000003a   Code   RO         1093    i.dmp_enable_lp_quat  inv_mpu_dmp_motion_driver.o
    0x080056ae   0x080056ae   0x00000002   PAD
    0x080056b0   0x080056b0   0x00000014   Code   RO         1098    i.dmp_load_motion_driver_firmware  inv_mpu_dmp_motion_driver.o
    0x080056c4   0x080056c4   0x00000164   Code   RO         1099    i.dmp_read_fifo     inv_mpu_dmp_motion_driver.o
    0x08005828   0x08005828   0x00000064   Code   RO         1103    i.dmp_set_fifo_rate  inv_mpu_dmp_motion_driver.o
    0x0800588c   0x0800588c   0x0000010c   Code   RO         1106    i.dmp_set_orientation  inv_mpu_dmp_motion_driver.o
    0x08005998   0x08005998   0x00000030   Code   RO         1109    i.dmp_set_shake_reject_thresh  inv_mpu_dmp_motion_driver.o
    0x080059c8   0x080059c8   0x00000020   Code   RO         1110    i.dmp_set_shake_reject_time  inv_mpu_dmp_motion_driver.o
    0x080059e8   0x080059e8   0x00000020   Code   RO         1111    i.dmp_set_shake_reject_timeout  inv_mpu_dmp_motion_driver.o
    0x08005a08   0x08005a08   0x00000040   Code   RO         1112    i.dmp_set_tap_axes  inv_mpu_dmp_motion_driver.o
    0x08005a48   0x08005a48   0x00000022   Code   RO         1113    i.dmp_set_tap_count  inv_mpu_dmp_motion_driver.o
    0x08005a6a   0x08005a6a   0x00000002   PAD
    0x08005a6c   0x08005a6c   0x00000128   Code   RO         1114    i.dmp_set_tap_thresh  inv_mpu_dmp_motion_driver.o
    0x08005b94   0x08005b94   0x00000020   Code   RO         1115    i.dmp_set_tap_time  inv_mpu_dmp_motion_driver.o
    0x08005bb4   0x08005bb4   0x00000020   Code   RO         1116    i.dmp_set_tap_time_multi  inv_mpu_dmp_motion_driver.o
    0x08005bd4   0x08005bd4   0x0000004c   Code   RO         1691    i.fputc             usart.o
    0x08005c20   0x08005c20   0x0000006c   Code   RO         1529    i.get_Battery_Voltage  adc.o
    0x08005c8c   0x08005c8c   0x0000001e   Code   RO          388    i.i2c_Ack           i2c.o
    0x08005caa   0x08005caa   0x0000000c   Code   RO          390    i.i2c_Delay         i2c.o
    0x08005cb6   0x08005cb6   0x0000001c   Code   RO          391    i.i2c_NAck          i2c.o
    0x08005cd2   0x08005cd2   0x00000038   Code   RO          392    i.i2c_ReadByte      i2c.o
    0x08005d0a   0x08005d0a   0x00000042   Code   RO          393    i.i2c_SendByte      i2c.o
    0x08005d4c   0x08005d4c   0x00000020   Code   RO          394    i.i2c_Start         i2c.o
    0x08005d6c   0x08005d6c   0x00000012   Code   RO          395    i.i2c_Stop          i2c.o
    0x08005d7e   0x08005d7e   0x0000002a   Code   RO          396    i.i2c_WaitAck       i2c.o
    0x08005da8   0x08005da8   0x00000022   Code   RO          742    i.inv_orientation_matrix_to_scalar  inv_mpu.o
    0x08005dca   0x08005dca   0x00000048   Code   RO          743    i.inv_row_2_scale   inv_mpu.o
    0x08005e12   0x08005e12   0x00000002   PAD
    0x08005e14   0x08005e14   0x000000d8   Code   RO         1454    i.main              main.o
    0x08005eec   0x08005eec   0x00000002   Code   RO          744    i.mget_ms           inv_mpu.o
    0x08005eee   0x08005eee   0x00000002   PAD
    0x08005ef0   0x08005ef0   0x00000054   Code   RO          745    i.mpu_configure_fifo  inv_mpu.o
    0x08005f44   0x08005f44   0x0000019c   Code   RO          746    i.mpu_dmp_get_data  inv_mpu.o
    0x080060e0   0x080060e0   0x00000098   Code   RO          747    i.mpu_dmp_init      inv_mpu.o
    0x08006178   0x08006178   0x0000003c   Code   RO          748    i.mpu_get_accel_fsr  inv_mpu.o
    0x080061b4   0x080061b4   0x00000188   Code   RO          764    i.mpu_init          inv_mpu.o
    0x0800633c   0x0800633c   0x000000a0   Code   RO          765    i.mpu_load_firmware  inv_mpu.o
    0x080063dc   0x080063dc   0x000000b8   Code   RO          766    i.mpu_lp_accel_mode  inv_mpu.o
    0x08006494   0x08006494   0x00000090   Code   RO          769    i.mpu_read_fifo_stream  inv_mpu.o
    0x08006524   0x08006524   0x00000054   Code   RO          770    i.mpu_read_mem      inv_mpu.o
    0x08006578   0x08006578   0x00000160   Code   RO          773    i.mpu_reset_fifo    inv_mpu.o
    0x080066d8   0x080066d8   0x00000068   Code   RO          776    i.mpu_set_accel_fsr  inv_mpu.o
    0x08006740   0x08006740   0x000000dc   Code   RO          777    i.mpu_set_bypass    inv_mpu.o
    0x0800681c   0x0800681c   0x00000078   Code   RO          779    i.mpu_set_dmp_state  inv_mpu.o
    0x08006894   0x08006894   0x0000006c   Code   RO          780    i.mpu_set_gyro_fsr  inv_mpu.o
    0x08006900   0x08006900   0x00000064   Code   RO          781    i.mpu_set_int_latched  inv_mpu.o
    0x08006964   0x08006964   0x0000006c   Code   RO          783    i.mpu_set_lpf       inv_mpu.o
    0x080069d0   0x080069d0   0x00000080   Code   RO          784    i.mpu_set_sample_rate  inv_mpu.o
    0x08006a50   0x08006a50   0x000000b8   Code   RO          785    i.mpu_set_sensors   inv_mpu.o
    0x08006b08   0x08006b08   0x00000054   Code   RO          786    i.mpu_write_mem     inv_mpu.o
    0x08006b5c   0x08006b5c   0x00000058   Code   RO          788    i.set_int_enable    inv_mpu.o
    0x08006bb4   0x08006bb4   0x0000004c   Code   RO         4968    i.sqrt              m_ws.l(sqrt.o)
    0x08006c00   0x08006c00   0x00000026   Code   RO          582    i.turn_Control      pid.o
    0x08006c26   0x08006c26   0x00000002   PAD
    0x08006c28   0x08006c28   0x000000dc   Code   RO          583    i.velocity_Control  pid.o
    0x08006d04   0x08006d04   0x0000001b   Data   RO          790    .constdata          inv_mpu.o
    0x08006d1f   0x08006d1f   0x00000001   PAD
    0x08006d20   0x08006d20   0x0000000c   Data   RO          791    .constdata          inv_mpu.o
    0x08006d2c   0x08006d2c   0x00000028   Data   RO          792    .constdata          inv_mpu.o
    0x08006d54   0x08006d54   0x00000bf6   Data   RO         1118    .constdata          inv_mpu_dmp_motion_driver.o
    0x0800794a   0x0800794a   0x00000010   Data   RO         4574    .constdata          system_stm32f1xx.o
    0x0800795a   0x0800795a   0x00000008   Data   RO         4575    .constdata          system_stm32f1xx.o
    0x08007962   0x08007962   0x00000006   PAD
    0x08007968   0x08007968   0x00000050   Data   RO         4609    .constdata          m_ws.l(asin.o)
    0x080079b8   0x080079b8   0x00000098   Data   RO         4940    .constdata          m_ws.l(atan.o)
    0x08007a50   0x08007a50   0x00000008   Data   RO         4966    .constdata          m_ws.l(qnan.o)
    0x08007a58   0x08007a58   0x0000004d   Data   RO          793    .conststring        inv_mpu.o
    0x08007aa5   0x08007aa5   0x00000003   PAD
    0x08007aa8   0x08007aa8   0x00000020   Data   RO         5020    Region$$Table       anon$$obj.o


    Execution Region RW_IRAM1 (Exec base: 0x20000000, Load base: 0x08007ac8, Size: 0x00000a58, Max: 0x00005000, ABSOLUTE)

    Exec Addr    Load Addr    Size         Type   Attr      Idx    E Section Name        Object

    0x20000000   0x08007ac8   0x0000001c   Data   RW          155    .data               blue_teeth.o
    0x2000001c   0x08007ae4   0x00000028   Data   RW          348    .data               exit.o
    0x20000044   0x08007b0c   0x00000004   Data   RW          587    .data               pid.o
    0x20000048   0x08007b10   0x00000002   Data   RW          630    .data               pwm.o
    0x2000004a   0x08007b12   0x00000001   Data   RW          703    .data               ultra.o
    0x2000004b   0x08007b13   0x00000001   PAD
    0x2000004c   0x08007b14   0x00000002   Data   RW          704    .data               ultra.o
    0x2000004e   0x08007b16   0x00000002   PAD
    0x20000050   0x08007b18   0x00000035   Data   RW          794    .data               inv_mpu.o
    0x20000085   0x08007b4d   0x00000001   Data   RW         1291    .data               mpu6050.o
    0x20000086   0x08007b4e   0x00000008   Data   RW         1695    .data               usart.o
    0x2000008e   0x08007b56   0x00000002   PAD
    0x20000090   0x08007b58   0x0000000c   Data   RW         2292    .data               stm32f1xx_hal.o
    0x2000009c   0x08007b64   0x00000004   Data   RW         4576    .data               system_stm32f1xx.o
    0x200000a0   0x08007b68   0x00000004   Data   RW         4991    .data               mc_w.l(stdout.o)
    0x200000a4   0x08007b6c   0x00000004   Data   RW         5003    .data               mc_w.l(errno.o)
    0x200000a8        -       0x00000020   Zero   RW          584    .bss                pid.o
    0x200000c8        -       0x00000020   Zero   RW          585    .bss                pid.o
    0x200000e8        -       0x00000020   Zero   RW          586    .bss                pid.o
    0x20000108        -       0x00000010   Zero   RW         1117    .bss                inv_mpu_dmp_motion_driver.o
    0x20000118        -       0x00000088   Zero   RW         1530    .bss                adc.o
    0x200001a0        -       0x00000120   Zero   RW         1607    .bss                tim.o
    0x200002c0        -       0x00000398   Zero   RW         1692    .bss                usart.o
    0x20000658        -       0x00000400   Zero   RW            1    STACK               startup_stm32f103xb.o


==============================================================================

Image component sizes


      Code (inc. data)   RO Data    RW Data    ZI Data      Debug   Object Name

       348         48          0          0        136       2449   adc.o
         0          0          0         28          0       1526   blue_teeth.o
       124         10          0          0          0     447593   delay.o
       108          4          0          0          0        786   dma.o
       448         34          0          0          0       2888   eeprom.o
        36          8          0          0          0        575   encoder.o
       616         70          0         40          0       1476   exit.o
       276         22          0          0          0       1015   gpio.o
       288          0          0          0          0       5882   i2c.o
      3376        180        156         53          0      22000   inv_mpu.o
      1962        104       3062          0         16      18073   inv_mpu_dmp_motion_driver.o
       340         56          0          0          0       2252   main.o
       600          6          0          1          0       7052   mpu6050.o
       534         38          0          0          0       5797   mpuiic.o
         0          0          0          0          0        588   oled.o
       318         34          0          4         96       3340   pid.o
       220         22          0          2          0       1331   pwm.o
        36          8        236          0       1024        792   startup_stm32f103xb.o
       128         24          0         12          0       5285   stm32f1xx_hal.o
      1282         56          0          0          0       9983   stm32f1xx_hal_adc.o
       216          6          0          0          0       1426   stm32f1xx_hal_adc_ex.o
       198         14          0          0          0      28935   stm32f1xx_hal_cortex.o
       818         36          0          0          0       6080   stm32f1xx_hal_dma.o
       524         40          0          0          0       4094   stm32f1xx_hal_gpio.o
        60          8          0          0          0        866   stm32f1xx_hal_msp.o
      1272        100          0          0          0       5180   stm32f1xx_hal_rcc.o
       436         46          0          0          0       2525   stm32f1xx_hal_rcc_ex.o
      1738         60          0          0          0      15264   stm32f1xx_hal_tim.o
       188         12          0          0          0       2104   stm32f1xx_hal_tim_ex.o
      2040         38          0          0          0      16122   stm32f1xx_hal_uart.o
       158         42          0          0          0       7580   stm32f1xx_it.o
         2          0         24          4          0       1107   system_stm32f1xx.o
       836         76          0          0        288       5081   tim.o
        68         12          0          3          0        774   ultra.o
      1290        114          0          8        920       9815   usart.o

    ----------------------------------------------------------------------
     20940       1328       3520        160       2480     647636   Object Totals
         0          0         32          0          0          0   (incl. Generated)
        56          0         10          5          0          0   (incl. Padding)

    ----------------------------------------------------------------------

      Code (inc. data)   RO Data    RW Data    ZI Data      Debug   Library Member Name

       624         52         80          0          0        168   asin.o
       544         70        152          0          0        124   atan.o
       412         38          0          0          0        144   atan2.o
        38          6          0          0          0        272   dunder.o
        40          0          0          0          0         68   fpclassify.o
       170          0          0          0          0         96   poly.o
         0          0          8          0          0          0   qnan.o
        76          0          0          0          0         84   sqrt.o
         0          0          0          0          0          0   entry.o
         0          0          0          0          0          0   entry10a.o
         0          0          0          0          0          0   entry11a.o
         4          0          0          0          0          0   entry12b.o
         8          4          0          0          0          0   entry2.o
         4          0          0          0          0          0   entry5.o
         0          0          0          0          0          0   entry7b.o
         0          0          0          0          0          0   entry8b.o
         8          4          0          0          0          0   entry9a.o
        12          6          0          4          0         68   errno.o
        30          0          0          0          0          0   handlers.o
        36          8          0          0          0         68   init.o
         0          0          0          0          0          0   iusefp.o
        30          0          0          0          0         68   llshl.o
        36          0          0          0          0         68   llsshr.o
        32          0          0          0          0         68   llushr.o
        26          0          0          0          0         80   memcmp.o
        36          0          0          0          0        108   memseta.o
      2292         96          0          0          0        612   printfa.o
         0          0          0          4          0          0   stdout.o
        44          0          0          0          0         80   uidiv.o
        98          0          0          0          0         92   uldiv.o
        48          0          0          0          0         68   cdcmple.o
        48          0          0          0          0         68   cdrcmple.o
        56          0          0          0          0         88   d2f.o
       334          0          0          0          0        148   dadd.o
       222          0          0          0          0        100   ddiv.o
       186          0          0          0          0        176   depilogue.o
        48          0          0          0          0         68   dfixul.o
        34          0          0          0          0         76   dflti.o
        26          0          0          0          0         76   dfltui.o
       228          0          0          0          0         96   dmul.o
        46          0          0          0          0         80   dscalb.o
       162          0          0          0          0        100   dsqrt.o
        38          0          0          0          0         68   f2d.o
       176          0          0          0          0        140   fadd.o
       124          0          0          0          0         88   fdiv.o
       110          0          0          0          0        168   fepilogue.o
        50          0          0          0          0         68   ffixi.o
        40          0          0          0          0         68   ffixui.o
        18          0          0          0          0         68   fflti.o
        10          0          0          0          0         68   ffltui.o
       100          0          0          0          0         76   fmul.o
        24          0          0          0          0         68   fscalb.o

    ----------------------------------------------------------------------
      6732        284        240          8          0       4292   Library Totals
         4          0          0          0          0          0   (incl. Padding)

    ----------------------------------------------------------------------

      Code (inc. data)   RO Data    RW Data    ZI Data      Debug   Library Name

      1904        166        240          0          0        956   m_ws.l
      2696        118          0          8          0       1312   mc_w.l
      2128          0          0          0          0       2024   mf_w.l

    ----------------------------------------------------------------------
      6732        284        240          8          0       4292   Library Totals

    ----------------------------------------------------------------------

==============================================================================


      Code (inc. data)   RO Data    RW Data    ZI Data      Debug   

     27672       1612       3760        168       2480     638820   Grand Totals
     27672       1612       3760        168       2480     638820   ELF Image Totals
     27672       1612       3760        168          0          0   ROM Totals

==============================================================================

    Total RO  Size (Code + RO Data)                31432 (  30.70kB)
    Total RW  Size (RW Data + ZI Data)              2648 (   2.59kB)
    Total ROM Size (Code + RO Data + RW Data)      31600 (  30.86kB)

==============================================================================

