<html>
<body>
<pre>
<h1>礦ision Build Log</h1>
<h2>Tool Versions:</h2>
IDE-Version: μVision V5.37.0.0
Copyright (C) 2022 ARM Ltd and ARM Germany GmbH. All rights reserved.
License Information: 1 Mr.WU, 1, LIC=ZB4EI-TKFJN-MMG9I-T1NU8-VJYCP-SP6ZM
 
Tool Versions:
Toolchain:       MDK-ARM Plus  Version: 5.37.0.0
Toolchain Path:  E:\KEIL5\ARM\ARM_Compiler_5.06u7\Bin
C Compiler:      Armcc.exe V5.06 update 7 (build 960)
Assembler:       Armasm.exe V5.06 update 7 (build 960)
Linker/Locator:  ArmLink.exe V5.06 update 7 (build 960)
Library Manager: ArmAr.exe V5.06 update 7 (build 960)
Hex Converter:   FromElf.exe V5.06 update 7 (build 960)
CPU DLL:         SARMCM3.DLL V5.37.0.0
Dialog DLL:      DCM.DLL V1.17.5.0
Target DLL:      CMSIS_AGDI.dll V1.33.12.0
Dialog DLL:      TCM.DLL V1.56.1.0
 
<h2>Project:</h2>
E:\Main_Source\项目\平衡小车BOBY\程序\HAL\MDK-ARM\CAR_ADC.uvprojx
Project File Date:  11/08/2022

<h2>Output:</h2>
*** Using Compiler 'V5.06 update 7 (build 960)', folder: 'E:\KEIL5\ARM\ARM_Compiler_5.06u7\Bin'
Build target 'CAR_ADC'
assembling startup_stm32f103xb.s...
compiling pwm.c...
compiling delay.c...
compiling encoder.c...
compiling i2c.c...
compiling ultra.c...
compiling pid.c...
compiling mpuiic.c...
compiling sys.c...
compiling blue_teeth.c...
..\Core\custom\src\blue_teeth.c(62): warning:  #167-D: argument of type "volatile PID_Typedef *" is incompatible with parameter of type "void *"
  			memset(&velocity_PID,0,sizeof(velocity_PID));
..\Core\custom\src\blue_teeth.c: 1 warning, 0 errors
compiling eeprom.c...
compiling main.c...
compiling oled.c...
compiling exit.c...
..\Core\custom\src\exit.c(26): warning:  #177-D: variable "ultra_delay"  was declared but never referenced
  		static uint8_t ultra_delay = 0;
..\Core\custom\src\exit.c: 1 warning, 0 errors
compiling mpu6050.c...
compiling inv_mpu.c...
compiling inv_mpu_dmp_motion_driver.c...
compiling tim.c...
compiling stm32f1xx_hal_dma.c...
compiling stm32f1xx_hal_rcc_ex.c...
compiling stm32f1xx_hal_adc_ex.c...
compiling stm32f1xx_hal.c...
compiling dma.c...
compiling stm32f1xx_hal_adc.c...
compiling adc.c...
compiling stm32f1xx_hal_msp.c...
compiling usart.c...
compiling stm32f1xx_hal_gpio.c...
compiling stm32f1xx_it.c...
compiling gpio.c...
compiling stm32f1xx_hal_gpio_ex.c...
compiling stm32f1xx_hal_cortex.c...
compiling stm32f1xx_hal_rcc.c...
compiling system_stm32f1xx.c...
compiling stm32f1xx_hal_flash_ex.c...
compiling stm32f1xx_hal_exti.c...
compiling stm32f1xx_hal_pwr.c...
compiling stm32f1xx_hal_tim_ex.c...
compiling stm32f1xx_hal_flash.c...
compiling stm32f1xx_hal_uart.c...
compiling stm32f1xx_hal_tim.c...
linking...
Program Size: Code=27672 RO-data=3760 RW-data=168 ZI-data=2480  
FromELF: creating hex file...
"CAR_ULTRA_EEPROM_PID\CAR_ULTRA_EEPROM_PID.axf" - 0 Error(s), 2 Warning(s).

<h2>Software Packages used:</h2>

Package Vendor: ARM
                http://www.keil.com/pack/ARM.CMSIS.5.9.0.pack
                ARM.CMSIS.5.9.0
                CMSIS (Common Microcontroller Software Interface Standard)
   * Component: CORE Version: 5.6.0

Package Vendor: Keil
                http://www.keil.com/pack/Keil.STM32F1xx_DFP.2.1.0.pack
                Keil.STM32F1xx_DFP.2.1.0
                STMicroelectronics STM32F1 Series Device Support, Drivers and Examples

<h2>Collection of Component include folders:</h2>
  ./RTE/_CAR_ADC
  E:/KEIL5/Pack/ARM/CMSIS/5.9.0/CMSIS/Core/Include
  E:/KEIL5/Pack/Keil/STM32F1xx_DFP/2.1.0/Device/Include

<h2>Collection of Component Files used:</h2>

   * Component: ARM::CMSIS:CORE:5.6.0
      Include file:  CMSIS/Core/Include/tz_context.h
Build Time Elapsed:  00:00:08
</pre>
</body>
</html>
