<html>
<body>
<pre>
<h1>µVision Build Log</h1>
<h2>Tool Versions:</h2>
IDE-Version: ¦ÌVision V5.22.0.0
Copyright (C) 2016 ARM Ltd and ARM Germany GmbH. All rights reserved.
License Information: 11 Mr.WU, 11, LIC=LSNXV-PJ8DP-Y85FK-ZU36U-1XVRV-EEU1V
 
Tool Versions:
Toolchain:       MDK-ARM Plus  Version: 5.22
Toolchain Path:  E:\KEIL5\ARM\ARMCC\Bin
C Compiler:      Armcc.exe V5.06 update 4 (build 422)
Assembler:       Armasm.exe V5.06 update 4 (build 422)
Linker/Locator:  ArmLink.exe V5.06 update 4 (build 422)
Library Manager: ArmAr.exe V5.06 update 4 (build 422)
Hex Converter:   FromElf.exe V5.06 update 4 (build 422)
CPU DLL:         SARMCM3.DLL V5.22
Dialog DLL:      DCM.DLL V1.13.9.0
Target DLL:      CMSIS_AGDI.dll V1.27.0.0
Dialog DLL:      TCM.DLL V1.21.0.0
 
<h2>Project:</h2>
E:\Main_Source\CODES\TI_codes\STM32\HAL\CAR_ULTRA_EEPROM_PID\MDK-ARM\CAR_ULTRA_EEPROM_PID.uvprojx
Project File Date:  07/31/2022

<h2>Output:</h2>
*** Using Compiler 'V5.06 update 4 (build 422)', folder: 'E:\KEIL5\ARM\ARMCC\Bin'
Build target 'CAR_ULTRA_EEPROM_PID'
compiling exit.c...
..\Core\custom\src\exit.c(26): warning:  #177-D: variable "ultra_delay"  was declared but never referenced
  		static uint8_t ultra_delay = 0;
..\Core\custom\src\exit.c: 1 warning, 0 errors
linking...
Program Size: Code=28324 RO-data=5920 RW-data=1616 ZI-data=2344  
FromELF: creating hex file...
"CAR_ULTRA_EEPROM_PID\CAR_ULTRA_EEPROM_PID.axf" - 0 Error(s), 1 Warning(s).

<h2>Software Packages used:</h2>

Package Vendor: ARM
                http://www.keil.com/pack/ARM.CMSIS.5.0.0.pack
                ARM::CMSIS:CORE:5.0.0
                CMSIS (Cortex Microcontroller Software Interface Standard)
   * Component: CORE Version: 5.0.0

<h2>Collection of Component include folders:</h2>
  E:\Main_Source\CODES\TI_codes\STM32\HAL\CAR_ULTRA_EEPROM_PID\MDK-ARM\RTE\_CAR_ULTRA_EEPROM_PID
  E:\KEIL5\ARM\PACK\ARM\CMSIS\5.0.0\CMSIS\Include
  E:\KEIL5\ARM\PACK\Keil\STM32F1xx_DFP\2.1.0\Device\Include

<h2>Collection of Component Files used:</h2>

   * Component: ARM::CMSIS:CORE:5.0.0
Build Time Elapsed:  00:00:01
</pre>
</body>
</html>
