Component: ARM Compiler 5.06 update 4 (build 422) Tool: armlink [4d35d2]

==============================================================================

Section Cross References

    startup_stm32f103xb.o(RESET) refers to startup_stm32f103xb.o(STACK) for __initial_sp
    startup_stm32f103xb.o(RESET) refers to startup_stm32f103xb.o(.text) for Reset_Handler
    startup_stm32f103xb.o(RESET) refers to stm32f1xx_it.o(i.NMI_Handler) for NMI_Handler
    startup_stm32f103xb.o(RESET) refers to stm32f1xx_it.o(i.HardFault_Handler) for HardFault_Handler
    startup_stm32f103xb.o(RESET) refers to stm32f1xx_it.o(i.MemManage_Handler) for MemManage_Handler
    startup_stm32f103xb.o(RESET) refers to stm32f1xx_it.o(i.BusFault_Handler) for BusFault_Handler
    startup_stm32f103xb.o(RESET) refers to stm32f1xx_it.o(i.UsageFault_Handler) for UsageFault_Handler
    startup_stm32f103xb.o(RESET) refers to stm32f1xx_it.o(i.SVC_Handler) for SVC_Handler
    startup_stm32f103xb.o(RESET) refers to stm32f1xx_it.o(i.DebugMon_Handler) for DebugMon_Handler
    startup_stm32f103xb.o(RESET) refers to stm32f1xx_it.o(i.PendSV_Handler) for PendSV_Handler
    startup_stm32f103xb.o(RESET) refers to stm32f1xx_it.o(i.SysTick_Handler) for SysTick_Handler
    startup_stm32f103xb.o(RESET) refers to stm32f1xx_it.o(i.DMA1_Channel4_IRQHandler) for DMA1_Channel4_IRQHandler
    startup_stm32f103xb.o(RESET) refers to stm32f1xx_it.o(i.DMA1_Channel5_IRQHandler) for DMA1_Channel5_IRQHandler
    startup_stm32f103xb.o(RESET) refers to stm32f1xx_it.o(i.DMA1_Channel6_IRQHandler) for DMA1_Channel6_IRQHandler
    startup_stm32f103xb.o(RESET) refers to stm32f1xx_it.o(i.DMA1_Channel7_IRQHandler) for DMA1_Channel7_IRQHandler
    startup_stm32f103xb.o(RESET) refers to stm32f1xx_it.o(i.USART1_IRQHandler) for USART1_IRQHandler
    startup_stm32f103xb.o(RESET) refers to stm32f1xx_it.o(i.USART2_IRQHandler) for USART2_IRQHandler
    startup_stm32f103xb.o(RESET) refers to stm32f1xx_it.o(i.EXTI15_10_IRQHandler) for EXTI15_10_IRQHandler
    startup_stm32f103xb.o(.text) refers to system_stm32f1xx.o(i.SystemInit) for SystemInit
    startup_stm32f103xb.o(.text) refers to entry.o(.ARM.Collect$$$$00000000) for __main
    delay.o(i.delay_ms) refers to stm32f1xx_hal_tim.o(i.HAL_TIM_Base_Start) for HAL_TIM_Base_Start
    delay.o(i.delay_ms) refers to stm32f1xx_hal_tim.o(i.HAL_TIM_Base_Stop) for HAL_TIM_Base_Stop
    delay.o(i.delay_ms) refers to tim.o(.bss) for htim2
    delay.o(i.delay_s) refers to stm32f1xx_hal_tim.o(i.HAL_TIM_Base_Start) for HAL_TIM_Base_Start
    delay.o(i.delay_s) refers to stm32f1xx_hal_tim.o(i.HAL_TIM_Base_Stop) for HAL_TIM_Base_Stop
    delay.o(i.delay_s) refers to tim.o(.bss) for htim2
    delay.o(i.delay_us) refers to stm32f1xx_hal_tim.o(i.HAL_TIM_Base_Start) for HAL_TIM_Base_Start
    delay.o(i.delay_us) refers to stm32f1xx_hal_tim.o(i.HAL_TIM_Base_Stop) for HAL_TIM_Base_Stop
    delay.o(i.delay_us) refers to tim.o(.bss) for htim2
    blue_teeth.o(i.BLUE_Config) refers to usart.o(i.USART_DMARec_Stop) for USART_DMARec_Stop
    blue_teeth.o(i.BLUE_Config) refers to usart.o(i.DMA_Printf) for DMA_Printf
    blue_teeth.o(i.BLUE_Config) refers to delay.o(i.delay_ms) for delay_ms
    blue_teeth.o(i.BLUE_Config) refers to stm32f1xx_hal_uart.o(i.HAL_UART_Receive_DMA) for HAL_UART_Receive_DMA
    blue_teeth.o(i.BLUE_Config) refers to usart.o(.bss) for huart2
    blue_teeth.o(i.BLUE_Config) refers to blue_teeth.o(.data) for .data
    blue_teeth.o(i.BLUE_Process) refers to memseta.o(.text) for __aeabi_memclr4
    blue_teeth.o(i.BLUE_Process) refers to blue_teeth.o(i.ReadCharToFloat) for ReadCharToFloat
    blue_teeth.o(i.BLUE_Process) refers to cfcmple.o(.text) for __aeabi_cfcmpeq
    blue_teeth.o(i.BLUE_Process) refers to eeprom.o(i.EEPROMOutload) for EEPROMOutload
    blue_teeth.o(i.BLUE_Process) refers to memcmp.o(.text) for memcmp
    blue_teeth.o(i.BLUE_Process) refers to usart.o(i.DMA_Printf) for DMA_Printf
    blue_teeth.o(i.BLUE_Process) refers to delay.o(i.delay_ms) for delay_ms
    blue_teeth.o(i.BLUE_Process) refers to blue_teeth.o(i.BLUE_Config) for BLUE_Config
    blue_teeth.o(i.BLUE_Process) refers to eeprom.o(i.EEPROMReload) for EEPROMReload
    blue_teeth.o(i.BLUE_Process) refers to usart.o(.bss) for RxBuffer2
    blue_teeth.o(i.BLUE_Process) refers to blue_teeth.o(.data) for .data
    blue_teeth.o(i.BLUE_Process) refers to usart.o(.data) for Rec_Length2
    blue_teeth.o(i.BLUE_Process) refers to pid.o(.bss) for velocity_PID
    blue_teeth.o(i.BLUE_Process) refers to pid.o(.data) for Mechanical_balance
    blue_teeth.o(i.BLUE_Process) refers to pid.o(.bss) for balance_PID
    blue_teeth.o(i.BLUE_Process) refers to pid.o(.bss) for turn_PID
    blue_teeth.o(i.BLUE_Process) refers to tim.o(.bss) for htim3
    blue_teeth.o(i.BLUE_Process) refers to blue_teeth.o(.conststring) for .conststring
    blue_teeth.o(i.ReadCharToFloat) refers to usart.o(.bss) for RxBuffer2
    eeprom.o(i.EEPROMOutload) refers to strlen.o(.text) for strlen
[...]
    i.__mathlib_dbl_underflow                0x08004778   Section        0  dunder.o(i.__mathlib_dbl_underflow)
    i.__scatterload_copy                     0x08004788   Section       14  handlers.o(i.__scatterload_copy)
    i.__scatterload_null                     0x08004796   Section        2  handlers.o(i.__scatterload_null)
    i.__scatterload_zeroinit                 0x08004798   Section       14  handlers.o(i.__scatterload_zeroinit)
    i.__set_errno                            0x080047a8   Section        0  errno.o(i.__set_errno)
    i._fp_digits                             0x080047b4   Section        0  printfa.o(i._fp_digits)
    _fp_digits                               0x080047b5   Thumb Code   366  printfa.o(i._fp_digits)
    i._printf_core                           0x08004938   Section        0  printfa.o(i._printf_core)
    _printf_core                             0x08004939   Thumb Code  1744  printfa.o(i._printf_core)
    i._printf_post_padding                   0x08005014   Section        0  printfa.o(i._printf_post_padding)
    _printf_post_padding                     0x08005015   Thumb Code    36  printfa.o(i._printf_post_padding)
    i._printf_pre_padding                    0x08005038   Section        0  printfa.o(i._printf_pre_padding)
    _printf_pre_padding                      0x08005039   Thumb Code    46  printfa.o(i._printf_pre_padding)
    i._snputc                                0x08005066   Section        0  printfa.o(i._snputc)
    _snputc                                  0x08005067   Thumb Code    22  printfa.o(i._snputc)
    i.asin                                   0x0800507c   Section        0  asin.o(i.asin)
    i.atan                                   0x080052ec   Section        0  atan.o(i.atan)
    i.atan2                                  0x0800550c   Section        0  atan2.o(i.atan2)
    i.balance_Control                        0x0800568c   Section        0  pid.o(i.balance_Control)
    i.delay_ms                               0x080056c8   Section        0  delay.o(i.delay_ms)
    i.delay_s                                0x08005700   Section        0  delay.o(i.delay_s)
    i.dmp_enable_6x_lp_quat                  0x08005744   Section        0  inv_mpu_dmp_motion_driver.o(i.dmp_enable_6x_lp_quat)
    i.dmp_enable_feature                     0x08005780   Section        0  inv_mpu_dmp_motion_driver.o(i.dmp_enable_feature)
    i.dmp_enable_gyro_cal                    0x08005958   Section        0  inv_mpu_dmp_motion_driver.o(i.dmp_enable_gyro_cal)
    i.dmp_enable_lp_quat                     0x08005994   Section        0  inv_mpu_dmp_motion_driver.o(i.dmp_enable_lp_quat)
    i.dmp_load_motion_driver_firmware        0x080059d0   Section        0  inv_mpu_dmp_motion_driver.o(i.dmp_load_motion_driver_firmware)
    i.dmp_read_fifo                          0x080059e4   Section        0  inv_mpu_dmp_motion_driver.o(i.dmp_read_fifo)
    i.dmp_set_fifo_rate                      0x08005b28   Section        0  inv_mpu_dmp_motion_driver.o(i.dmp_set_fifo_rate)
    i.dmp_set_orientation                    0x08005b8c   Section        0  inv_mpu_dmp_motion_driver.o(i.dmp_set_orientation)
    i.dmp_set_shake_reject_thresh            0x08005c98   Section        0  inv_mpu_dmp_motion_driver.o(i.dmp_set_shake_reject_thresh)
    i.dmp_set_shake_reject_time              0x08005cc8   Section        0  inv_mpu_dmp_motion_driver.o(i.dmp_set_shake_reject_time)
    i.dmp_set_shake_reject_timeout           0x08005ce8   Section        0  inv_mpu_dmp_motion_driver.o(i.dmp_set_shake_reject_timeout)
    i.dmp_set_tap_axes                       0x08005d08   Section        0  inv_mpu_dmp_motion_driver.o(i.dmp_set_tap_axes)
    i.dmp_set_tap_count                      0x08005d48   Section        0  inv_mpu_dmp_motion_driver.o(i.dmp_set_tap_count)
    i.dmp_set_tap_thresh                     0x08005d6c   Section        0  inv_mpu_dmp_motion_driver.o(i.dmp_set_tap_thresh)
    i.dmp_set_tap_time                       0x08005e94   Section        0  inv_mpu_dmp_motion_driver.o(i.dmp_set_tap_time)
    i.dmp_set_tap_time_multi                 0x08005eb4   Section        0  inv_mpu_dmp_motion_driver.o(i.dmp_set_tap_time_multi)
    i.fputc                                  0x08005ed4   Section        0  usart.o(i.fputc)
    i.i2c_Ack                                0x08005f20   Section        0  i2c.o(i.i2c_Ack)
    i.i2c_Delay                              0x08005f3e   Section        0  i2c.o(i.i2c_Delay)
    i2c_Delay                                0x08005f3f   Thumb Code    12  i2c.o(i.i2c_Delay)
    i.i2c_NAck                               0x08005f4a   Section        0  i2c.o(i.i2c_NAck)
    i.i2c_ReadByte                           0x08005f66   Section        0  i2c.o(i.i2c_ReadByte)
    i.i2c_SendByte                           0x08005f9e   Section        0  i2c.o(i.i2c_SendByte)
    i.i2c_Start                              0x08005fe0   Section        0  i2c.o(i.i2c_Start)
    i.i2c_Stop                               0x08006000   Section        0  i2c.o(i.i2c_Stop)
    i.i2c_WaitAck                            0x08006012   Section        0  i2c.o(i.i2c_WaitAck)
    i.inv_orientation_matrix_to_scalar       0x0800603c   Section        0  inv_mpu.o(i.inv_orientation_matrix_to_scalar)
    i.inv_row_2_scale                        0x0800605e   Section        0  inv_mpu.o(i.inv_row_2_scale)
    i.main                                   0x080060a8   Section        0  main.o(i.main)
    i.mget_ms                                0x08006178   Section        0  inv_mpu.o(i.mget_ms)
    i.mpu_configure_fifo                     0x0800617c   Section        0  inv_mpu.o(i.mpu_configure_fifo)
    i.mpu_dmp_get_data                       0x080061d0   Section        0  inv_mpu.o(i.mpu_dmp_get_data)
    i.mpu_dmp_init                           0x0800636c   Section        0  inv_mpu.o(i.mpu_dmp_init)
    i.mpu_get_accel_fsr                      0x08006404   Section        0  inv_mpu.o(i.mpu_get_accel_fsr)
    i.mpu_init                               0x08006440   Section        0  inv_mpu.o(i.mpu_init)
    i.mpu_load_firmware                      0x080065c8   Section        0  inv_mpu.o(i.mpu_load_firmware)
    i.mpu_lp_accel_mode                      0x08006668   Section        0  inv_mpu.o(i.mpu_lp_accel_mode)
    i.mpu_read_fifo_stream                   0x08006720   Section        0  inv_mpu.o(i.mpu_read_fifo_stream)
    i.mpu_read_mem                           0x080067b0   Section        0  inv_mpu.o(i.mpu_read_mem)
    i.mpu_reset_fifo                         0x08006804   Section        0  inv_mpu.o(i.mpu_reset_fifo)
    i.mpu_set_accel_fsr                      0x08006964   Section        0  inv_mpu.o(i.mpu_set_accel_fsr)
    i.mpu_set_bypass                         0x080069cc   Section        0  inv_mpu.o(i.mpu_set_bypass)
    i.mpu_set_dmp_state                      0x08006aa8   Section        0  inv_mpu.o(i.mpu_set_dmp_state)
    i.mpu_set_gyro_fsr                       0x08006b20   Section        0  inv_mpu.o(i.mpu_set_gyro_fsr)
    i.mpu_set_int_latched                    0x08006b8c   Section        0  inv_mpu.o(i.mpu_set_int_latched)
    i.mpu_set_lpf                            0x08006bf0   Section        0  inv_mpu.o(i.mpu_set_lpf)
    i.mpu_set_sample_rate                    0x08006c5c   Section        0  inv_mpu.o(i.mpu_set_sample_rate)
    i.mpu_set_sensors                        0x08006cdc   Section        0  inv_mpu.o(i.mpu_set_sensors)
    i.mpu_write_mem                          0x08006d94   Section        0  inv_mpu.o(i.mpu_write_mem)
    i.set_int_enable                         0x08006de8   Section        0  inv_mpu.o(i.set_int_enable)
    set_int_enable                           0x08006de9   Thumb Code    84  inv_mpu.o(i.set_int_enable)
    i.sqrt                                   0x08006e40   Section        0  sqrt.o(i.sqrt)
    i.turn_Control                           0x08006e8c   Section        0  pid.o(i.turn_Control)
    i.velocity_Control                       0x08006eb4   Section        0  pid.o(i.velocity_Control)
    .constdata                               0x08006f90   Section     2072  oled.o(.constdata)
    .constdata                               0x080077a8   Section       27  inv_mpu.o(.constdata)
    .constdata                               0x080077c4   Section       12  inv_mpu.o(.constdata)
    .constdata                               0x080077d0   Section       40  inv_mpu.o(.constdata)
    .constdata                               0x080077f8   Section     3062  inv_mpu_dmp_motion_driver.o(.constdata)
    dmp_memory                               0x080077f8   Data        3062  inv_mpu_dmp_motion_driver.o(.constdata)
    .constdata                               0x080083ee   Section       16  system_stm32f1xx.o(.constdata)
    .constdata                               0x080083fe   Section        8  system_stm32f1xx.o(.constdata)
    .constdata                               0x08008408   Section       80  asin.o(.constdata)
    pS                                       0x08008408   Data          48  asin.o(.constdata)
    qS                                       0x08008438   Data          32  asin.o(.constdata)
    .constdata                               0x08008458   Section      152  atan.o(.constdata)
    atanhi                                   0x08008458   Data          32  atan.o(.constdata)
    atanlo                                   0x08008478   Data          32  atan.o(.constdata)
    aTodd                                    0x08008498   Data          40  atan.o(.constdata)
    aTeven                                   0x080084c0   Data          48  atan.o(.constdata)
    .constdata                               0x080084f0   Section        8  qnan.o(.constdata)
    .conststring                             0x080084f8   Section       91  blue_teeth.o(.conststring)
    .conststring                             0x08008554   Section       77  inv_mpu.o(.conststring)
    .data                                    0x20000000   Section       28  blue_teeth.o(.data)
    .data                                    0x2000001c   Section       40  exit.o(.data)
    PIDONCEFLAG                              0x2000001c   Data           1  exit.o(.data)
    Pitch_last                               0x20000034   Data           4  exit.o(.data)
    .data                                    0x20000044   Section     1448  oled.o(.data)
    .data                                    0x200005ec   Section        4  pid.o(.data)
    .data                                    0x200005f0   Section        2  pwm.o(.data)
    .data                                    0x200005f2   Section        1  ultra.o(.data)
    .data                                    0x200005f4   Section        2  ultra.o(.data)
    TIM_Counter                              0x200005f4   Data           2  ultra.o(.data)
    .data                                    0x200005f8   Section       53  inv_mpu.o(.data)
    st                                       0x200005f8   Data          44  inv_mpu.o(.data)
    gyro_orientation                         0x20000624   Data           9  inv_mpu.o(.data)
    .data                                    0x2000062d   Section        1  mpu6050.o(.data)
    .data                                    0x2000062e   Section        8  usart.o(.data)
    .data                                    0x20000638   Section       12  stm32f1xx_hal.o(.data)
    .data                                    0x20000644   Section        4  system_stm32f1xx.o(.data)
    .data                                    0x20000648   Section        4  stdout.o(.data)
    .data                                    0x2000064c   Section        4  errno.o(.data)
    _errno                                   0x2000064c   Data           4  errno.o(.data)
    .bss                                     0x20000650   Section       32  pid.o(.bss)
    .bss                                     0x20000670   Section       32  pid.o(.bss)
    .bss                                     0x20000690   Section       32  pid.o(.bss)
    .bss                                     0x200006b0   Section       16  inv_mpu_dmp_motion_driver.o(.bss)
    dmp                                      0x200006b0   Data          16  inv_mpu_dmp_motion_driver.o(.bss)
    .bss                                     0x200006c0   Section      288  tim.o(.bss)
    .bss                                     0x200007e0   Section      920  usart.o(.bss)
    STACK                                    0x20000b78   Section     1024  startup_stm32f103xb.o(STACK)

    Global Symbols

    Symbol Name                              Value     Ov Type        Size  Object(Section)

    BuildAttributes$$THM_ISAv4$P$D$K$B$S$PE$A:L22UL41UL21$X:L11$S22US41US21$IEEE1$IW$USESV6$~STKCKD$USESV7$~SHL$OTIME$ROPI$IEEEX$EBA8$MICROLIB$REQ8$PRES8$EABIv2 0x00000000   Number         0  anon$$obj.o ABSOLUTE
    __ARM_use_no_argv                        0x00000000   Number         0  main.o ABSOLUTE
    _printf_a                                0x00000000   Number         0  stubs.o ABSOLUTE
    _printf_c                                0x00000000   Number         0  stubs.o ABSOLUTE
    _printf_charcount                        0x00000000   Number         0  stubs.o ABSOLUTE
    _printf_d                                0x00000000   Number         0  stubs.o ABSOLUTE
    _printf_e                                0x00000000   Number         0  stubs.o ABSOLUTE
    _printf_f                                0x00000000   Number         0  stubs.o ABSOLUTE
    _printf_flags                            0x00000000   Number         0  stubs.o ABSOLUTE
    _printf_fp_dec                           0x00000000   Number         0  stubs.o ABSOLUTE
    _printf_fp_hex                           0x00000000   Number         0  stubs.o ABSOLUTE
    _printf_g                                0x00000000   Number         0  stubs.o ABSOLUTE
    _printf_i                                0x00000000   Number         0  stubs.o ABSOLUTE
    _printf_int_dec                          0x00000000   Number         0  stubs.o ABSOLUTE
    _printf_l                                0x00000000   Number         0  stubs.o ABSOLUTE
    _printf_lc                               0x00000000   Number         0  stubs.o ABSOLUTE
    _printf_ll                               0x00000000   Number         0  stubs.o ABSOLUTE
    _printf_lld                              0x00000000   Number         0  stubs.o ABSOLUTE
    _printf_lli                              0x00000000   Number         0  stubs.o ABSOLUTE
    _printf_llo                              0x00000000   Number         0  stubs.o ABSOLUTE
    _printf_llu                              0x00000000   Number         0  stubs.o ABSOLUTE
    _printf_llx                              0x00000000   Number         0  stubs.o ABSOLUTE
    _printf_longlong_dec                     0x00000000   Number         0  stubs.o ABSOLUTE
    _printf_longlong_hex                     0x00000000   Number         0  stubs.o ABSOLUTE
    _printf_longlong_oct                     0x00000000   Number         0  stubs.o ABSOLUTE
    _printf_ls                               0x00000000   Number         0  stubs.o ABSOLUTE
    _printf_mbtowc                           0x00000000   Number         0  stubs.o ABSOLUTE
    _printf_n                                0x00000000   Number         0  stubs.o ABSOLUTE
    _printf_o                                0x00000000   Number         0  stubs.o ABSOLUTE
    _printf_p                                0x00000000   Number         0  stubs.o ABSOLUTE
    _printf_percent                          0x00000000   Number         0  stubs.o ABSOLUTE
    _printf_pre_padding                      0x00000000   Number         0  stubs.o ABSOLUTE
    _printf_return_value                     0x00000000   Number         0  stubs.o ABSOLUTE
    _printf_s                                0x00000000   Number         0  stubs.o ABSOLUTE
    _printf_sizespec                         0x00000000   Number         0  stubs.o ABSOLUTE
    _printf_str                              0x00000000   Number         0  stubs.o ABSOLUTE
    _printf_truncate_signed                  0x00000000   Number         0  stubs.o ABSOLUTE
    _printf_truncate_unsigned                0x00000000   Number         0  stubs.o ABSOLUTE
    _printf_u                                0x00000000   Number         0  stubs.o ABSOLUTE
    _printf_wc                               0x00000000   Number         0  stubs.o ABSOLUTE
    _printf_wctomb                           0x00000000   Number         0  stubs.o ABSOLUTE
    _printf_widthprec                        0x00000000   Number         0  stubs.o ABSOLUTE
    _printf_x                                0x00000000   Number         0  stubs.o ABSOLUTE
    __cpp_initialize__aeabi_                  - Undefined Weak Reference
    __cxa_finalize                            - Undefined Weak Reference
    _clock_init                               - Undefined Weak Reference
    _microlib_exit                            - Undefined Weak Reference
    __Vectors_Size                           0x000000ec   Number         0  startup_stm32f103xb.o ABSOLUTE
    __Vectors                                0x08000000   Data           4  startup_stm32f103xb.o(RESET)
    __Vectors_End                            0x080000ec   Data           0  startup_stm32f103xb.o(RESET)
    __main                                   0x080000ed   Thumb Code     0  entry.o(.ARM.Collect$$$$00000000)
    _main_stk                                0x080000ed   Thumb Code     0  entry2.o(.ARM.Collect$$$$00000001)
    _main_scatterload                        0x080000f1   Thumb Code     0  entry5.o(.ARM.Collect$$$$00000004)
    __main_after_scatterload                 0x080000f5   Thumb Code     0  entry5.o(.ARM.Collect$$$$00000004)
    _main_clock                              0x080000f5   Thumb Code     0  entry7b.o(.ARM.Collect$$$$00000008)
    _main_cpp_init                           0x080000f5   Thumb Code     0  entry8b.o(.ARM.Collect$$$$0000000A)
    _main_init                               0x080000f5   Thumb Code     0  entry9a.o(.ARM.Collect$$$$0000000B)
    __rt_final_cpp                           0x080000fd   Thumb Code     0  entry10a.o(.ARM.Collect$$$$0000000D)
    __rt_final_exit                          0x080000fd   Thumb Code     0  entry11a.o(.ARM.Collect$$$$0000000F)
    Reset_Handler                            0x08000101   Thumb Code     8  startup_stm32f103xb.o(.text)
    ADC1_2_IRQHandler                        0x0800011b   Thumb Code     0  startup_stm32f103xb.o(.text)
    CAN1_RX1_IRQHandler                      0x0800011b   Thumb Code     0  startup_stm32f103xb.o(.text)
    CAN1_SCE_IRQHandler                      0x0800011b   Thumb Code     0  startup_stm32f103xb.o(.text)
    DMA1_Channel1_IRQHandler                 0x0800011b   Thumb Code     0  startup_stm32f103xb.o(.text)
    DMA1_Channel2_IRQHandler                 0x0800011b   Thumb Code     0  startup_stm32f103xb.o(.text)
    DMA1_Channel3_IRQHandler                 0x0800011b   Thumb Code     0  startup_stm32f103xb.o(.text)
    EXTI0_IRQHandler                         0x0800011b   Thumb Code     0  startup_stm32f103xb.o(.text)
    EXTI1_IRQHandler                         0x0800011b   Thumb Code     0  startup_stm32f103xb.o(.text)
    EXTI2_IRQHandler                         0x0800011b   Thumb Code     0  startup_stm32f103xb.o(.text)
    EXTI3_IRQHandler                         0x0800011b   Thumb Code     0  startup_stm32f103xb.o(.text)
    EXTI4_IRQHandler                         0x0800011b   Thumb Code     0  startup_stm32f103xb.o(.text)
    EXTI9_5_IRQHandler                       0x0800011b   Thumb Code     0  startup_stm32f103xb.o(.text)
    FLASH_IRQHandler                         0x0800011b   Thumb Code     0  startup_stm32f103xb.o(.text)
    I2C1_ER_IRQHandler                       0x0800011b   Thumb Code     0  startup_stm32f103xb.o(.text)
    I2C1_EV_IRQHandler                       0x0800011b   Thumb Code     0  startup_stm32f103xb.o(.text)
    I2C2_ER_IRQHandler                       0x0800011b   Thumb Code     0  startup_stm32f103xb.o(.text)
    I2C2_EV_IRQHandler                       0x0800011b   Thumb Code     0  startup_stm32f103xb.o(.text)
    PVD_IRQHandler                           0x0800011b   Thumb Code     0  startup_stm32f103xb.o(.text)
    RCC_IRQHandler                           0x0800011b   Thumb Code     0  startup_stm32f103xb.o(.text)
    RTC_Alarm_IRQHandler                     0x0800011b   Thumb Code     0  startup_stm32f103xb.o(.text)
    RTC_IRQHandler                           0x0800011b   Thumb Code     0  startup_stm32f103xb.o(.text)
    SPI1_IRQHandler                          0x0800011b   Thumb Code     0  startup_stm32f103xb.o(.text)
    SPI2_IRQHandler                          0x0800011b   Thumb Code     0  startup_stm32f103xb.o(.text)
    TAMPER_IRQHandler                        0x0800011b   Thumb Code     0  startup_stm32f103xb.o(.text)
    TIM1_BRK_IRQHandler                      0x0800011b   Thumb Code     0  startup_stm32f103xb.o(.text)
    TIM1_CC_IRQHandler                       0x0800011b   Thumb Code     0  startup_stm32f103xb.o(.text)
    TIM1_TRG_COM_IRQHandler                  0x0800011b   Thumb Code     0  startup_stm32f103xb.o(.text)
    TIM1_UP_IRQHandler                       0x0800011b   Thumb Code     0  startup_stm32f103xb.o(.text)
    TIM2_IRQHandler                          0x0800011b   Thumb Code     0  startup_stm32f103xb.o(.text)
    TIM3_IRQHandler                          0x0800011b   Thumb Code     0  startup_stm32f103xb.o(.text)
    TIM4_IRQHandler                          0x0800011b   Thumb Code     0  startup_stm32f103xb.o(.text)
    USART3_IRQHandler                        0x0800011b   Thumb Code     0  startup_stm32f103xb.o(.text)
    USBWakeUp_IRQHandler                     0x0800011b   Thumb Code     0  startup_stm32f103xb.o(.text)
    USB_HP_CAN1_TX_IRQHandler                0x0800011b   Thumb Code     0  startup_stm32f103xb.o(.text)
    USB_LP_CAN1_RX0_IRQHandler               0x0800011b   Thumb Code     0  startup_stm32f103xb.o(.text)
    WWDG_IRQHandler                          0x0800011b   Thumb Code     0  startup_stm32f103xb.o(.text)
    __aeabi_llsr                             0x08000125   Thumb Code    32  llushr.o(.text)
    _ll_ushift_r                             0x08000125   Thumb Code     0  llushr.o(.text)
    __aeabi_memset                           0x08000145   Thumb Code    14  memseta.o(.text)
    __aeabi_memset4                          0x08000145   Thumb Code     0  memseta.o(.text)
    __aeabi_memset8                          0x08000145   Thumb Code     0  memseta.o(.text)
    __aeabi_memclr                           0x08000153   Thumb Code     4  memseta.o(.text)
    __aeabi_memclr4                          0x08000153   Thumb Code     0  memseta.o(.text)
    __aeabi_memclr8                          0x08000153   Thumb Code     0  memseta.o(.text)
    _memset$wrapper                          0x08000157   Thumb Code    18  memseta.o(.text)
    strlen                                   0x08000169   Thumb Code    14  strlen.o(.text)
    memcmp                                   0x08000177   Thumb Code    26  memcmp.o(.text)
    __aeabi_fadd                             0x08000191   Thumb Code   164  fadd.o(.text)
    __aeabi_fsub                             0x08000235   Thumb Code     6  fadd.o(.text)
    __aeabi_frsub                            0x0800023b   Thumb Code     6  fadd.o(.text)
    __aeabi_fmul                             0x08000241   Thumb Code   100  fmul.o(.text)
    __aeabi_fdiv                             0x080002a5   Thumb Code   124  fdiv.o(.text)
    __ARM_scalbnf                            0x08000321   Thumb Code    24  fscalb.o(.text)
    scalbnf                                  0x08000321   Thumb Code     0  fscalb.o(.text)
    __aeabi_dadd                             0x08000339   Thumb Code   322  dadd.o(.text)
    __aeabi_dsub                             0x0800047b   Thumb Code     6  dadd.o(.text)
    __aeabi_drsub                            0x08000481   Thumb Code     6  dadd.o(.text)
    __aeabi_dmul                             0x08000487   Thumb Code   228  dmul.o(.text)
    __aeabi_ddiv                             0x0800056b   Thumb Code   222  ddiv.o(.text)
    __aeabi_i2f                              0x08000649   Thumb Code    18  fflti.o(.text)
    __aeabi_ui2f                             0x0800065b   Thumb Code    10  ffltui.o(.text)
    __aeabi_i2d                              0x08000665   Thumb Code    34  dflti.o(.text)
    __aeabi_f2iz                             0x08000687   Thumb Code    50  ffixi.o(.text)
    __aeabi_f2uiz                            0x080006b9   Thumb Code    40  ffixui.o(.text)
    __aeabi_f2d                              0x080006e1   Thumb Code    38  f2d.o(.text)
    __aeabi_cdrcmple                         0x08000709   Thumb Code    48  cdrcmple.o(.text)
    __aeabi_d2f                              0x08000739   Thumb Code    56  d2f.o(.text)
    __aeabi_cfcmpeq                          0x08000771   Thumb Code     0  cfcmple.o(.text)
    __aeabi_cfcmple                          0x08000771   Thumb Code    20  cfcmple.o(.text)
    __aeabi_uidiv                            0x08000785   Thumb Code     0  uidiv.o(.text)
    __aeabi_uidivmod                         0x08000785   Thumb Code    44  uidiv.o(.text)
    __aeabi_uldivmod                         0x080007b1   Thumb Code    98  uldiv.o(.text)
    __aeabi_llsl                             0x08000813   Thumb Code    30  llshl.o(.text)
    _ll_shift_l                              0x08000813   Thumb Code     0  llshl.o(.text)
    __aeabi_lasr                             0x08000831   Thumb Code    36  llsshr.o(.text)
    _ll_sshift_r                             0x08000831   Thumb Code     0  llsshr.o(.text)
    __I$use$fp                               0x08000855   Thumb Code     0  iusefp.o(.text)
    _float_round                             0x08000855   Thumb Code    18  fepilogue.o(.text)
    _float_epilogue                          0x08000867   Thumb Code    92  fepilogue.o(.text)
    _double_round                            0x080008c3   Thumb Code    30  depilogue.o(.text)
    _double_epilogue                         0x080008e1   Thumb Code   156  depilogue.o(.text)
    __ARM_scalbn                             0x0800097d   Thumb Code    46  dscalb.o(.text)
    scalbn                                   0x0800097d   Thumb Code     0  dscalb.o(.text)
    __aeabi_d2ulz                            0x080009ab   Thumb Code    48  dfixul.o(.text)
    __scatterload                            0x080009dd   Thumb Code    28  init.o(.text)
    __scatterload_rt2                        0x080009dd   Thumb Code     0  init.o(.text)
    _dsqrt                                   0x08000a01   Thumb Code   162  dsqrt.o(.text)
    __decompress                             0x08000aa3   Thumb Code     0  __dclz77c.o(.text)
    __decompress2                            0x08000aa3   Thumb Code    94  __dclz77c.o(.text)
    BLUE_Config                              0x08000b01   Thumb Code   110  blue_teeth.o(i.BLUE_Config)
    BLUE_Process                             0x08000bb1   Thumb Code   556  blue_teeth.o(i.BLUE_Process)
    BULECarInitDisplay                       0x08000f15   Thumb Code   228  oled.o(i.BULECarInitDisplay)
    BusFault_Handler                         0x0800105d   Thumb Code     2  stm32f1xx_it.o(i.BusFault_Handler)
    DMA1_Channel4_IRQHandler                 0x08001061   Thumb Code     6  stm32f1xx_it.o(i.DMA1_Channel4_IRQHandler)
    DMA1_Channel5_IRQHandler                 0x0800106d   Thumb Code     6  stm32f1xx_it.o(i.DMA1_Channel5_IRQHandler)
    DMA1_Channel6_IRQHandler                 0x08001079   Thumb Code     6  stm32f1xx_it.o(i.DMA1_Channel6_IRQHandler)
    DMA1_Channel7_IRQHandler                 0x08001085   Thumb Code     6  stm32f1xx_it.o(i.DMA1_Channel7_IRQHandler)
    DMA_Printf                               0x08001091   Thumb Code   176  usart.o(i.DMA_Printf)
    DebugMon_Handler                         0x08001177   Thumb Code     2  stm32f1xx_it.o(i.DebugMon_Handler)
    EEPROMOutload                            0x08001179   Thumb Code   206  eeprom.o(i.EEPROMOutload)
    EEPROMReadFloat                          0x0800125d   Thumb Code    28  eeprom.o(i.EEPROMReadFloat)
    EEPROMReload                             0x08001279   Thumb Code   190  eeprom.o(i.EEPROMReload)
    EEPROMWriteFloat                         0x0800134d   Thumb Code    42  eeprom.o(i.EEPROMWriteFloat)
    EEPROM_Config                            0x08001379   Thumb Code    10  eeprom.o(i.EEPROM_Config)
    EEPROM_ReadBytes                         0x08001389   Thumb Code   186  eeprom.o(i.EEPROM_ReadBytes)
    EEPROM_WriteBytes                        0x08001449   Thumb Code   176  eeprom.o(i.EEPROM_WriteBytes)
    EXTI15_10_IRQHandler                     0x080014fd   Thumb Code    22  stm32f1xx_it.o(i.EXTI15_10_IRQHandler)
    Error_Handler                            0x08001513   Thumb Code     4  main.o(i.Error_Handler)
    HAL_DMA_Abort                            0x08001517   Thumb Code    70  stm32f1xx_hal_dma.o(i.HAL_DMA_Abort)
    HAL_DMA_Abort_IT                         0x0800155d   Thumb Code   148  stm32f1xx_hal_dma.o(i.HAL_DMA_Abort_IT)
    HAL_DMA_GetError                         0x080015f5   Thumb Code     4  stm32f1xx_hal_dma.o(i.HAL_DMA_GetError)
    HAL_DMA_GetState                         0x080015f9   Thumb Code     6  stm32f1xx_hal_dma.o(i.HAL_DMA_GetState)
    HAL_DMA_IRQHandler                       0x08001601   Thumb Code   316  stm32f1xx_hal_dma.o(i.HAL_DMA_IRQHandler)
    HAL_DMA_Init                             0x08001755   Thumb Code    84  stm32f1xx_hal_dma.o(i.HAL_DMA_Init)
    HAL_DMA_Start_IT                         0x080017b1   Thumb Code   112  stm32f1xx_hal_dma.o(i.HAL_DMA_Start_IT)
    HAL_GPIO_EXTI_Callback                   0x08001821   Thumb Code   546  exit.o(i.HAL_GPIO_EXTI_Callback)
    HAL_GPIO_EXTI_IRQHandler                 0x08001a89   Thumb Code    18  stm32f1xx_hal_gpio.o(i.HAL_GPIO_EXTI_IRQHandler)
    HAL_GPIO_Init                            0x08001aa1   Thumb Code   446  stm32f1xx_hal_gpio.o(i.HAL_GPIO_Init)
    HAL_GPIO_ReadPin                         0x08001c81   Thumb Code    10  stm32f1xx_hal_gpio.o(i.HAL_GPIO_ReadPin)
    HAL_GPIO_WritePin                        0x08001c8b   Thumb Code    10  stm32f1xx_hal_gpio.o(i.HAL_GPIO_WritePin)
    HAL_GetTick                              0x08001c95   Thumb Code     6  stm32f1xx_hal.o(i.HAL_GetTick)
    HAL_IncTick                              0x08001ca1   Thumb Code    12  stm32f1xx_hal.o(i.HAL_IncTick)
    HAL_Init                                 0x08001cb1   Thumb Code    32  stm32f1xx_hal.o(i.HAL_Init)
    HAL_InitTick                             0x08001cd5   Thumb Code    54  stm32f1xx_hal.o(i.HAL_InitTick)
    HAL_MspInit                              0x08001d15   Thumb Code    52  stm32f1xx_hal_msp.o(i.HAL_MspInit)
    HAL_NVIC_EnableIRQ                       0x08001d51   Thumb Code    26  stm32f1xx_hal_cortex.o(i.HAL_NVIC_EnableIRQ)
    HAL_NVIC_SetPriority                     0x08001d6d   Thumb Code    60  stm32f1xx_hal_cortex.o(i.HAL_NVIC_SetPriority)
    HAL_NVIC_SetPriorityGrouping             0x08001dad   Thumb Code    26  stm32f1xx_hal_cortex.o(i.HAL_NVIC_SetPriorityGrouping)
    HAL_RCC_ClockConfig                      0x08001dd1   Thumb Code   280  stm32f1xx_hal_rcc.o(i.HAL_RCC_ClockConfig)
    HAL_RCC_GetPCLK1Freq                     0x08001efd   Thumb Code    20  stm32f1xx_hal_rcc.o(i.HAL_RCC_GetPCLK1Freq)
    HAL_RCC_GetPCLK2Freq                     0x08001f1d   Thumb Code    20  stm32f1xx_hal_rcc.o(i.HAL_RCC_GetPCLK2Freq)
    HAL_RCC_GetSysClockFreq                  0x08001f3d   Thumb Code    74  stm32f1xx_hal_rcc.o(i.HAL_RCC_GetSysClockFreq)
    HAL_RCC_OscConfig                        0x08001fa9   Thumb Code   778  stm32f1xx_hal_rcc.o(i.HAL_RCC_OscConfig)
    HAL_SYSTICK_Config                       0x080022c9   Thumb Code    40  stm32f1xx_hal_cortex.o(i.HAL_SYSTICK_Config)
    HAL_TIMEx_ConfigBreakDeadTime            0x080022f1   Thumb Code    84  stm32f1xx_hal_tim_ex.o(i.HAL_TIMEx_ConfigBreakDeadTime)
    HAL_TIMEx_MasterConfigSynchronization    0x08002345   Thumb Code    92  stm32f1xx_hal_tim_ex.o(i.HAL_TIMEx_MasterConfigSynchronization)
    HAL_TIM_Base_Init                        0x080023ad   Thumb Code    90  stm32f1xx_hal_tim.o(i.HAL_TIM_Base_Init)
    HAL_TIM_Base_MspInit                     0x08002409   Thumb Code    52  tim.o(i.HAL_TIM_Base_MspInit)
    HAL_TIM_Base_Start                       0x08002445   Thumb Code    66  stm32f1xx_hal_tim.o(i.HAL_TIM_Base_Start)
    HAL_TIM_Base_Stop                        0x08002495   Thumb Code    38  stm32f1xx_hal_tim.o(i.HAL_TIM_Base_Stop)
    HAL_TIM_ConfigClockSource                0x080024bb   Thumb Code   214  stm32f1xx_hal_tim.o(i.HAL_TIM_ConfigClockSource)
    HAL_TIM_Encoder_Init                     0x08002591   Thumb Code   164  stm32f1xx_hal_tim.o(i.HAL_TIM_Encoder_Init)
    HAL_TIM_Encoder_MspInit                  0x08002635   Thumb Code   140  tim.o(i.HAL_TIM_Encoder_MspInit)
    HAL_TIM_Encoder_Start                    0x080026d5   Thumb Code   142  stm32f1xx_hal_tim.o(i.HAL_TIM_Encoder_Start)
    HAL_TIM_MspPostInit                      0x08002765   Thumb Code    66  tim.o(i.HAL_TIM_MspPostInit)
    HAL_TIM_PWM_ConfigChannel                0x080027b5   Thumb Code   198  stm32f1xx_hal_tim.o(i.HAL_TIM_PWM_ConfigChannel)
    HAL_TIM_PWM_Init                         0x0800287b   Thumb Code    90  stm32f1xx_hal_tim.o(i.HAL_TIM_PWM_Init)
    HAL_TIM_PWM_MspInit                      0x080028d5   Thumb Code     2  stm32f1xx_hal_tim.o(i.HAL_TIM_PWM_MspInit)
    HAL_TIM_PWM_Start                        0x080028d9   Thumb Code   144  stm32f1xx_hal_tim.o(i.HAL_TIM_PWM_Start)
    HAL_UARTEx_RxEventCallback               0x08002975   Thumb Code     2  stm32f1xx_hal_uart.o(i.HAL_UARTEx_RxEventCallback)
    HAL_UART_Abort                           0x08002977   Thumb Code   156  stm32f1xx_hal_uart.o(i.HAL_UART_Abort)
    HAL_UART_ErrorCallback                   0x08002a15   Thumb Code    88  usart.o(i.HAL_UART_ErrorCallback)
    HAL_UART_IRQHandler                      0x08002a71   Thumb Code   520  stm32f1xx_hal_uart.o(i.HAL_UART_IRQHandler)
    HAL_UART_Init                            0x08002c7d   Thumb Code    98  stm32f1xx_hal_uart.o(i.HAL_UART_Init)
    HAL_UART_MspInit                         0x08002ce1   Thumb Code   382  usart.o(i.HAL_UART_MspInit)
    HAL_UART_Receive_DMA                     0x08002e79   Thumb Code    42  stm32f1xx_hal_uart.o(i.HAL_UART_Receive_DMA)
    HAL_UART_RxCpltCallback                  0x08002ea3   Thumb Code     2  usart.o(i.HAL_UART_RxCpltCallback)
    HAL_UART_RxHalfCpltCallback              0x08002ea5   Thumb Code     2  stm32f1xx_hal_uart.o(i.HAL_UART_RxHalfCpltCallback)
    HAL_UART_Transmit                        0x08002ea9   Thumb Code   178  stm32f1xx_hal_uart.o(i.HAL_UART_Transmit)
    HAL_UART_Transmit_DMA                    0x08002f5d   Thumb Code   114  stm32f1xx_hal_uart.o(i.HAL_UART_Transmit_DMA)
    HAL_UART_TxCpltCallback                  0x08002fdd   Thumb Code     2  stm32f1xx_hal_uart.o(i.HAL_UART_TxCpltCallback)
    HAL_UART_TxHalfCpltCallback              0x08002fdf   Thumb Code     2  stm32f1xx_hal_uart.o(i.HAL_UART_TxHalfCpltCallback)
    HardFault_Handler                        0x08002fe1   Thumb Code     2  stm32f1xx_it.o(i.HardFault_Handler)
    I2C_GPIO_Config                          0x08002fe3   Thumb Code     4  i2c.o(i.I2C_GPIO_Config)
    MPU_GPIO_MODESET                         0x08002fe9   Thumb Code   114  mpuiic.o(i.MPU_GPIO_MODESET)
    MPU_Get_Gyroscope                        0x08003061   Thumb Code    50  mpu6050.o(i.MPU_Get_Gyroscope)
    MPU_IIC_Ack                              0x08003095   Thumb Code    40  mpuiic.o(i.MPU_IIC_Ack)
    MPU_IIC_Delay                            0x080030c1   Thumb Code    12  mpuiic.o(i.MPU_IIC_Delay)
    MPU_IIC_Init                             0x080030cd   Thumb Code     2  mpuiic.o(i.MPU_IIC_Init)
    MPU_IIC_NAck                             0x080030d1   Thumb Code    40  mpuiic.o(i.MPU_IIC_NAck)
    MPU_IIC_Read_Byte                        0x080030fd   Thumb Code    78  mpuiic.o(i.MPU_IIC_Read_Byte)
    MPU_IIC_Send_Byte                        0x08003151   Thumb Code    60  mpuiic.o(i.MPU_IIC_Send_Byte)
    MPU_IIC_Start                            0x08003191   Thumb Code    42  mpuiic.o(i.MPU_IIC_Start)
    MPU_IIC_Stop                             0x080031c1   Thumb Code    44  mpuiic.o(i.MPU_IIC_Stop)
    MPU_IIC_Wait_Ack                         0x080031f1   Thumb Code    64  mpuiic.o(i.MPU_IIC_Wait_Ack)
    MPU_Init                                 0x08003235   Thumb Code   122  mpu6050.o(i.MPU_Init)
    MPU_Read_Byte                            0x080032b5   Thumb Code    58  mpu6050.o(i.MPU_Read_Byte)
    MPU_Read_Len                             0x080032f1   Thumb Code   108  mpu6050.o(i.MPU_Read_Len)
    MPU_Set_Accel_Fsr                        0x0800335d   Thumb Code    10  mpu6050.o(i.MPU_Set_Accel_Fsr)
    MPU_Set_Gyro_Fsr                         0x08003367   Thumb Code    10  mpu6050.o(i.MPU_Set_Gyro_Fsr)
    MPU_Set_LPF                              0x08003371   Thumb Code    48  mpu6050.o(i.MPU_Set_LPF)
    MPU_Set_Rate                             0x080033a1   Thumb Code    46  mpu6050.o(i.MPU_Set_Rate)
    MPU_Write_Byte                           0x080033cf   Thumb Code    60  mpu6050.o(i.MPU_Write_Byte)
    MPU_Write_Len                            0x0800340b   Thumb Code    82  mpu6050.o(i.MPU_Write_Len)
    MX_DMA_Init                              0x0800345d   Thumb Code    88  dma.o(i.MX_DMA_Init)
    MX_GPIO_Init                             0x080034b9   Thumb Code   254  gpio.o(i.MX_GPIO_Init)
    MX_TIM1_Init                             0x080035cd   Thumb Code   210  tim.o(i.MX_TIM1_Init)
    MX_TIM2_Init                             0x080036a9   Thumb Code    96  tim.o(i.MX_TIM2_Init)
    MX_TIM3_Init                             0x0800370d   Thumb Code    98  tim.o(i.MX_TIM3_Init)
    MX_TIM4_Init                             0x08003779   Thumb Code    98  tim.o(i.MX_TIM4_Init)
    MX_USART1_UART_Init                      0x080037e5   Thumb Code    82  usart.o(i.MX_USART1_UART_Init)
    MX_USART2_UART_Init                      0x08003845   Thumb Code    82  usart.o(i.MX_USART2_UART_Init)
    MemManage_Handler                        0x080038a5   Thumb Code     2  stm32f1xx_it.o(i.MemManage_Handler)
    Motor_Init                               0x080038a9   Thumb Code    22  pwm.o(i.Motor_Init)
    NMI_Handler                              0x080038c5   Thumb Code     2  stm32f1xx_it.o(i.NMI_Handler)
    OLED_CLS                                 0x080038c7   Thumb Code    26  oled.o(i.OLED_CLS)
    OLED_Config                              0x080038e1   Thumb Code   192  oled.o(i.OLED_Config)
    OLED_DrawBMP                             0x080039a5   Thumb Code    62  oled.o(i.OLED_DrawBMP)
    OLED_Fill                                0x080039e3   Thumb Code    62  oled.o(i.OLED_Fill)
    OLED_SEND_Cmd                            0x08003a21   Thumb Code   126  oled.o(i.OLED_SEND_Cmd)
    OLED_SEND_Data                           0x08003aa5   Thumb Code   126  oled.o(i.OLED_SEND_Data)
    OLED_SetPos                              0x08003b29   Thumb Code    38  oled.o(i.OLED_SetPos)
    OLED_ShowCN                              0x08003b51   Thumb Code    66  oled.o(i.OLED_ShowCN)
    OLED_ShowStr                             0x08003b99   Thumb Code   226  oled.o(i.OLED_ShowStr)
    PendSV_Handler                           0x08003c85   Thumb Code     2  stm32f1xx_it.o(i.PendSV_Handler)
    Printf                                   0x08003c89   Thumb Code    76  usart.o(i.Printf)
    Read_Encoder                             0x08003d0d   Thumb Code    28  encoder.o(i.Read_Encoder)
    SVC_Handler                              0x08003d31   Thumb Code     2  stm32f1xx_it.o(i.SVC_Handler)
    Set_Pwm                                  0x08003d35   Thumb Code   176  pwm.o(i.Set_Pwm)
    SysTick_Handler                          0x08003df5   Thumb Code     4  stm32f1xx_it.o(i.SysTick_Handler)
    SystemClock_Config                       0x08003df9   Thumb Code    94  main.o(i.SystemClock_Config)
    SystemInit                               0x08003e57   Thumb Code     2  system_stm32f1xx.o(i.SystemInit)
    TIM_Base_SetConfig                       0x08003e59   Thumb Code    94  stm32f1xx_hal_tim.o(i.TIM_Base_SetConfig)
    TIM_CCxChannelCmd                        0x08003ec5   Thumb Code    26  stm32f1xx_hal_tim.o(i.TIM_CCxChannelCmd)
    TIM_ETR_SetConfig                        0x08003edf   Thumb Code    20  stm32f1xx_hal_tim.o(i.TIM_ETR_SetConfig)
    TIM_OC2_SetConfig                        0x08003f55   Thumb Code    84  stm32f1xx_hal_tim.o(i.TIM_OC2_SetConfig)
    UART_Start_Receive_DMA                   0x08004345   Thumb Code    98  stm32f1xx_hal_uart.o(i.UART_Start_Receive_DMA)
    USART1_IDLE_Handler                      0x08004419   Thumb Code    68  usart.o(i.USART1_IDLE_Handler)
    USART1_IRQHandler                        0x08004465   Thumb Code    16  stm32f1xx_it.o(i.USART1_IRQHandler)
    USART1_REC_Handler                       0x08004479   Thumb Code    84  usart.o(i.USART1_REC_Handler)
    USART2_IDLE_Handler                      0x080044d9   Thumb Code    68  usart.o(i.USART2_IDLE_Handler)
    USART2_IRQHandler                        0x08004525   Thumb Code    16  stm32f1xx_it.o(i.USART2_IRQHandler)
    USART2_REC_Handler                       0x08004539   Thumb Code    68  usart.o(i.USART2_REC_Handler)
    USART_DMARec_Stop                        0x08004585   Thumb Code    88  usart.o(i.USART_DMARec_Stop)
    Ultra_EXIT_Service                       0x080045dd   Thumb Code    56  ultra.o(i.Ultra_EXIT_Service)
    UsageFault_Handler                       0x08004621   Thumb Code     2  stm32f1xx_it.o(i.UsageFault_Handler)
    __0printf                                0x08004625   Thumb Code    22  printfa.o(i.__0printf)
    __1printf                                0x08004625   Thumb Code     0  printfa.o(i.__0printf)
    __2printf                                0x08004625   Thumb Code     0  printfa.o(i.__0printf)
    __c89printf                              0x08004625   Thumb Code     0  printfa.o(i.__0printf)
    printf                                   0x08004625   Thumb Code     0  printfa.o(i.__0printf)
    __0vsnprintf                             0x08004645   Thumb Code    40  printfa.o(i.__0vsnprintf)
    __1vsnprintf                             0x08004645   Thumb Code     0  printfa.o(i.__0vsnprintf)
    __2vsnprintf                             0x08004645   Thumb Code     0  printfa.o(i.__0vsnprintf)
    __c89vsnprintf                           0x08004645   Thumb Code     0  printfa.o(i.__0vsnprintf)
    vsnprintf                                0x08004645   Thumb Code     0  printfa.o(i.__0vsnprintf)
    __ARM_fpclassify                         0x08004671   Thumb Code    40  fpclassify.o(i.__ARM_fpclassify)
    __kernel_poly                            0x080046b9   Thumb Code   170  poly.o(i.__kernel_poly)
    __mathlib_dbl_infnan                     0x08004763   Thumb Code     6  dunder.o(i.__mathlib_dbl_infnan)
    __mathlib_dbl_infnan2                    0x08004769   Thumb Code     4  dunder.o(i.__mathlib_dbl_infnan2)
    __mathlib_dbl_invalid                    0x0800476d   Thumb Code    12  dunder.o(i.__mathlib_dbl_invalid)
    __mathlib_dbl_underflow                  0x08004779   Thumb Code    10  dunder.o(i.__mathlib_dbl_underflow)
    __scatterload_copy                       0x08004789   Thumb Code    14  handlers.o(i.__scatterload_copy)
    __scatterload_null                       0x08004797   Thumb Code     2  handlers.o(i.__scatterload_null)
    __scatterload_zeroinit                   0x08004799   Thumb Code    14  handlers.o(i.__scatterload_zeroinit)
    __set_errno                              0x080047a9   Thumb Code     6  errno.o(i.__set_errno)
    asin                                     0x0800507d   Thumb Code   572  asin.o(i.asin)
    atan                                     0x080052ed   Thumb Code   474  atan.o(i.atan)
    atan2                                    0x0800550d   Thumb Code   346  atan2.o(i.atan2)
    balance_Control                          0x0800568d   Thumb Code    56  pid.o(i.balance_Control)
    delay_ms                                 0x080056c9   Thumb Code    52  delay.o(i.delay_ms)
    delay_s                                  0x08005701   Thumb Code    62  delay.o(i.delay_s)
    dmp_enable_6x_lp_quat                    0x08005745   Thumb Code    58  inv_mpu_dmp_motion_driver.o(i.dmp_enable_6x_lp_quat)
    dmp_enable_feature                       0x08005781   Thumb Code   464  inv_mpu_dmp_motion_driver.o(i.dmp_enable_feature)
    dmp_enable_gyro_cal                      0x08005959   Thumb Code    34  inv_mpu_dmp_motion_driver.o(i.dmp_enable_gyro_cal)
    dmp_enable_lp_quat                       0x08005995   Thumb Code    58  inv_mpu_dmp_motion_driver.o(i.dmp_enable_lp_quat)
    dmp_load_motion_driver_firmware          0x080059d1   Thumb Code    16  inv_mpu_dmp_motion_driver.o(i.dmp_load_motion_driver_firmware)
    dmp_read_fifo                            0x080059e5   Thumb Code   320  inv_mpu_dmp_motion_driver.o(i.dmp_read_fifo)
    dmp_set_fifo_rate                        0x08005b29   Thumb Code    82  inv_mpu_dmp_motion_driver.o(i.dmp_set_fifo_rate)
    dmp_set_orientation                      0x08005b8d   Thumb Code   246  inv_mpu_dmp_motion_driver.o(i.dmp_set_orientation)
    dmp_set_shake_reject_thresh              0x08005c99   Thumb Code    48  inv_mpu_dmp_motion_driver.o(i.dmp_set_shake_reject_thresh)
    dmp_set_shake_reject_time                0x08005cc9   Thumb Code    32  inv_mpu_dmp_motion_driver.o(i.dmp_set_shake_reject_time)
    dmp_set_shake_reject_timeout             0x08005ce9   Thumb Code    32  inv_mpu_dmp_motion_driver.o(i.dmp_set_shake_reject_timeout)
    dmp_set_tap_axes                         0x08005d09   Thumb Code    64  inv_mpu_dmp_motion_driver.o(i.dmp_set_tap_axes)
    dmp_set_tap_count                        0x08005d49   Thumb Code    34  inv_mpu_dmp_motion_driver.o(i.dmp_set_tap_count)
    dmp_set_tap_thresh                       0x08005d6d   Thumb Code   274  inv_mpu_dmp_motion_driver.o(i.dmp_set_tap_thresh)
    dmp_set_tap_time                         0x08005e95   Thumb Code    32  inv_mpu_dmp_motion_driver.o(i.dmp_set_tap_time)
    dmp_set_tap_time_multi                   0x08005eb5   Thumb Code    32  inv_mpu_dmp_motion_driver.o(i.dmp_set_tap_time_multi)
    fputc                                    0x08005ed5   Thumb Code    64  usart.o(i.fputc)
    i2c_Ack                                  0x08005f21   Thumb Code    30  i2c.o(i.i2c_Ack)
    i2c_NAck                                 0x08005f4b   Thumb Code    28  i2c.o(i.i2c_NAck)
    i2c_ReadByte                             0x08005f67   Thumb Code    56  i2c.o(i.i2c_ReadByte)
    i2c_SendByte                             0x08005f9f   Thumb Code    66  i2c.o(i.i2c_SendByte)
    i2c_Start                                0x08005fe1   Thumb Code    32  i2c.o(i.i2c_Start)
    i2c_Stop                                 0x08006001   Thumb Code    18  i2c.o(i.i2c_Stop)
    i2c_WaitAck                              0x08006013   Thumb Code    42  i2c.o(i.i2c_WaitAck)
    inv_orientation_matrix_to_scalar         0x0800603d   Thumb Code    34  inv_mpu.o(i.inv_orientation_matrix_to_scalar)
    inv_row_2_scale                          0x0800605f   Thumb Code    72  inv_mpu.o(i.inv_row_2_scale)
    main                                     0x080060a9   Thumb Code   150  main.o(i.main)
    mget_ms                                  0x08006179   Thumb Code     2  inv_mpu.o(i.mget_ms)
    mpu_configure_fifo                       0x0800617d   Thumb Code    78  inv_mpu.o(i.mpu_configure_fifo)
    mpu_dmp_get_data                         0x080061d1   Thumb Code   408  inv_mpu.o(i.mpu_dmp_get_data)
    mpu_dmp_init                             0x0800636d   Thumb Code   148  inv_mpu.o(i.mpu_dmp_init)
    mpu_get_accel_fsr                        0x08006405   Thumb Code    54  inv_mpu.o(i.mpu_get_accel_fsr)
    mpu_init                                 0x08006441   Thumb Code   310  inv_mpu.o(i.mpu_init)
    mpu_load_firmware                        0x080065c9   Thumb Code   154  inv_mpu.o(i.mpu_load_firmware)
    mpu_lp_accel_mode                        0x08006669   Thumb Code   178  inv_mpu.o(i.mpu_lp_accel_mode)
    mpu_read_fifo_stream                     0x08006721   Thumb Code   140  inv_mpu.o(i.mpu_read_fifo_stream)
    mpu_read_mem                             0x080067b1   Thumb Code    80  inv_mpu.o(i.mpu_read_mem)
    mpu_reset_fifo                           0x08006805   Thumb Code   346  inv_mpu.o(i.mpu_reset_fifo)
    mpu_set_accel_fsr                        0x08006965   Thumb Code    98  inv_mpu.o(i.mpu_set_accel_fsr)
    mpu_set_bypass                           0x080069cd   Thumb Code   214  inv_mpu.o(i.mpu_set_bypass)
    mpu_set_dmp_state                        0x08006aa9   Thumb Code   114  inv_mpu.o(i.mpu_set_dmp_state)
    mpu_set_gyro_fsr                         0x08006b21   Thumb Code   104  inv_mpu.o(i.mpu_set_gyro_fsr)
    mpu_set_int_latched                      0x08006b8d   Thumb Code    94  inv_mpu.o(i.mpu_set_int_latched)
    mpu_set_lpf                              0x08006bf1   Thumb Code   102  inv_mpu.o(i.mpu_set_lpf)
    mpu_set_sample_rate                      0x08006c5d   Thumb Code   124  inv_mpu.o(i.mpu_set_sample_rate)
    mpu_set_sensors                          0x08006cdd   Thumb Code   178  inv_mpu.o(i.mpu_set_sensors)
    mpu_write_mem                            0x08006d95   Thumb Code    80  inv_mpu.o(i.mpu_write_mem)
    sqrt                                     0x08006e41   Thumb Code    76  sqrt.o(i.sqrt)
    turn_Control                             0x08006e8d   Thumb Code    38  pid.o(i.turn_Control)
    velocity_Control                         0x08006eb5   Thumb Code   190  pid.o(i.velocity_Control)
    F6x8                                     0x08006f90   Data         552  oled.o(.constdata)
    F8X16                                    0x080071b8   Data        1520  oled.o(.constdata)
    reg                                      0x080077a8   Data          27  inv_mpu.o(.constdata)
    hw                                       0x080077c4   Data          12  inv_mpu.o(.constdata)
    test                                     0x080077d0   Data          40  inv_mpu.o(.constdata)
    AHBPrescTable                            0x080083ee   Data          16  system_stm32f1xx.o(.constdata)
    APBPrescTable                            0x080083fe   Data           8  system_stm32f1xx.o(.constdata)
    __mathlib_zero                           0x080084f0   Data           8  qnan.o(.constdata)
    Region$$Table$$Base                      0x080085a4   Number         0  anon$$obj.o(Region$$Table)
    Region$$Table$$Limit                     0x080085c4   Number         0  anon$$obj.o(Region$$Table)
    User_Data                                0x20000000   Data          28  blue_teeth.o(.data)
    gyrox                                    0x2000001e   Data           2  exit.o(.data)
    gyroy                                    0x20000020   Data           2  exit.o(.data)
    gyroz                                    0x20000022   Data           2  exit.o(.data)
    left_encode                              0x20000024   Data           4  exit.o(.data)
    right_encode                             0x20000028   Data           4  exit.o(.data)
    right_pwm                                0x2000002c   Data           4  exit.o(.data)
    left_pwm                                 0x20000030   Data           4  exit.o(.data)
    pitch                                    0x20000038   Data           4  exit.o(.data)
    roll                                     0x2000003c   Data           4  exit.o(.data)
    yaw                                      0x20000040   Data           4  exit.o(.data)
    F16x16                                   0x20000044   Data         224  oled.o(.data)
    BMP1                                     0x20000124   Data         408  oled.o(.data)
    BMP2                                     0x200002bc   Data         408  oled.o(.data)
    BMP3                                     0x20000454   Data         408  oled.o(.data)
    Mechanical_balance                       0x200005ec   Data           4  pid.o(.data)
    Death_Voltage                            0x200005f0   Data           2  pwm.o(.data)
    ULTRA_FLAG                               0x200005f2   Data           1  ultra.o(.data)
    INT_FLAG                                 0x2000062d   Data           1  mpu6050.o(.data)
    Rec_Complete1                            0x2000062e   Data           1  usart.o(.data)
    Rec_Complete2                            0x2000062f   Data           1  usart.o(.data)
    Uart_Error_Flag                          0x20000630   Data           1  usart.o(.data)
    USART_FLAG                               0x20000631   Data           1  usart.o(.data)
    Rec_Length1                              0x20000632   Data           2  usart.o(.data)
    Rec_Length2                              0x20000634   Data           2  usart.o(.data)
    uwTickFreq                               0x20000638   Data           1  stm32f1xx_hal.o(.data)
    uwTickPrio                               0x2000063c   Data           4  stm32f1xx_hal.o(.data)
    uwTick                                   0x20000640   Data           4  stm32f1xx_hal.o(.data)
    SystemCoreClock                          0x20000644   Data           4  system_stm32f1xx.o(.data)
    __stdout                                 0x20000648   Data           4  stdout.o(.data)
    velocity_PID                             0x20000650   Data          32  pid.o(.bss)
    balance_PID                              0x20000670   Data          32  pid.o(.bss)
    turn_PID                                 0x20000690   Data          32  pid.o(.bss)
    htim1                                    0x200006c0   Data          72  tim.o(.bss)
    htim2                                    0x20000708   Data          72  tim.o(.bss)
    htim3                                    0x20000750   Data          72  tim.o(.bss)
    htim4                                    0x20000798   Data          72  tim.o(.bss)
    RxBuffer1                                0x200007e0   Data         256  usart.o(.bss)
    RxBuffer2                                0x200008e0   Data         256  usart.o(.bss)
    huart1                                   0x200009e0   Data          68  usart.o(.bss)
    huart2                                   0x20000a24   Data          68  usart.o(.bss)
    hdma_usart1_rx                           0x20000a68   Data          68  usart.o(.bss)
    hdma_usart1_tx                           0x20000aac   Data          68  usart.o(.bss)
    hdma_usart2_tx                           0x20000af0   Data          68  usart.o(.bss)
    hdma_usart2_rx                           0x20000b34   Data          68  usart.o(.bss)
    __initial_sp                             0x20000f78   Data           0  startup_stm32f103xb.o(STACK)



==============================================================================

Memory Map of the image

  Image Entry point : 0x080000ed

  Load Region LR_IROM1 (Base: 0x08000000, Size: 0x00008c14, Max: 0x00010000, ABSOLUTE, COMPRESSED[0x00008820])

    Execution Region ER_IROM1 (Base: 0x08000000, Size: 0x000085c4, Max: 0x00010000, ABSOLUTE)

    Base Addr    Size         Type   Attr      Idx    E Section Name        Object

    0x08000000   0x000000ec   Data   RO            3    RESET               startup_stm32f103xb.o
    0x080000ec   0x00000000   Code   RO         4285  * .ARM.Collect$$$$00000000  mc_w.l(entry.o)
    0x080000ec   0x00000004   Code   RO         4631    .ARM.Collect$$$$00000001  mc_w.l(entry2.o)
    0x080000f0   0x00000004   Code   RO         4634    .ARM.Collect$$$$00000004  mc_w.l(entry5.o)
    0x080000f4   0x00000000   Code   RO         4636    .ARM.Collect$$$$00000008  mc_w.l(entry7b.o)
    0x080000f4   0x00000000   Code   RO         4638    .ARM.Collect$$$$0000000A  mc_w.l(entry8b.o)
    0x080000f4   0x00000008   Code   RO         4639    .ARM.Collect$$$$0000000B  mc_w.l(entry9a.o)
    0x080000fc   0x00000000   Code   RO         4641    .ARM.Collect$$$$0000000D  mc_w.l(entry10a.o)
    0x080000fc   0x00000000   Code   RO         4643    .ARM.Collect$$$$0000000F  mc_w.l(entry11a.o)
    0x080000fc   0x00000004   Code   RO         4632    .ARM.Collect$$$$00002712  mc_w.l(entry2.o)
    0x08000100   0x00000024   Code   RO            4    .text               startup_stm32f103xb.o
    0x08000124   0x00000020   Code   RO         4293    .text               mc_w.l(llushr.o)
    0x08000144   0x00000024   Code   RO         4295    .text               mc_w.l(memseta.o)
    0x08000168   0x0000000e   Code   RO         4297    .text               mc_w.l(strlen.o)
    0x08000176   0x0000001a   Code   RO         4299    .text               mc_w.l(memcmp.o)
    0x08000190   0x000000b0   Code   RO         4562    .text               mf_w.l(fadd.o)
    0x08000240   0x00000064   Code   RO         4564    .text               mf_w.l(fmul.o)
    0x080002a4   0x0000007c   Code   RO         4566    .text               mf_w.l(fdiv.o)
    0x08000320   0x00000018   Code   RO         4568    .text               mf_w.l(fscalb.o)
    0x08000338   0x0000014e   Code   RO         4570    .text               mf_w.l(dadd.o)
    0x08000486   0x000000e4   Code   RO         4572    .text               mf_w.l(dmul.o)
    0x0800056a   0x000000de   Code   RO         4574    .text               mf_w.l(ddiv.o)
    0x08000648   0x00000012   Code   RO         4576    .text               mf_w.l(fflti.o)
    0x0800065a   0x0000000a   Code   RO         4578    .text               mf_w.l(ffltui.o)
    0x08000664   0x00000022   Code   RO         4580    .text               mf_w.l(dflti.o)
    0x08000686   0x00000032   Code   RO         4582    .text               mf_w.l(ffixi.o)
    0x080006b8   0x00000028   Code   RO         4584    .text               mf_w.l(ffixui.o)
    0x080006e0   0x00000026   Code   RO         4586    .text               mf_w.l(f2d.o)
    0x08000706   0x00000002   PAD
    0x08000708   0x00000030   Code   RO         4588    .text               mf_w.l(cdrcmple.o)
    0x08000738   0x00000038   Code   RO         4590    .text               mf_w.l(d2f.o)
    0x08000770   0x00000014   Code   RO         4592    .text               mf_w.l(cfcmple.o)
    0x08000784   0x0000002c   Code   RO         4646    .text               mc_w.l(uidiv.o)
    0x080007b0   0x00000062   Code   RO         4648    .text               mc_w.l(uldiv.o)
    0x08000812   0x0000001e   Code   RO         4650    .text               mc_w.l(llshl.o)
    0x08000830   0x00000024   Code   RO         4652    .text               mc_w.l(llsshr.o)
    0x08000854   0x00000000   Code   RO         4661    .text               mc_w.l(iusefp.o)
    0x08000854   0x0000006e   Code   RO         4662    .text               mf_w.l(fepilogue.o)
    0x080008c2   0x000000ba   Code   RO         4664    .text               mf_w.l(depilogue.o)
    0x0800097c   0x0000002e   Code   RO         4666    .text               mf_w.l(dscalb.o)
    0x080009aa   0x00000030   Code   RO         4668    .text               mf_w.l(dfixul.o)
    0x080009da   0x00000002   PAD
    0x080009dc   0x00000024   Code   RO         4670    .text               mc_w.l(init.o)
    0x08000a00   0x000000a2   Code   RO         4672    .text               mf_w.l(dsqrt.o)
    0x08000aa2   0x0000005e   Code   RO         4684    .text               mc_w.l(__dclz77c.o)
    0x08000b00   0x000000b0   Code   RO          144    i.BLUE_Config       blue_teeth.o
    0x08000bb0   0x00000364   Code   RO          145    i.BLUE_Process      blue_teeth.o
    0x08000f14   0x00000148   Code   RO          456    i.BULECarInitDisplay  oled.o
    0x0800105c   0x00000002   Code   RO         1749    i.BusFault_Handler  stm32f1xx_it.o
    0x0800105e   0x00000002   PAD
    0x08001060   0x0000000c   Code   RO         1750    i.DMA1_Channel4_IRQHandler  stm32f1xx_it.o
    0x0800106c   0x0000000c   Code   RO         1751    i.DMA1_Channel5_IRQHandler  stm32f1xx_it.o
    0x08001078   0x0000000c   Code   RO         1752    i.DMA1_Channel6_IRQHandler  stm32f1xx_it.o
    0x08001084   0x0000000c   Code   RO         1753    i.DMA1_Channel7_IRQHandler  stm32f1xx_it.o
    0x08001090   0x000000bc   Code   RO         1618    i.DMA_Printf        usart.o
    0x0800114c   0x0000002a   Code   RO         3278    i.DMA_SetConfig     stm32f1xx_hal_dma.o
    0x08001176   0x00000002   Code   RO         1754    i.DebugMon_Handler  stm32f1xx_it.o
    0x08001178   0x000000e4   Code   RO          219    i.EEPROMOutload     eeprom.o
    0x0800125c   0x0000001c   Code   RO          220    i.EEPROMReadFloat   eeprom.o
    0x08001278   0x000000d4   Code   RO          221    i.EEPROMReload      eeprom.o
    0x0800134c   0x0000002a   Code   RO          222    i.EEPROMWriteFloat  eeprom.o
    0x08001376   0x00000002   PAD
    0x08001378   0x00000010   Code   RO          223    i.EEPROM_Config     eeprom.o
    0x08001388   0x000000c0   Code   RO          224    i.EEPROM_ReadBytes  eeprom.o
    0x08001448   0x000000b4   Code   RO          225    i.EEPROM_WriteBytes  eeprom.o
    0x080014fc   0x00000016   Code   RO         1755    i.EXTI15_10_IRQHandler  stm32f1xx_it.o
    0x08001512   0x00000004   Code   RO         1446    i.Error_Handler     main.o
    0x08001516   0x00000046   Code   RO         3279    i.HAL_DMA_Abort     stm32f1xx_hal_dma.o
    0x0800155c   0x00000098   Code   RO         3280    i.HAL_DMA_Abort_IT  stm32f1xx_hal_dma.o
    0x080015f4   0x00000004   Code   RO         3282    i.HAL_DMA_GetError  stm32f1xx_hal_dma.o
    0x080015f8   0x00000006   Code   RO         3283    i.HAL_DMA_GetState  stm32f1xx_hal_dma.o
    0x080015fe   0x00000002   PAD
    0x08001600   0x00000154   Code   RO         3284    i.HAL_DMA_IRQHandler  stm32f1xx_hal_dma.o
    0x08001754   0x0000005c   Code   RO         3285    i.HAL_DMA_Init      stm32f1xx_hal_dma.o
    0x080017b0   0x00000070   Code   RO         3289    i.HAL_DMA_Start_IT  stm32f1xx_hal_dma.o
    0x08001820   0x00000268   Code   RO          341    i.HAL_GPIO_EXTI_Callback  exit.o
    0x08001a88   0x00000018   Code   RO         3214    i.HAL_GPIO_EXTI_IRQHandler  stm32f1xx_hal_gpio.o
    0x08001aa0   0x000001e0   Code   RO         3215    i.HAL_GPIO_Init     stm32f1xx_hal_gpio.o
    0x08001c80   0x0000000a   Code   RO         3217    i.HAL_GPIO_ReadPin  stm32f1xx_hal_gpio.o
    0x08001c8a   0x0000000a   Code   RO         3219    i.HAL_GPIO_WritePin  stm32f1xx_hal_gpio.o
    0x08001c94   0x0000000c   Code   RO         2911    i.HAL_GetTick       stm32f1xx_hal.o
    0x08001ca0   0x00000010   Code   RO         2917    i.HAL_IncTick       stm32f1xx_hal.o
    0x08001cb0   0x00000024   Code   RO         2918    i.HAL_Init          stm32f1xx_hal.o
    0x08001cd4   0x00000040   Code   RO         2919    i.HAL_InitTick      stm32f1xx_hal.o
    0x08001d14   0x0000003c   Code   RO         1867    i.HAL_MspInit       stm32f1xx_hal_msp.o
    0x08001d50   0x0000001a   Code   RO         3375    i.HAL_NVIC_EnableIRQ  stm32f1xx_hal_cortex.o
    0x08001d6a   0x00000002   PAD
    0x08001d6c   0x00000040   Code   RO         3381    i.HAL_NVIC_SetPriority  stm32f1xx_hal_cortex.o
    0x08001dac   0x00000024   Code   RO         3382    i.HAL_NVIC_SetPriorityGrouping  stm32f1xx_hal_cortex.o
    0x08001dd0   0x0000012c   Code   RO         3075    i.HAL_RCC_ClockConfig  stm32f1xx_hal_rcc.o
    0x08001efc   0x00000020   Code   RO         3082    i.HAL_RCC_GetPCLK1Freq  stm32f1xx_hal_rcc.o
    0x08001f1c   0x00000020   Code   RO         3083    i.HAL_RCC_GetPCLK2Freq  stm32f1xx_hal_rcc.o
    0x08001f3c   0x0000006c   Code   RO         3084    i.HAL_RCC_GetSysClockFreq  stm32f1xx_hal_rcc.o
    0x08001fa8   0x00000320   Code   RO         3087    i.HAL_RCC_OscConfig  stm32f1xx_hal_rcc.o
    0x080022c8   0x00000028   Code   RO         3386    i.HAL_SYSTICK_Config  stm32f1xx_hal_cortex.o
    0x080022f0   0x00000054   Code   RO         2636    i.HAL_TIMEx_ConfigBreakDeadTime  stm32f1xx_hal_tim_ex.o
    0x08002344   0x00000068   Code   RO         2652    i.HAL_TIMEx_MasterConfigSynchronization  stm32f1xx_hal_tim_ex.o
    0x080023ac   0x0000005a   Code   RO         1929    i.HAL_TIM_Base_Init  stm32f1xx_hal_tim.o
    0x08002406   0x00000002   PAD
    0x08002408   0x0000003c   Code   RO         1541    i.HAL_TIM_Base_MspInit  tim.o
    0x08002444   0x00000050   Code   RO         1932    i.HAL_TIM_Base_Start  stm32f1xx_hal_tim.o
    0x08002494   0x00000026   Code   RO         1935    i.HAL_TIM_Base_Stop  stm32f1xx_hal_tim.o
    0x080024ba   0x000000d6   Code   RO         1938    i.HAL_TIM_ConfigClockSource  stm32f1xx_hal_tim.o
    0x08002590   0x000000a4   Code   RO         1950    i.HAL_TIM_Encoder_Init  stm32f1xx_hal_tim.o
    0x08002634   0x000000a0   Code   RO         1543    i.HAL_TIM_Encoder_MspInit  tim.o
    0x080026d4   0x0000008e   Code   RO         1953    i.HAL_TIM_Encoder_Start  stm32f1xx_hal_tim.o
    0x08002762   0x00000002   PAD
    0x08002764   0x00000050   Code   RO         1544    i.HAL_TIM_MspPostInit  tim.o
    0x080027b4   0x000000c6   Code   RO         2001    i.HAL_TIM_PWM_ConfigChannel  stm32f1xx_hal_tim.o
    0x0800287a   0x0000005a   Code   RO         2004    i.HAL_TIM_PWM_Init  stm32f1xx_hal_tim.o
    0x080028d4   0x00000002   Code   RO         2006    i.HAL_TIM_PWM_MspInit  stm32f1xx_hal_tim.o
    0x080028d6   0x00000002   PAD
    0x080028d8   0x0000009c   Code   RO         2009    i.HAL_TIM_PWM_Start  stm32f1xx_hal_tim.o
    0x08002974   0x00000002   Code   RO         3886    i.HAL_UARTEx_RxEventCallback  stm32f1xx_hal_uart.o
    0x08002976   0x0000009c   Code   RO         3887    i.HAL_UART_Abort    stm32f1xx_hal_uart.o
    0x08002a12   0x00000002   PAD
    0x08002a14   0x0000005c   Code   RO         1620    i.HAL_UART_ErrorCallback  usart.o
    0x08002a70   0x0000020c   Code   RO         3903    i.HAL_UART_IRQHandler  stm32f1xx_hal_uart.o
    0x08002c7c   0x00000062   Code   RO         3904    i.HAL_UART_Init     stm32f1xx_hal_uart.o
    0x08002cde   0x00000002   PAD
    0x08002ce0   0x00000198   Code   RO         1622    i.HAL_UART_MspInit  usart.o
    0x08002e78   0x0000002a   Code   RO         3908    i.HAL_UART_Receive_DMA  stm32f1xx_hal_uart.o
    0x08002ea2   0x00000002   Code   RO         1623    i.HAL_UART_RxCpltCallback  usart.o
    0x08002ea4   0x00000002   Code   RO         3911    i.HAL_UART_RxHalfCpltCallback  stm32f1xx_hal_uart.o
    0x08002ea6   0x00000002   PAD
    0x08002ea8   0x000000b2   Code   RO         3912    i.HAL_UART_Transmit  stm32f1xx_hal_uart.o
    0x08002f5a   0x00000002   PAD
    0x08002f5c   0x00000080   Code   RO         3913    i.HAL_UART_Transmit_DMA  stm32f1xx_hal_uart.o
    0x08002fdc   0x00000002   Code   RO         3915    i.HAL_UART_TxCpltCallback  stm32f1xx_hal_uart.o
    0x08002fde   0x00000002   Code   RO         3916    i.HAL_UART_TxHalfCpltCallback  stm32f1xx_hal_uart.o
    0x08002fe0   0x00000002   Code   RO         1756    i.HardFault_Handler  stm32f1xx_it.o
    0x08002fe2   0x00000004   Code   RO          381    i.I2C_GPIO_Config   i2c.o
    0x08002fe6   0x00000002   PAD
    0x08002fe8   0x00000078   Code   RO         1368    i.MPU_GPIO_MODESET  mpuiic.o
    0x08003060   0x00000032   Code   RO         1274    i.MPU_Get_Gyroscope  mpu6050.o
    0x08003092   0x00000002   PAD
    0x08003094   0x0000002c   Code   RO         1369    i.MPU_IIC_Ack       mpuiic.o
    0x080030c0   0x0000000c   Code   RO         1370    i.MPU_IIC_Delay     mpuiic.o
    0x080030cc   0x00000002   Code   RO         1371    i.MPU_IIC_Init      mpuiic.o
    0x080030ce   0x00000002   PAD
    0x080030d0   0x0000002c   Code   RO         1372    i.MPU_IIC_NAck      mpuiic.o
    0x080030fc   0x00000054   Code   RO         1373    i.MPU_IIC_Read_Byte  mpuiic.o
    0x08003150   0x00000040   Code   RO         1374    i.MPU_IIC_Send_Byte  mpuiic.o
    0x08003190   0x00000030   Code   RO         1375    i.MPU_IIC_Start     mpuiic.o
    0x080031c0   0x00000030   Code   RO         1376    i.MPU_IIC_Stop      mpuiic.o
    0x080031f0   0x00000044   Code   RO         1377    i.MPU_IIC_Wait_Ack  mpuiic.o
    0x08003234   0x00000080   Code   RO         1276    i.MPU_Init          mpu6050.o
    0x080032b4   0x0000003a   Code   RO         1277    i.MPU_Read_Byte     mpu6050.o
    0x080032ee   0x00000002   PAD
    0x080032f0   0x0000006c   Code   RO         1278    i.MPU_Read_Len      mpu6050.o
    0x0800335c   0x0000000a   Code   RO         1279    i.MPU_Set_Accel_Fsr  mpu6050.o
    0x08003366   0x0000000a   Code   RO         1280    i.MPU_Set_Gyro_Fsr  mpu6050.o
    0x08003370   0x00000030   Code   RO         1281    i.MPU_Set_LPF       mpu6050.o
    0x080033a0   0x0000002e   Code   RO         1282    i.MPU_Set_Rate      mpu6050.o
    0x080033ce   0x0000003c   Code   RO         1283    i.MPU_Write_Byte    mpu6050.o
    0x0800340a   0x00000052   Code   RO         1284    i.MPU_Write_Len     mpu6050.o
    0x0800345c   0x0000005c   Code   RO         1516    i.MX_DMA_Init       dma.o
    0x080034b8   0x00000114   Code   RO         1492    i.MX_GPIO_Init      gpio.o
    0x080035cc   0x000000dc   Code   RO         1545    i.MX_TIM1_Init      tim.o
    0x080036a8   0x00000064   Code   RO         1546    i.MX_TIM2_Init      tim.o
    0x0800370c   0x0000006c   Code   RO         1547    i.MX_TIM3_Init      tim.o
    0x08003778   0x0000006c   Code   RO         1548    i.MX_TIM4_Init      tim.o
    0x080037e4   0x00000060   Code   RO         1624    i.MX_USART1_UART_Init  usart.o
    0x08003844   0x00000060   Code   RO         1625    i.MX_USART2_UART_Init  usart.o
    0x080038a4   0x00000002   Code   RO         1757    i.MemManage_Handler  stm32f1xx_it.o
    0x080038a6   0x00000002   PAD
    0x080038a8   0x0000001c   Code   RO          622    i.Motor_Init        pwm.o
    0x080038c4   0x00000002   Code   RO         1758    i.NMI_Handler       stm32f1xx_it.o
    0x080038c6   0x0000001a   Code   RO          457    i.OLED_CLS          oled.o
    0x080038e0   0x000000c4   Code   RO          459    i.OLED_Config       oled.o
    0x080039a4   0x0000003e   Code   RO          461    i.OLED_DrawBMP      oled.o
    0x080039e2   0x0000003e   Code   RO          462    i.OLED_Fill         oled.o
    0x08003a20   0x00000084   Code   RO          465    i.OLED_SEND_Cmd     oled.o
    0x08003aa4   0x00000084   Code   RO          466    i.OLED_SEND_Data    oled.o
    0x08003b28   0x00000026   Code   RO          467    i.OLED_SetPos       oled.o
    0x08003b4e   0x00000002   PAD
    0x08003b50   0x00000048   Code   RO          468    i.OLED_ShowCN       oled.o
    0x08003b98   0x000000ec   Code   RO          469    i.OLED_ShowStr      oled.o
    0x08003c84   0x00000002   Code   RO         1759    i.PendSV_Handler    stm32f1xx_it.o
    0x08003c86   0x00000002   PAD
    0x08003c88   0x0000005c   Code   RO         1626    i.Printf            usart.o
    0x08003ce4   0x00000028   Code   RO          146    i.ReadCharToFloat   blue_teeth.o
    0x08003d0c   0x00000024   Code   RO          294    i.Read_Encoder      encoder.o
    0x08003d30   0x00000002   Code   RO         1760    i.SVC_Handler       stm32f1xx_it.o
    0x08003d32   0x00000002   PAD
    0x08003d34   0x000000c0   Code   RO          623    i.Set_Pwm           pwm.o
    0x08003df4   0x00000004   Code   RO         1761    i.SysTick_Handler   stm32f1xx_it.o
    0x08003df8   0x0000005e   Code   RO         1447    i.SystemClock_Config  main.o
    0x08003e56   0x00000002   Code   RO         4233    i.SystemInit        system_stm32f1xx.o
    0x08003e58   0x0000006c   Code   RO         2022    i.TIM_Base_SetConfig  stm32f1xx_hal_tim.o
    0x08003ec4   0x0000001a   Code   RO         2023    i.TIM_CCxChannelCmd  stm32f1xx_hal_tim.o
    0x08003ede   0x00000014   Code   RO         2033    i.TIM_ETR_SetConfig  stm32f1xx_hal_tim.o
    0x08003ef2   0x00000010   Code   RO         2034    i.TIM_ITRx_SetConfig  stm32f1xx_hal_tim.o
    0x08003f02   0x00000002   PAD
    0x08003f04   0x00000050   Code   RO         2035    i.TIM_OC1_SetConfig  stm32f1xx_hal_tim.o
    0x08003f54   0x00000058   Code   RO         2036    i.TIM_OC2_SetConfig  stm32f1xx_hal_tim.o
    0x08003fac   0x00000058   Code   RO         2037    i.TIM_OC3_SetConfig  stm32f1xx_hal_tim.o
    0x08004004   0x00000044   Code   RO         2038    i.TIM_OC4_SetConfig  stm32f1xx_hal_tim.o
    0x08004048   0x00000022   Code   RO         2040    i.TIM_TI1_ConfigInputStage  stm32f1xx_hal_tim.o
    0x0800406a   0x00000024   Code   RO         2042    i.TIM_TI2_ConfigInputStage  stm32f1xx_hal_tim.o
    0x0800408e   0x00000010   Code   RO         3917    i.UART_DMAAbortOnError  stm32f1xx_hal_uart.o
    0x0800409e   0x0000004a   Code   RO         3918    i.UART_DMAError     stm32f1xx_hal_uart.o
    0x080040e8   0x0000005a   Code   RO         3919    i.UART_DMAReceiveCplt  stm32f1xx_hal_uart.o
    0x08004142   0x0000001a   Code   RO         3921    i.UART_DMARxHalfCplt  stm32f1xx_hal_uart.o
    0x0800415c   0x0000002e   Code   RO         3923    i.UART_DMATransmitCplt  stm32f1xx_hal_uart.o
    0x0800418a   0x0000000a   Code   RO         3925    i.UART_DMATxHalfCplt  stm32f1xx_hal_uart.o
    0x08004194   0x00000030   Code   RO         3927    i.UART_EndRxTransfer  stm32f1xx_hal_uart.o
    0x080041c4   0x00000012   Code   RO         3928    i.UART_EndTxTransfer  stm32f1xx_hal_uart.o
    0x080041d6   0x000000b6   Code   RO         3929    i.UART_Receive_IT   stm32f1xx_hal_uart.o
    0x0800428c   0x000000b8   Code   RO         3930    i.UART_SetConfig    stm32f1xx_hal_uart.o
    0x08004344   0x00000070   Code   RO         3931    i.UART_Start_Receive_DMA  stm32f1xx_hal_uart.o
    0x080043b4   0x00000064   Code   RO         3933    i.UART_WaitOnFlagUntilTimeout  stm32f1xx_hal_uart.o
    0x08004418   0x0000004c   Code   RO         1627    i.USART1_IDLE_Handler  usart.o
    0x08004464   0x00000014   Code   RO         1762    i.USART1_IRQHandler  stm32f1xx_it.o
    0x08004478   0x00000060   Code   RO         1628    i.USART1_REC_Handler  usart.o
    0x080044d8   0x0000004c   Code   RO         1629    i.USART2_IDLE_Handler  usart.o
    0x08004524   0x00000014   Code   RO         1763    i.USART2_IRQHandler  stm32f1xx_it.o
    0x08004538   0x0000004c   Code   RO         1630    i.USART2_REC_Handler  usart.o
    0x08004584   0x00000058   Code   RO         1631    i.USART_DMARec_Stop  usart.o
    0x080045dc   0x00000044   Code   RO          696    i.Ultra_EXIT_Service  ultra.o
    0x08004620   0x00000002   Code   RO         1764    i.UsageFault_Handler  stm32f1xx_it.o
    0x08004622   0x00000002   PAD
    0x08004624   0x00000020   Code   RO         4534    i.__0printf         mc_w.l(printfa.o)
    0x08004644   0x0000002c   Code   RO         4539    i.__0vsnprintf      mc_w.l(printfa.o)
    0x08004670   0x00000028   Code   RO         4618    i.__ARM_fpclassify  m_ws.l(fpclassify.o)
    0x08004698   0x00000020   Code   RO         3388    i.__NVIC_SetPriority  stm32f1xx_hal_cortex.o
    0x080046b8   0x000000aa   Code   RO         4620    i.__kernel_poly     m_ws.l(poly.o)
    0x08004762   0x00000006   Code   RO         4605    i.__mathlib_dbl_infnan  m_ws.l(dunder.o)
    0x08004768   0x00000004   Code   RO         4606    i.__mathlib_dbl_infnan2  m_ws.l(dunder.o)
    0x0800476c   0x0000000c   Code   RO         4607    i.__mathlib_dbl_invalid  m_ws.l(dunder.o)
    0x08004778   0x00000010   Code   RO         4610    i.__mathlib_dbl_underflow  m_ws.l(dunder.o)
    0x08004788   0x0000000e   Code   RO         4678    i.__scatterload_copy  mc_w.l(handlers.o)
    0x08004796   0x00000002   Code   RO         4679    i.__scatterload_null  mc_w.l(handlers.o)
    0x08004798   0x0000000e   Code   RO         4680    i.__scatterload_zeroinit  mc_w.l(handlers.o)
    0x080047a6   0x00000002   PAD
    0x080047a8   0x0000000c   Code   RO         4656    i.__set_errno       mc_w.l(errno.o)
    0x080047b4   0x00000184   Code   RO         4541    i._fp_digits        mc_w.l(printfa.o)
    0x08004938   0x000006dc   Code   RO         4542    i._printf_core      mc_w.l(printfa.o)
    0x08005014   0x00000024   Code   RO         4543    i._printf_post_padding  mc_w.l(printfa.o)
    0x08005038   0x0000002e   Code   RO         4544    i._printf_pre_padding  mc_w.l(printfa.o)
    0x08005066   0x00000016   Code   RO         4545    i._snputc           mc_w.l(printfa.o)
    0x0800507c   0x00000270   Code   RO         4268    i.asin              m_ws.l(asin.o)
    0x080052ec   0x00000220   Code   RO         4595    i.atan              m_ws.l(atan.o)
    0x0800550c   0x00000180   Code   RO         4278    i.atan2             m_ws.l(atan2.o)
    0x0800568c   0x0000003c   Code   RO          575    i.balance_Control   pid.o
    0x080056c8   0x00000038   Code   RO           13    i.delay_ms          delay.o
    0x08005700   0x00000044   Code   RO           14    i.delay_s           delay.o
    0x08005744   0x0000003a   Code   RO         1084    i.dmp_enable_6x_lp_quat  inv_mpu_dmp_motion_driver.o
    0x0800577e   0x00000002   PAD
    0x08005780   0x000001d8   Code   RO         1085    i.dmp_enable_feature  inv_mpu_dmp_motion_driver.o
    0x08005958   0x0000003c   Code   RO         1086    i.dmp_enable_gyro_cal  inv_mpu_dmp_motion_driver.o
    0x08005994   0x0000003a   Code   RO         1087    i.dmp_enable_lp_quat  inv_mpu_dmp_motion_driver.o
    0x080059ce   0x00000002   PAD
    0x080059d0   0x00000014   Code   RO         1092    i.dmp_load_motion_driver_firmware  inv_mpu_dmp_motion_driver.o
    0x080059e4   0x00000144   Code   RO         1093    i.dmp_read_fifo     inv_mpu_dmp_motion_driver.o
    0x08005b28   0x00000064   Code   RO         1097    i.dmp_set_fifo_rate  inv_mpu_dmp_motion_driver.o
    0x08005b8c   0x0000010c   Code   RO         1100    i.dmp_set_orientation  inv_mpu_dmp_motion_driver.o
    0x08005c98   0x00000030   Code   RO         1103    i.dmp_set_shake_reject_thresh  inv_mpu_dmp_motion_driver.o
    0x08005cc8   0x00000020   Code   RO         1104    i.dmp_set_shake_reject_time  inv_mpu_dmp_motion_driver.o
    0x08005ce8   0x00000020   Code   RO         1105    i.dmp_set_shake_reject_timeout  inv_mpu_dmp_motion_driver.o
    0x08005d08   0x00000040   Code   RO         1106    i.dmp_set_tap_axes  inv_mpu_dmp_motion_driver.o
    0x08005d48   0x00000022   Code   RO         1107    i.dmp_set_tap_count  inv_mpu_dmp_motion_driver.o
    0x08005d6a   0x00000002   PAD
    0x08005d6c   0x00000128   Code   RO         1108    i.dmp_set_tap_thresh  inv_mpu_dmp_motion_driver.o
    0x08005e94   0x00000020   Code   RO         1109    i.dmp_set_tap_time  inv_mpu_dmp_motion_driver.o
    0x08005eb4   0x00000020   Code   RO         1110    i.dmp_set_tap_time_multi  inv_mpu_dmp_motion_driver.o
    0x08005ed4   0x0000004c   Code   RO         1633    i.fputc             usart.o
    0x08005f20   0x0000001e   Code   RO          382    i.i2c_Ack           i2c.o
    0x08005f3e   0x0000000c   Code   RO          384    i.i2c_Delay         i2c.o
    0x08005f4a   0x0000001c   Code   RO          385    i.i2c_NAck          i2c.o
    0x08005f66   0x00000038   Code   RO          386    i.i2c_ReadByte      i2c.o
    0x08005f9e   0x00000042   Code   RO          387    i.i2c_SendByte      i2c.o
    0x08005fe0   0x00000020   Code   RO          388    i.i2c_Start         i2c.o
    0x08006000   0x00000012   Code   RO          389    i.i2c_Stop          i2c.o
    0x08006012   0x0000002a   Code   RO          390    i.i2c_WaitAck       i2c.o
    0x0800603c   0x00000022   Code   RO          736    i.inv_orientation_matrix_to_scalar  inv_mpu.o
    0x0800605e   0x00000048   Code   RO          737    i.inv_row_2_scale   inv_mpu.o
    0x080060a6   0x00000002   PAD
    0x080060a8   0x000000d0   Code   RO         1448    i.main              main.o
    0x08006178   0x00000002   Code   RO          738    i.mget_ms           inv_mpu.o
    0x0800617a   0x00000002   PAD
    0x0800617c   0x00000054   Code   RO          739    i.mpu_configure_fifo  inv_mpu.o
    0x080061d0   0x0000019c   Code   RO          740    i.mpu_dmp_get_data  inv_mpu.o
    0x0800636c   0x00000098   Code   RO          741    i.mpu_dmp_init      inv_mpu.o
    0x08006404   0x0000003c   Code   RO          742    i.mpu_get_accel_fsr  inv_mpu.o
    0x08006440   0x00000188   Code   RO          758    i.mpu_init          inv_mpu.o
    0x080065c8   0x000000a0   Code   RO          759    i.mpu_load_firmware  inv_mpu.o
    0x08006668   0x000000b8   Code   RO          760    i.mpu_lp_accel_mode  inv_mpu.o
    0x08006720   0x00000090   Code   RO          763    i.mpu_read_fifo_stream  inv_mpu.o
    0x080067b0   0x00000054   Code   RO          764    i.mpu_read_mem      inv_mpu.o
    0x08006804   0x00000160   Code   RO          767    i.mpu_reset_fifo    inv_mpu.o
    0x08006964   0x00000068   Code   RO          770    i.mpu_set_accel_fsr  inv_mpu.o
    0x080069cc   0x000000dc   Code   RO          771    i.mpu_set_bypass    inv_mpu.o
    0x08006aa8   0x00000078   Code   RO          773    i.mpu_set_dmp_state  inv_mpu.o
    0x08006b20   0x0000006c   Code   RO          774    i.mpu_set_gyro_fsr  inv_mpu.o
    0x08006b8c   0x00000064   Code   RO          775    i.mpu_set_int_latched  inv_mpu.o
    0x08006bf0   0x0000006c   Code   RO          777    i.mpu_set_lpf       inv_mpu.o
    0x08006c5c   0x00000080   Code   RO          778    i.mpu_set_sample_rate  inv_mpu.o
    0x08006cdc   0x000000b8   Code   RO          779    i.mpu_set_sensors   inv_mpu.o
    0x08006d94   0x00000054   Code   RO          780    i.mpu_write_mem     inv_mpu.o
    0x08006de8   0x00000058   Code   RO          782    i.set_int_enable    inv_mpu.o
    0x08006e40   0x0000004c   Code   RO         4624    i.sqrt              m_ws.l(sqrt.o)
    0x08006e8c   0x00000026   Code   RO          576    i.turn_Control      pid.o
    0x08006eb2   0x00000002   PAD
    0x08006eb4   0x000000dc   Code   RO          577    i.velocity_Control  pid.o
    0x08006f90   0x00000818   Data   RO          470    .constdata          oled.o
    0x080077a8   0x0000001b   Data   RO          784    .constdata          inv_mpu.o
    0x080077c3   0x00000001   PAD
    0x080077c4   0x0000000c   Data   RO          785    .constdata          inv_mpu.o
    0x080077d0   0x00000028   Data   RO          786    .constdata          inv_mpu.o
    0x080077f8   0x00000bf6   Data   RO         1112    .constdata          inv_mpu_dmp_motion_driver.o
    0x080083ee   0x00000010   Data   RO         4234    .constdata          system_stm32f1xx.o
    0x080083fe   0x00000008   Data   RO         4235    .constdata          system_stm32f1xx.o
    0x08008406   0x00000002   PAD
    0x08008408   0x00000050   Data   RO         4269    .constdata          m_ws.l(asin.o)
    0x08008458   0x00000098   Data   RO         4596    .constdata          m_ws.l(atan.o)
    0x080084f0   0x00000008   Data   RO         4622    .constdata          m_ws.l(qnan.o)
    0x080084f8   0x0000005b   Data   RO          148    .conststring        blue_teeth.o
    0x08008553   0x00000001   PAD
    0x08008554   0x0000004d   Data   RO          787    .conststring        inv_mpu.o
    0x080085a1   0x00000003   PAD
    0x080085a4   0x00000020   Data   RO         4676    Region$$Table       anon$$obj.o


    Execution Region RW_IRAM1 (Base: 0x20000000, Size: 0x00000f78, Max: 0x00005000, ABSOLUTE, COMPRESSED[0x0000025c])

    Base Addr    Size         Type   Attr      Idx    E Section Name        Object

    0x20000000   0x0000001c   Data   RW          149    .data               blue_teeth.o
    0x2000001c   0x00000028   Data   RW          342    .data               exit.o
    0x20000044   0x000005a8   Data   RW          471    .data               oled.o
    0x200005ec   0x00000004   Data   RW          581    .data               pid.o
    0x200005f0   0x00000002   Data   RW          624    .data               pwm.o
    0x200005f2   0x00000001   Data   RW          697    .data               ultra.o
    0x200005f3   0x00000001   PAD
    0x200005f4   0x00000002   Data   RW          698    .data               ultra.o
    0x200005f6   0x00000002   PAD
    0x200005f8   0x00000035   Data   RW          788    .data               inv_mpu.o
    0x2000062d   0x00000001   Data   RW         1285    .data               mpu6050.o
    0x2000062e   0x00000008   Data   RW         1637    .data               usart.o
    0x20000636   0x00000002   PAD
    0x20000638   0x0000000c   Data   RW         2925    .data               stm32f1xx_hal.o
    0x20000644   0x00000004   Data   RW         4236    .data               system_stm32f1xx.o
    0x20000648   0x00000004   Data   RW         4645    .data               mc_w.l(stdout.o)
    0x2000064c   0x00000004   Data   RW         4657    .data               mc_w.l(errno.o)
    0x20000650   0x00000020   Zero   RW          578    .bss                pid.o
    0x20000670   0x00000020   Zero   RW          579    .bss                pid.o
    0x20000690   0x00000020   Zero   RW          580    .bss                pid.o
    0x200006b0   0x00000010   Zero   RW         1111    .bss                inv_mpu_dmp_motion_driver.o
    0x200006c0   0x00000120   Zero   RW         1549    .bss                tim.o
    0x200007e0   0x00000398   Zero   RW         1634    .bss                usart.o
    0x20000b78   0x00000400   Zero   RW            1    STACK               startup_stm32f103xb.o


==============================================================================

Image component sizes


      Code (inc. data)   RO Data    RW Data    ZI Data      Debug   Object Name

      1084        384         91         28          0       3695   blue_teeth.o
       124         10          0          0          0     426441   delay.o
        92          4          0          0          0        798   dma.o
       898         60          0          0          0       5235   eeprom.o
        36          8          0          0          0        587   encoder.o
       616         70          0         40          0       1500   exit.o
       276         22          0          0          0       1039   gpio.o
       288          0          0          0          0       5986   i2c.o
      3376        180        156         53          0      22276   inv_mpu.o
      1930        104       3062          0         16      18277   inv_mpu_dmp_motion_driver.o
       306         58          0          0          0       2152   main.o
       600          6          0          1          0       7192   mpu6050.o
       534         38          0          0          0       5917   mpuiic.o
      1284        132       2072       1448          0       8672   oled.o
       318         34          0          4         96       3408   pid.o
       220         22          0          2          0       1359   pwm.o
        36          8        236          0       1024        812   startup_stm32f103xb.o
       128         24          0         12          0       5361   stm32f1xx_hal.o
       198         14          0          0          0      28995   stm32f1xx_hal_cortex.o
       818         36          0          0          0       6180   stm32f1xx_hal_dma.o
       524         40          0          0          0       4154   stm32f1xx_hal_gpio.o
        60          8          0          0          0        890   stm32f1xx_hal_msp.o
      1272        100          0          0          0       5244   stm32f1xx_hal_rcc.o
      1738         60          0          0          0      15480   stm32f1xx_hal_tim.o
       188         12          0          0          0       2140   stm32f1xx_hal_tim_ex.o
      2040         38          0          0          0      16390   stm32f1xx_hal_uart.o
       130         32          0          0          0       7265   stm32f1xx_it.o
         2          0         24          4          0       1143   system_stm32f1xx.o
       836         76          0          0        288       5177   tim.o
        68         12          0          3          0        798   ultra.o
      1462        134          0          8        920      10893   usart.o

    ----------------------------------------------------------------------
     21536       1726       5680       1608       2344     625456   Object Totals
         0          0         32          0          0          0   (incl. Generated)
        54          0          7          5          0          0   (incl. Padding)

    ----------------------------------------------------------------------

      Code (inc. data)   RO Data    RW Data    ZI Data      Debug   Library Member Name

       624         52         80          0          0        168   asin.o
       544         70        152          0          0        124   atan.o
       384         38          0          0          0        144   atan2.o
        38          6          0          0          0        272   dunder.o
        40          0          0          0          0         68   fpclassify.o
       170          0          0          0          0         96   poly.o
         0          0          8          0          0          0   qnan.o
        76          0          0          0          0         84   sqrt.o
        94          0          0          0          0          0   __dclz77c.o
         0          0          0          0          0          0   entry.o
         0          0          0          0          0          0   entry10a.o
         0          0          0          0          0          0   entry11a.o
         8          4          0          0          0          0   entry2.o
         4          0          0          0          0          0   entry5.o
         0          0          0          0          0          0   entry7b.o
         0          0          0          0          0          0   entry8b.o
         8          4          0          0          0          0   entry9a.o
        12          6          0          4          0         68   errno.o
        30          0          0          0          0          0   handlers.o
        36          8          0          0          0         68   init.o
         0          0          0          0          0          0   iusefp.o
        30          0          0          0          0         68   llshl.o
        36          0          0          0          0         68   llsshr.o
        32          0          0          0          0         68   llushr.o
        26          0          0          0          0         80   memcmp.o
        36          0          0          0          0        108   memseta.o
      2324         94          0          0          0        600   printfa.o
         0          0          0          4          0          0   stdout.o
        14          0          0          0          0         68   strlen.o
        44          0          0          0          0         80   uidiv.o
        98          0          0          0          0         92   uldiv.o
        48          0          0          0          0         68   cdrcmple.o
        20          0          0          0          0         68   cfcmple.o
        56          0          0          0          0         88   d2f.o
       334          0          0          0          0        148   dadd.o
       222          0          0          0          0        100   ddiv.o
       186          0          0          0          0        176   depilogue.o
        48          0          0          0          0         68   dfixul.o
        34          0          0          0          0         76   dflti.o
       228          0          0          0          0         96   dmul.o
        46          0          0          0          0         80   dscalb.o
       162          0          0          0          0        100   dsqrt.o
        38          0          0          0          0         68   f2d.o
       176          0          0          0          0        140   fadd.o
       124          0          0          0          0         88   fdiv.o
       110          0          0          0          0        168   fepilogue.o
        50          0          0          0          0         68   ffixi.o
        40          0          0          0          0         68   ffixui.o
        18          0          0          0          0         68   fflti.o
        10          0          0          0          0         68   ffltui.o
       100          0          0          0          0         76   fmul.o
        24          0          0          0          0         68   fscalb.o

    ----------------------------------------------------------------------
      6788        282        240          8          0       4272   Library Totals
         6          0          0          0          0          0   (incl. Padding)

    ----------------------------------------------------------------------

      Code (inc. data)   RO Data    RW Data    ZI Data      Debug   Library Name

      1876        166        240          0          0        956   m_ws.l
      2832        116          0          8          0       1368   mc_w.l
      2074          0          0          0          0       1948   mf_w.l

    ----------------------------------------------------------------------
      6788        282        240          8          0       4272   Library Totals

    ----------------------------------------------------------------------

==============================================================================


      Code (inc. data)   RO Data    RW Data    ZI Data      Debug   

     28324       2008       5920       1616       2344     616804   Grand Totals
     28324       2008       5920        604       2344     616804   ELF Image Totals (compressed)
     28324       2008       5920        604          0          0   ROM Totals

==============================================================================

    Total RO  Size (Code + RO Data)                34244 (  33.44kB)
    Total RW  Size (RW Data + ZI Data)              3960 (   3.87kB)
    Total ROM Size (Code + RO Data + RW Data)      34848 (  34.03kB)

==============================================================================

